12-06 02:40:42.210  1241  2294 W GLSUser : 	at java.lang.Thread.run(Thread.java:923)
12-06 02:40:42.342   208   208 E SELinux : avc:  denied  { find } for pid=22814 uid=2000 name=car_service scontext=u:r:shell:s0 tcontext=u:object_r:default_android_service:s0 tclass=service_manager permissive=0
12-06 02:40:42.343 22814 22814 W cmd     : Can't find service car_service
12-06 02:40:42.566 22423 22514 I Corona  : end insert obb 	6375.223
12-06 02:40:42.568 22423 22514 I Corona  : change update cdn url to: 	https://hwsj-res.clktec.com/update/2.8/patchListen.json?2020120632
12-06 02:40:42.568 22423 22514 I Corona  : begin getNetInfo 	6377.795
12-06 02:40:42.569 22423 22514 I Corona  : DEBUG: network: network.request() - thread: 680
12-06 02:40:42.570 22423 22514 I Corona  : DEBUG: network: network.request() - luaState 481770d
12-06 02:40:42.570 22423 22514 I Corona  : DEBUG: network: Request timeout provided, was: 5
12-06 02:40:42.571 22423 22818 I Corona  : DEBUG: network: Network request: 
12-06 02:40:42.572 22423 22818 I Corona  : DEBUG: network: Opening connection to: https://hwsj-res.clktec.com/update/2.8/patchListen.json?2020120632
12-06 02:40:42.572 22423 22818 I Corona  : DEBUG: network: Waiting for response code (https://hwsj-res.clktec.com/update/2.8/patchListen.json?2020120632)
12-06 02:40:42.646 22423 22818 I Corona  : DEBUG: network: Got response code 200 (https://hwsj-res.clktec.com/update/2.8/patchListen.json?2020120632)
12-06 02:40:42.647 22423 22818 I Corona  : DEBUG: network: Looking for embedded encoding in content: <BODY>{"minVersion":2.8,"cryptoType":2,"sdkUpdate":[],"subversion":1607156217,"banRetails":{"1":[],"2":[],"3":[],"20":[],"7":[],"152":[],"12":[],"153":[],"151":[],"137":[]},"version":2.8,"isMust":false,"res":{"2.802":[{"hash":"99882c40f81e0a910492af2415c7b8af8470890f","fileName":"assets#unpack#bg#alliance_carnival#bg_1.jpg","imgInfo":"_SNPh6hJssJt1Tg89sTE2itKjvNT8gadNLZKTi7iY_s96EwYL56HWBX6SPzH84OcW1akb89irCMY1Fo9GShCeckycTrvjz58_5xsE5IWe5YBN05QL1hAj4q2cNu2hBQH"},{"hash":"6fc3bf36edb13936bd9e25f8f70b93b9676c5d63","fileName":"assets#unpack#bg#alliance_carnival#bg_2.jpg","imgInfo":"_SNPh6hJssJt1Tg89sTE2itKjvNT8gadNLZKTi7iY_vWZjs1FZgnl1jSCOF_EhT0gRZQefdjLnFfpg6QjA6tMSoPsLShT-UFyVI4H44JgPz5MbD_KNh5bAQ4vEcJI3nb"},{"hash":"619e48233189e486f3fb467919e30b23fee90708","fileName":"assets#unpack#bg#alliance_carnival#bg_3.jpg","imgInfo":"_SNPh6hJssJt1Tg89sTE2itKjvNT8gadNLZKTi7iY_tz9LhFnBKJBzfH1RnXiXmf4JMWe1E80Omc9svrVuQIpM9YUqEIhK20T6o0kftgFHzJFfJkpJ</BODY>
12-06 02:40:42.647 22423 22818 I Corona  : DEBUG: network: Writing implicit charset debug
12-06 02:40:42.647 22423 22818 I Corona  : DEBUG: network: Response content was text, to be decoded with: UTF-8
12-06 02:40:42.654 22423 22818 I Corona  : DEBUG: network: Posting callback CoronaRuntimeTask to Corona thread
12-06 02:40:42.665 22423 22514 I Corona  : DEBUG: network: Executing callback - thread: 680
12-06 02:40:42.665 22423 22514 I Corona  : DEBUG: network: Executing callback - runtime luaState: 481770d
12-06 02:40:42.665 22423 22514 I Corona  : DEBUG: network: Calling Lua callback
12-06 02:40:42.665 22423 22514 I Corona  : DEBUG: network: Processing header: HTTP-STATUS-LINE
12-06 02:40:42.666 22423 22514 I Corona  : DEBUG: network: Processing header: Accept-Ranges
12-06 02:40:42.666 22423 22514 I Corona  : DEBUG: network: Processing header: Age
12-06 02:40:42.666 22423 22514 I Corona  : DEBUG: network: Processing header: Ali-Swift-Global-Savetime
12-06 02:40:42.666 22423 22514 I Corona  : DEBUG: network: Processing header: Connection
12-06 02:40:42.666 22423 22514 I Corona  : DEBUG: network: Processing header: Content-MD5
12-06 02:40:42.666 22423 22514 I Corona  : DEBUG: network: Processing header: Content-Type
12-06 02:40:42.666 22423 22514 I Corona  : DEBUG: network: Processing header: Date
12-06 02:40:42.666 22423 22514 I Corona  : DEBUG: network: Processing header: EagleId
12-06 02:40:42.666 22423 22514 I Corona  : DEBUG: network: Processing header: ETag
12-06 02:40:42.667 22423 22514 I Corona  : DEBUG: network: Processing header: Last-Modified
12-06 02:40:42.667 22423 22514 I Corona  : DEBUG: network: Processing header: Server
12-06 02:40:42.667 22423 22514 I Corona  : DEBUG: network: Processing header: Timing-Allow-Origin
12-06 02:40:42.667 22423 22514 I Corona  : DEBUG: network: Processing header: Vary
12-06 02:40:42.667 22423 22514 I Corona  : DEBUG: network: Processing header: Via
12-06 02:40:42.667 22423 22514 I Corona  : DEBUG: network: Processing header: X-Android-Received-Millis
12-06 02:40:42.667 22423 22514 I Corona  : DEBUG: network: Processing header: X-Android-Response-Source
12-06 02:40:42.667 22423 22514 I Corona  : DEBUG: network: Processing header: X-Android-Selected-Protocol
12-06 02:40:42.667 22423 22514 I Corona  : DEBUG: network: Processing header: X-Android-Sent-Millis
12-06 02:40:42.667 22423 22514 I Corona  : DEBUG: network: Processing header: X-Cache
12-06 02:40:42.668 22423 22514 I Corona  : DEBUG: network: Processing header: x-oss-cdn-auth
12-06 02:40:42.668 22423 22514 I Corona  : DEBUG: network: Processing header: x-oss-hash-crc64ecma
12-06 02:40:42.668 22423 22514 I Corona  : DEBUG: network: Processing header: x-oss-object-type
12-06 02:40:42.668 22423 22514 I Corona  : DEBUG: network: Processing header: x-oss-request-id
12-06 02:40:42.668 22423 22514 I Corona  : DEBUG: network: Processing header: x-oss-server-time
12-06 02:40:42.668 22423 22514 I Corona  : DEBUG: network: Processing header: x-oss-storage-class
12-06 02:40:42.668 22423 22514 I Corona  : DEBUG: network: Processing header: X-Swift-CacheTime
12-06 02:40:42.668 22423 22514 I Corona  : DEBUG: network: Processing header: X-Swift-SaveTime
12-06 02:40:42.669 22423 22514 I Corona  : ends getNetInfo 	6478.351
12-06 02:40:42.669 22423 22514 I Corona  : begin decode serverList 	6478.501
12-06 02:40:42.672 22423 22514 I Corona  : end decode serverList 	6481.174
12-06 02:40:42.672 22423 22514 I Corona  : beign readPatchList check hash	6481.628
12-06 02:40:42.674 22423 22514 I Corona  : verifyFile read filepatcher/lastPCfg_newhash
12-06 02:40:42.677 22423 22514 I Corona  : hashStr = 	551365b0fee85b3c541bccb7356d8c849f0cecb7
12-06 02:40:42.677 22423 22514 I Corona  : realHash = 	551365b0fee85b3c541bccb7356d8c849f0cecb7
12-06 02:40:42.677 22423 22514 I Corona  : patcher/lastPCfg_new verifyFile true!
12-06 02:40:42.680 22423 22514 I Corona  : end readPatchList check hash	6489.302
12-06 02:40:42.680 22423 22514 I Corona  : beign readPatchList check hash	6489.465
12-06 02:40:42.680 22423 22514 I Corona  : verifyFile read filepatcher/lastPCfg_newhash
12-06 02:40:42.681 22423 22514 I Corona  : hashStr = 	551365b0fee85b3c541bccb7356d8c849f0cecb7
12-06 02:40:42.681 22423 22514 I Corona  : realHash = 	551365b0fee85b3c541bccb7356d8c849f0cecb7
12-06 02:40:42.681 22423 22514 I Corona  : patcher/lastPCfg_new verifyFile true!
12-06 02:40:42.684 22423 22514 I Corona  : end readPatchList check hash	6493.605
12-06 02:40:42.689 22423 22514 I Corona  : begin get local patcher list 	6498.153
12-06 02:40:42.818 22423 22514 I Corona  : end get local patcher list 	6627.295
12-06 02:40:42.830 22423 22514 I Corona  : createHashFile = 	551365b0fee85b3c541bccb7356d8c849f0cecb7
12-06 02:40:42.830 22423 22514 I Corona  : beign readPatchList check hash	6639.49
12-06 02:40:42.830 22423 22514 I Corona  : verifyFile read filepatcher/lastPCfg_newhash
12-06 02:40:42.835 22423 22514 I Corona  : hashStr = 	551365b0fee85b3c541bccb7356d8c849f0cecb7
12-06 02:40:42.835 22423 22514 I Corona  : realHash = 	551365b0fee85b3c541bccb7356d8c849f0cecb7
12-06 02:40:42.835 22423 22514 I Corona  : patcher/lastPCfg_new verifyFile true!
12-06 02:40:42.837 22423 22514 I Corona  : end readPatchList check hash	6647.032
12-06 02:40:42.838 22423 22514 I Corona  : end update	6647.403
12-06 02:40:42.838 22423 22514 I Corona  : tttttttttttttttt	1
12-06 02:40:42.861 22423 22514 I Corona  : verifyFile read filegLocalConfig.datahash
12-06 02:40:42.862 22423 22514 I Corona  : hashStr = 	e241f086029f6ffaea4a11a8d8d608259ce8eb5f
12-06 02:40:42.862 22423 22514 I Corona  : realHash = 	e241f086029f6ffaea4a11a8d8d608259ce8eb5f
12-06 02:40:42.862 22423 22514 I Corona  : gLocalConfig.data verifyFile true!
12-06 02:40:43.105 22423 22514 I Corona  : createHashFile = 	4d2bd7ad86393582894a1f0e84f37a18700e9dcf
12-06 02:40:43.115 22423 22514 I SoundDecoder: ALL MPG123 DECODERS:
12-06 02:40:43.116 22423 22514 I SoundDecoder:  generic
12-06 02:40:43.116 22423 22514 I SoundDecoder: 
12-06 02:40:43.116 22423 22514 I SoundDecoder: SUPPORTED MPG123 DECODERS:
12-06 02:40:43.116 22423 22514 I SoundDecoder:  generic
12-06 02:40:43.116 22423 22514 I SoundDecoder: 
12-06 02:40:43.116 22423 22514 D openal  : AL lib: alc_initconfig: Initializing library v1.19.1-unknown UNKNOWN
12-06 02:40:43.117 22423 22514 D openal  : AL lib: alc_initconfig: Supported backends: opensl, null, wave
12-06 02:40:43.117 22423 22514 D openal  : AL lib: ReadALConfig: Loading config /etc/openal/alsoft.conf...
12-06 02:40:43.117 22423 22514 D openal  : AL lib: ReadALConfig: Loading config /etc/xdg/alsoft.conf...
12-06 02:40:43.118 22423 22514 D openal  : AL lib: GetProcBinary: Got: /system/bin/arm, app_process
12-06 02:40:43.118 22423 22514 D openal  : AL lib: ReadALConfig: Loading config /system/bin/arm/alsoft.conf...
12-06 02:40:43.119 22423 22514 D openal  : AL lib: GetConfigValue: Key disable-cpu-exts not found
12-06 02:40:43.119 22423 22514 D openal  : AL lib: FillCPUCaps: Got features string:neon vfp swp half thumb fastmult edsp vfpv3 vfpv4 idiva idivt
12-06 02:40:43.119 22423 22514 D openal  : 
12-06 02:40:43.120 22423 22514 D openal  : AL lib: FillCPUCaps: Extensions: +NEON
12-06 02:40:43.120 22423 22514 D openal  : AL lib: GetConfigValue: Key rt-prio not found
12-06 02:40:43.120 22423 22514 D openal  : AL lib: GetConfigValue: Key resampler not found
12-06 02:40:43.120 22423 22514 D openal  : AL lib: GetConfigValue: Key trap-al-error not found
12-06 02:40:43.121 22423 22514 D openal  : AL lib: GetConfigValue: Key trap-alc-error not found
12-06 02:40:43.121 22423 22514 D openal  : AL lib: GetConfigValue: Key reverb/boost not found
12-06 02:40:43.121 22423 22514 D openal  : AL lib: GetConfigValue: Key drivers not found
12-06 02:40:43.121 22423 22514 D openal  : AL lib: operator(): Initialized backend "opensl"
12-06 02:40:43.121 22423 22514 D openal  : AL lib: operator(): Added "opensl" for playback
12-06 02:40:43.121 22423 22514 D openal  : AL lib: operator(): Added "opensl" for capture
12-06 02:40:43.121 22423 22514 D openal  : AL lib: GetConfigValue: Key excludefx not found
12-06 02:40:43.122 22423 22514 D openal  : AL lib: GetConfigValue: Key default-reverb not found
12-06 02:40:43.123 22423 22514 D openal  : AL lib: GetConfigValue: Key channels not found
12-06 02:40:43.124 22423 22514 D openal  : AL lib: GetConfigValue: Key sample-type not found
12-06 02:40:43.124 22423 22514 D openal  : AL lib: GetConfigValue: Key frequency not found
12-06 02:40:43.124 22423 22514 D openal  : AL lib: GetConfigValue: Key period_size not found
12-06 02:40:43.124 22423 22514 D openal  : AL lib: GetConfigValue: Key periods not found
12-06 02:40:43.124 22423 22514 D openal  : AL lib: GetConfigValue: Key sources not found
12-06 02:40:43.125 22423 22514 D openal  : AL lib: GetConfigValue: Key slots not found
12-06 02:40:43.125 22423 22514 D openal  : AL lib: GetConfigValue: Key sends not found
12-06 02:40:43.125 22423 22514 D openal  : AL lib: GetConfigValue: Key ambi-format not found
12-06 02:40:43.125 22423 22514 D openal  : AL lib: alcOpenDevice: Created device 0xe39c0020, "OpenSL"
12-06 02:40:43.126 22423 22514 D openal  : AL lib: GetConfigValue: Key hrtf not found
12-06 02:40:43.126 22423 22514 D openal  : AL lib: UpdateDeviceParams: Pre-reset: Stereo, Float, 44100hz, 882 / 2646 buffer
12-06 02:40:43.127 22423 22514 D com.dc.hwsj: PlayerBase::PlayerBase()
12-06 02:40:43.127 22423 22514 D com.dc.hwsj: TrackPlayerBase::TrackPlayerBase()
12-06 02:40:43.127 22423 22514 I libOpenSLES: Emulating old channel mask behavior (ignoring positional mask 0x3, using default mask 0x3 based on channel count of 2)
12-06 02:40:43.129   441 22074 W AudioFlinger: createTrack_l(): mismatch between requested flags (00000104) and output flags (00000002)
12-06 02:40:43.129   441 22074 D AudioFlinger: Client defaulted notificationFrames to 882 for frameCount 1956
12-06 02:40:43.130   441 22074 D AF::TrackHandle: OpPlayAudio: track:63 usage:1 not muted
12-06 02:40:43.132 22423 22514 D AudioTrack: createTrack_l(0): AUDIO_OUTPUT_FLAG_FAST denied by server; frameCount 0 -> 1956
12-06 02:40:43.133   470   607 D AudioAnalytics: gc(1700, 2000): log size:1700 item map size:11, item map items:1700
12-06 02:40:43.134 22423 22514 W openal  : AL lib: UpdateDeviceParams: NEON performs best with multiple of 4 update sizes (882)
12-06 02:40:43.135 22423 22514 D openal  : AL lib: UpdateDeviceParams: Post-reset: Stereo, Signed Short, 44100hz, 882 / 2646 buffer
12-06 02:40:43.135 22423 22514 D openal  : AL lib: GetConfigValue: Key stereo-mode not found
12-06 02:40:43.135 22423 22514 D openal  : AL lib: GetConfigValue: Key cf_level not found
12-06 02:40:43.135 22423 22514 D openal  : AL lib: GetConfigValue: Key stereo-encoding not found
12-06 02:40:43.135 22423 22514 D openal  : AL lib: aluInitRenderer: Stereo rendering
12-06 02:40:43.135 22423 22514 D openal  : AL lib: InitPanning: Enabling first-order ambisonic decoder
12-06 02:40:43.136 22423 22514 D openal  : AL lib: UpdateDeviceParams: Channel config, Main: 3, Real: 2
12-06 02:40:43.136 22423 22514 D openal  : AL lib: UpdateDeviceParams: Allocating 5 channels, 20480 bytes
12-06 02:40:43.136 22423 22514 D openal  : AL lib: UpdateDeviceParams: Max sources: 256 (255 + 1), effect slots: 64, sends: 2
12-06 02:40:43.136 22423 22514 D openal  : AL lib: GetConfigValue: Key dither not found
12-06 02:40:43.136 22423 22514 D openal  : AL lib: GetConfigValue: Key dither-depth not found
12-06 02:40:43.137 22423 22514 D openal  : AL lib: UpdateDeviceParams: Dithering enabled (16-bit, 32768)
12-06 02:40:43.137 22423 22514 D openal  : AL lib: GetConfigValue: Key output-limiter not found
12-06 02:40:43.137 22423 22514 D openal  : AL lib: UpdateDeviceParams: Output limiter enabled, -0.0005dB limit
12-06 02:40:43.137 22423 22514 D openal  : AL lib: UpdateDeviceParams: Fixed device latency: 997732ns
12-06 02:40:43.148 22423 22514 D openal  : AL lib: GetConfigValue: Key volume-adjust not found
12-06 02:40:43.151 22423 22514 D openal  : AL lib: alcCreateContext: Created context 0xeb55b730
12-06 02:40:43.166   441 22074 W APM::AudioPolicyEngine: getDevicesForStrategy() unknown strategy: -1
12-06 02:40:43.166   441 22074 W APM::AudioPolicyEngine: getDevicesForStrategy() unknown strategy: -1
12-06 02:40:43.166   568   970 I system_server: oneway function results will be dropped but finished with status OK and parcel size 4
12-06 02:40:43.166   568   970 I chatty  : uid=1000(system) Binder:568_7 identical 1 line
12-06 02:40:43.167   568   970 I system_server: oneway function results will be dropped but finished with status OK and parcel size 4
12-06 02:40:43.228   441   510 D AudioFlinger: mixer(0xebb14030) throttle end: throttle time(11)
12-06 02:40:43.239   568   597 W BroadcastQueue: Background execution not allowed: receiving Intent { act=android.intent.action.DROPBOX_ENTRY_ADDED flg=0x10 (has extras) } to com.google.android.gms/.stats.service.DropBoxEntryAddedReceiver
12-06 02:40:43.239   568   597 W BroadcastQueue: Background execution not allowed: receiving Intent { act=android.intent.action.DROPBOX_ENTRY_ADDED flg=0x10 (has extras) } to com.google.android.gms/.chimera.GmsIntentOperationService$PersistentTrustedReceiver
12-06 02:40:43.249 22423 22820 D com.dc.hwsj: PlayerBase::stop() from IPlayer
12-06 02:40:43.250 22423 22820 D AudioTrack: stop(23): called with 4410 frames delivered
12-06 02:40:43.251   441   510 D AudioFlinger: mixer(0xebb14030) throttle end: throttle time(11)
12-06 02:40:43.254 22423 22820 D com.dc.hwsj: PlayerBase::stop() from IPlayer
12-06 02:40:43.254 22423 22820 D AudioTrack: stop(23): called with 882 frames delivered
12-06 02:40:43.256 22423 22514 I Corona  : get old offGameAnnounce
12-06 02:40:43.260 22423 22514 I Corona  : offGameAnnounce	https://hwsj-yy.9longegame.com/dc_gc/offical/notice/out_game_notice/1020_2_en.json?7069461
12-06 02:40:43.269 22423 22514 I Corona  : DEBUG: network: network.request() - thread: 680
12-06 02:40:43.269 22423 22514 I Corona  : DEBUG: network: network.request() - luaState 481770d
12-06 02:40:43.269 22423 22514 I Corona  : DEBUG: network: Request timeout provided, was: 3
12-06 02:40:43.271 22423 22829 I Corona  : DEBUG: network: Network request: 
12-06 02:40:43.271 22423 22829 I Corona  : DEBUG: network: Opening connection to: https://hwsj-yy.9longegame.com/dc_gc/offical/notice/out_game_notice/1020_2_en.json?7069610
12-06 02:40:43.271 22423 22829 I Corona  : DEBUG: network: Waiting for response code (https://hwsj-yy.9longegame.com/dc_gc/offical/notice/out_game_notice/1020_2_en.json?7069610)
12-06 02:40:43.272 22423 22514 I Corona  : DEBUG: network: Unregistering callback after call
12-06 02:40:43.299 22423 22820 D com.dc.hwsj: PlayerBase::stop() from IPlayer
12-06 02:40:43.299 22423 22820 D AudioTrack: stop(23): called with 3528 frames delivered
12-06 02:40:43.316   441   494 W APM::AudioPolicyEngine: getDevicesForStrategy() unknown strategy: -1
12-06 02:40:43.316   441   494 W APM::AudioPolicyEngine: getDevicesForStrategy() unknown strategy: -1
12-06 02:40:43.316   568  1203 I system_server: oneway function results will be dropped but finished with status OK and parcel size 4
12-06 02:40:43.322   441 22074 W APM::AudioPolicyEngine: getDevicesForStrategy() unknown strategy: -1
12-06 02:40:43.322   441 22074 W APM::AudioPolicyEngine: getDevicesForStrategy() unknown strategy: -1
12-06 02:40:43.323   568  1140 I system_server: oneway function results will be dropped but finished with status OK and parcel size 4
12-06 02:40:43.331 22423 22820 D com.dc.hwsj: PlayerBase::stop() from IPlayer
12-06 02:40:43.332 22423 22820 D AudioTrack: stop(23): called with 882 frames delivered
12-06 02:40:43.338   208   208 E SELinux : avc:  denied  { find } for pid=22833 uid=2000 name=car_service scontext=u:r:shell:s0 tcontext=u:object_r:default_android_service:s0 tclass=service_manager permissive=0
12-06 02:40:43.338 22833 22833 W cmd     : Can't find service car_service
12-06 02:40:43.359   441   510 D AudioFlinger: mixer(0xebb14030) throttle end: throttle time(56)
12-06 02:40:43.542   331  4808 W android.hardware.audio.service.ranchu: TinyalsaSink::write:125 pcm_write was late reading frames, dropping 22131 us of audio
12-06 02:40:44.211   331  4808 I chatty  : uid=1041(audioserver) audio.service.r identical 23 lines
12-06 02:40:44.223   331  4808 W android.hardware.audio.service.ranchu: TinyalsaSink::write:125 pcm_write was late reading frames, dropping 22131 us of audio
12-06 02:40:44.241   516   516 E netmgr  : qemu_pipe_open_ns:62: Could not connect to the 'pipe:qemud:network' service: Invalid argument
12-06 02:40:44.241   516   516 E netmgr  : Failed to open QEMU pipe 'qemud:network': Invalid argument
12-06 02:40:44.250   331  4808 W android.hardware.audio.service.ranchu: TinyalsaSink::write:125 pcm_write was late reading frames, dropping 22131 us of audio
12-06 02:40:44.304   331  4808 I chatty  : uid=1041(audioserver) audio.service.r identical 2 lines
12-06 02:40:44.325   331  4808 W android.hardware.audio.service.ranchu: TinyalsaSink::write:125 pcm_write was late reading frames, dropping 22131 us of audio
12-06 02:40:44.332   208   208 E SELinux : avc:  denied  { find } for pid=22839 uid=2000 name=car_service scontext=u:r:shell:s0 tcontext=u:object_r:default_android_service:s0 tclass=service_manager permissive=0
12-06 02:40:44.332 22839 22839 W cmd     : Can't find service car_service
12-06 02:40:44.340   331  4808 W android.hardware.audio.service.ranchu: TinyalsaSink::write:125 pcm_write was late reading frames, dropping 22131 us of audio
12-06 02:40:45.307   331  4808 I chatty  : uid=1041(audioserver) audio.service.r identical 32 lines
12-06 02:40:45.320   331  4808 W android.hardware.audio.service.ranchu: TinyalsaSink::write:125 pcm_write was late reading frames, dropping 22131 us of audio
12-06 02:40:45.338   208   208 E SELinux : avc:  denied  { find } for pid=22845 uid=2000 name=car_service scontext=u:r:shell:s0 tcontext=u:object_r:default_android_service:s0 tclass=service_manager permissive=0
12-06 02:40:45.339 22845 22845 W cmd     : Can't find service car_service
12-06 02:40:45.381   331  4808 W android.hardware.audio.service.ranchu: TinyalsaSink::write:125 pcm_write was late reading frames, dropping 22131 us of audio
12-06 02:40:45.752   331  4808 I chatty  : uid=1041(audioserver) audio.service.r identical 13 lines
12-06 02:40:45.776   331  4808 W android.hardware.audio.service.ranchu: TinyalsaSink::write:125 pcm_write was late reading frames, dropping 22131 us of audio
12-06 02:40:45.786   520   520 E wifi_forwarder: qemu_pipe_open_ns:62: Could not connect to the 'pipe:qemud:wififorward' service: Invalid argument
12-06 02:40:45.786   520   520 E wifi_forwarder: RemoteConnection failed to initialize: RemoteConnection failed to open pipe
12-06 02:40:45.803   331  4808 W android.hardware.audio.service.ranchu: TinyalsaSink::write:125 pcm_write was late reading frames, dropping 22131 us of audio
12-06 02:40:46.293   331  4808 I chatty  : uid=1041(audioserver) audio.service.r identical 18 lines
12-06 02:40:46.305   331  4808 W android.hardware.audio.service.ranchu: TinyalsaSink::write:125 pcm_write was late reading frames, dropping 22131 us of audio
12-06 02:40:46.341   208   208 E SELinux : avc:  denied  { find } for pid=22860 uid=2000 name=car_service scontext=u:r:shell:s0 tcontext=u:object_r:default_android_service:s0 tclass=service_manager permissive=0
12-06 02:40:46.341 22860 22860 W cmd     : Can't find service car_service
12-06 02:40:46.367   331  4808 W android.hardware.audio.service.ranchu: TinyalsaSink::write:125 pcm_write was late reading frames, dropping 22131 us of audio
12-06 02:40:46.875   331  4808 I chatty  : uid=1041(audioserver) audio.service.r identical 21 lines
12-06 02:40:46.886   331  4808 W android.hardware.audio.service.ranchu: TinyalsaSink::write:125 pcm_write was late reading frames, dropping 22131 us of audio
12-06 02:40:46.904 22423 22829 I Corona  : DEBUG: network: Got response code 404 (https://hwsj-yy.9longegame.com/dc_gc/offical/notice/out_game_notice/1020_2_en.json?7069610)
12-06 02:40:46.906 22423 22829 I Corona  : DEBUG: network: Looking for embedded encoding in content: <BODY><?xml version="1.0" encoding="UTF-8"?>
12-06 02:40:46.906 22423 22829 I Corona  : <Error>
12-06 02:40:46.906 22423 22829 I Corona  :   <Code>NoSuchKey</Code>
12-06 02:40:46.906 22423 22829 I Corona  :   <Message>The specified key does not exist.</Message>
12-06 02:40:46.906 22423 22829 I Corona  :   <RequestId>5FCC1A812AA2533833F968C0</RequestId>
12-06 02:40:46.906 22423 22829 I Corona  :   <HostId>hwsj-platform.oss-eu-central-1.aliyuncs.com</HostId>
12-06 02:40:46.906 22423 22829 I Corona  :   <Key>dc_gc/offical/notice/out_game_notice/1020_2_en.json</Key>
12-06 02:40:46.906 22423 22829 I Corona  : </Error>
12-06 02:40:46.906 22423 22829 I Corona  : </BODY>
12-06 02:40:46.907 22423 22829 I Corona  : DEBUG: network: Found charset in XML meta header encoding attribute: UTF-8
12-06 02:40:46.907 22423 22829 I Corona  : DEBUG: network: Writing content charset debug
12-06 02:40:46.907 22423 22829 I Corona  : DEBUG: network: Response content was text, to be decoded with: UTF-8
12-06 02:40:46.909 22423 22829 I Corona  : DEBUG: network: Posting callback CoronaRuntimeTask to Corona thread
12-06 02:40:46.915 22423 22514 I Corona  : DEBUG: network: Executing callback - thread: 680
12-06 02:40:46.915 22423 22514 I Corona  : DEBUG: network: Executing callback - runtime luaState: 481770d
12-06 02:40:46.915 22423 22514 I Corona  : DEBUG: network: Calling Lua callback
12-06 02:40:46.915 22423 22514 I Corona  : DEBUG: network: Processing header: HTTP-STATUS-LINE
12-06 02:40:46.916 22423 22514 I Corona  : DEBUG: network: Processing header: Ali-Swift-Global-Savetime
12-06 02:40:46.916 22423 22514 I Corona  : DEBUG: network: Processing header: Connection
12-06 02:40:46.916 22423 22514 I Corona  : DEBUG: network: Processing header: Content-Length
12-06 02:40:46.916 22423 22514 I Corona  : DEBUG: network: Processing header: Content-Type
12-06 02:40:46.916 22423 22514 I Corona  : DEBUG: network: Processing header: Date
12-06 02:40:46.916 22423 22514 I Corona  : DEBUG: network: Processing header: EagleId
12-06 02:40:46.916 22423 22514 I Corona  : DEBUG: network: Processing header: Server
12-06 02:40:46.916 22423 22514 I Corona  : DEBUG: network: Processing header: Timing-Allow-Origin
12-06 02:40:46.916 22423 22514 I Corona  : DEBUG: network: Processing header: Via
12-06 02:40:46.916 22423 22514 I Corona  : DEBUG: network: Processing header: X-Android-Received-Millis
12-06 02:40:46.917 22423 22514 I Corona  : DEBUG: network: Processing header: X-Android-Response-Source
12-06 02:40:46.917 22423 22514 I Corona  : DEBUG: network: Processing header: X-Android-Selected-Protocol
12-06 02:40:46.917 22423 22514 I Corona  : DEBUG: network: Processing header: X-Android-Sent-Millis
12-06 02:40:46.917 22423 22514 I Corona  : DEBUG: network: Processing header: X-Cache
12-06 02:40:46.917 22423 22514 I Corona  : DEBUG: network: Processing header: x-oss-cdn-auth
12-06 02:40:46.917 22423 22514 I Corona  : DEBUG: network: Processing header: x-oss-request-id
12-06 02:40:46.917 22423 22514 I Corona  : DEBUG: network: Processing header: x-oss-server-time
12-06 02:40:46.917 22423 22514 I Corona  : DEBUG: network: Processing header: X-Swift-CacheTime
12-06 02:40:46.917 22423 22514 I Corona  : DEBUG: network: Processing header: X-Swift-Error
12-06 02:40:46.917 22423 22514 I Corona  : DEBUG: network: Processing header: X-Swift-SaveTime
12-06 02:40:46.920   470   606 D AudioAnalytics: gc(1700, 2000): log size:1700 item map size:10, item map items:1700
12-06 02:40:46.936   331  4808 W android.hardware.audio.service.ranchu: TinyalsaSink::write:125 pcm_write was late reading frames, dropping 22131 us of audio
12-06 02:40:46.962 22423 22514 I System.out: getDeviceId: BaseInfo.deviceId.equals
12-06 02:40:46.962   331  4808 W android.hardware.audio.service.ranchu: TinyalsaSink::write:125 pcm_write was late reading frames, dropping 22131 us of audio
12-06 02:40:46.962 22423 22514 I System.out: getDeviceId: fa79a2ce76a0b8be
12-06 02:40:46.964 22423 22514 I Corona  : sdks http: 	https://hwsj-eu-3.9longe.net/frontend/distribute
12-06 02:40:46.964 22423 22514 I Corona  : DEBUG: network: network.request() - thread: 680
12-06 02:40:46.964 22423 22514 I Corona  : DEBUG: network: network.request() - luaState 481770d
12-06 02:40:46.964 22423 22514 I Corona  : DEBUG: network: Header - X-Client-ID: c2486d640d42f0df223dea6c350d9994
12-06 02:40:46.964 22423 22514 I Corona  : DEBUG: network: Header - App-Key: bidke6c1fl2gorp69mmg
12-06 02:40:46.964 22423 22864 I BOB     : real update local price
12-06 02:40:46.964 22423 22514 I Corona  : DEBUG: network: Header - Content-Type: application/json
12-06 02:40:46.965 22423 22864 W System.err: java.lang.NullPointerException: Attempt to invoke interface method 'android.os.Bundle com.android.vending.billing.IInAppBillingService.getSkuDetails(int, java.lang.String, java.lang.String, android.os.Bundle)' on a null object reference
12-06 02:40:46.965 22423 22864 W System.err: 	at com.longe9.google.util.IabHelper.queryAllSkuDetails(IabHelper.java:1015)
12-06 02:40:46.965 22423 22864 W System.err: 	at com.dc.hwsj.LocalPriceManager.getLocalPriceMap(LocalPriceManager.java:150)
12-06 02:40:46.965 22423 22514 I Corona  : DEBUG: network: Header - Logical-Region-Id: 1020
12-06 02:40:46.965 22423 22864 W System.err: 	at com.dc.hwsj.LocalPriceManager.access$000(LocalPriceManager.java:17)
12-06 02:40:46.965 22423 22864 W System.err: 	at com.dc.hwsj.LocalPriceManager$1.run(LocalPriceManager.java:110)
12-06 02:40:46.965 22423 22514 I Corona  : DEBUG: network: Header - Retail-Id: 2
12-06 02:40:46.965 22423 22514 I Corona  : DEBUG: network: Request body from String (text)
12-06 02:40:46.965 22423 22864 W System.err: 	at java.lang.Thread.run(Thread.java:923)
12-06 02:40:46.966 22423 22514 I Corona  : DEBUG: network: Unregistering callback after call
12-06 02:40:46.966 22423 22865 I Corona  : DEBUG: network: Network request: 
12-06 02:40:46.966 22423 22865 I Corona  : DEBUG: network: Opening connection to: https://hwsj-eu-3.9longe.net/frontend/distribute
12-06 02:40:46.966 22423 22865 I Corona  : DEBUG: network: Content-Type header value for POST/PUT is: application/json
12-06 02:40:46.966 22423 22865 I Corona  : DEBUG: network: Adding default charset to Content-Type header: application/json; charset=UTF-8
12-06 02:40:46.966 22423 22865 I Corona  : DEBUG: network: Request body is text from Lua string (requestBodyCharset: UTF-8)
12-06 02:40:46.966 22423 22865 I Corona  : DEBUG: network: Request body size: 222
12-06 02:40:47.002   331  4808 W android.hardware.audio.service.ranchu: TinyalsaSink::write:125 pcm_write was late reading frames, dropping 22131 us of audio
12-06 02:40:47.014 22423 22865 I Corona  : DEBUG: network: Waiting for response code (https://hwsj-eu-3.9longe.net/frontend/distribute)
12-06 02:40:47.037   331  4808 W android.hardware.audio.service.ranchu: TinyalsaSink::write:125 pcm_write was late reading frames, dropping 22131 us of audio
12-06 02:40:47.064   331  4808 W android.hardware.audio.service.ranchu: TinyalsaSink::write:125 pcm_write was late reading frames, dropping 22131 us of audio
12-06 02:40:47.066 22423 22865 I Corona  : DEBUG: network: Got response code 200 (https://hwsj-eu-3.9longe.net/frontend/distribute)
12-06 02:40:47.067 22423 22865 I Corona  : DEBUG: network: Looking for embedded encoding in content: <BODY>{"data":"{\"Root\":{\"sersocketport\":0,\"noticeurl\":\"\",\"qq\":\"\",\"connect\":\"\",\"switch\":\"1000000000000\",\"sernoticeurl\":\"\",\"ossUrl\":\"\",\"sersocketip\":\"\",\"version\":\"[2.8]\",\"updateurl\":\"https://play.google.com/store/apps/details?id=com.dc.hwsj\",\"noticestate\":0,\"syncurl\":\"\",\"tokenurl\":\"\",\"servers\":[{\"newserver\":0,\"id\":\"1\",\"noticeurl\":\" http://hwsjyy.dianchu.net/api/operation/notice_manage/out_notice_data\",\"ZoneId\":\"1\",\"mergeIds\":\"[]\",\"testShowVer\":0,\"socket\":{\"server\":\"hwsj-push.9longegame.com\",\"port\":8889},\"state\":1,\"http\":\"https://hwsj-frontend.9longegame.com:8888/frontend\",\"noticestate\":1,\"auditServer\":\"0\",\"priority\":1,\"random\":0,\"grpc\":{\"server\":\"\",\"port\":0},\"name\":\"������������\",\"connecttype\":1}],\"auditcontrol\":fa</BODY>
12-06 02:40:47.067 22423 22865 I Corona  : DEBUG: network: Writing implicit charset debug
12-06 02:40:47.067 22423 22865 I Corona  : DEBUG: network: Response content was text, to be decoded with: UTF-8
12-06 02:40:47.067 22423 22865 I Corona  : DEBUG: network: Posting callback CoronaRuntimeTask to Corona thread
12-06 02:40:47.083 22423 22514 I Corona  : DEBUG: network: Executing callback - thread: 680
12-06 02:40:47.083 22423 22514 I Corona  : DEBUG: network: Executing callback - runtime luaState: 481770d
12-06 02:40:47.083 22423 22514 I Corona  : DEBUG: network: Calling Lua callback
12-06 02:40:47.084 22423 22514 I Corona  : DEBUG: network: Processing header: HTTP-STATUS-LINE
12-06 02:40:47.084 22423 22514 I Corona  : DEBUG: network: Processing header: Alt-Svc
12-06 02:40:47.084 22423 22514 I Corona  : DEBUG: network: Processing header: Content-Length
12-06 02:40:47.084 22423 22514 I Corona  : DEBUG: network: Processing header: Content-Type
12-06 02:40:47.084 22423 22514 I Corona  : DEBUG: network: Processing header: Date
12-06 02:40:47.084 22423 22514 I Corona  : DEBUG: network: Processing header: Via
12-06 02:40:47.084 22423 22514 I Corona  : DEBUG: network: Processing header: X-Android-Received-Millis
12-06 02:40:47.084 22423 22514 I Corona  : DEBUG: network: Processing header: X-Android-Response-Source
12-06 02:40:47.084 22423 22514 I Corona  : DEBUG: network: Processing header: X-Android-Selected-Protocol
12-06 02:40:47.084 22423 22514 I Corona  : DEBUG: network: Processing header: X-Android-Sent-Millis
12-06 02:40:47.085 22423 22514 I Corona  : getPreLoginindex	1
12-06 02:40:47.086 22423 22514 I Corona  : getPreLoginindex	1
12-06 02:40:47.086 22423 22514 I Corona  : loginPlatform is radical
12-06 02:40:47.086 22423 22514 I System.out: getDeviceId: fa79a2ce76a0b8be
12-06 02:40:47.087 22423 22514 I Corona  : sdks http: 	https://hwsj-eu-3.9longe.net/frontend/distribute
12-06 02:40:47.087 22423 22514 I Corona  : DEBUG: network: network.request() - thread: 680
12-06 02:40:47.087 22423 22514 I Corona  : DEBUG: network: network.request() - luaState 481770d
12-06 02:40:47.088 22423 22514 I Corona  : DEBUG: network: Header - X-Client-ID: c2486d640d42f0df223dea6c350d9994
12-06 02:40:47.088 22423 22514 I Corona  : DEBUG: network: Header - App-Key: bidke6c1fl2gorp69mmg
12-06 02:40:47.088 22423 22514 I Corona  : DEBUG: network: Header - Content-Type: application/json
12-06 02:40:47.089 22423 22514 I Corona  : DEBUG: network: Header - Logical-Region-Id: 1020
12-06 02:40:47.089 22423 22514 I Corona  : DEBUG: network: Header - Retail-Id: 2
12-06 02:40:47.089 22423 22514 I Corona  : DEBUG: network: Request body from String (text)
12-06 02:40:47.090 22423 22514 I Corona  : DEBUG: network: Unregistering callback after call
12-06 02:40:47.090 22423 22868 I Corona  : DEBUG: network: Network request: 
12-06 02:40:47.090 22423 22868 I Corona  : DEBUG: network: Opening connection to: https://hwsj-eu-3.9longe.net/frontend/distribute
12-06 02:40:47.090 22423 22868 I Corona  : DEBUG: network: Content-Type header value for POST/PUT is: application/json
12-06 02:40:47.090 22423 22868 I Corona  : DEBUG: network: Adding default charset to Content-Type header: application/json; charset=UTF-8
12-06 02:40:47.090 22423 22868 I Corona  : DEBUG: network: Request body is text from Lua string (requestBodyCharset: UTF-8)
12-06 02:40:47.090 22423 22868 I Corona  : DEBUG: network: Request body size: 317
12-06 02:40:47.094 22423 22868 I Corona  : DEBUG: network: Waiting for response code (https://hwsj-eu-3.9longe.net/frontend/distribute)
12-06 02:40:47.103   331  4808 W android.hardware.audio.service.ranchu: TinyalsaSink::write:125 pcm_write was late reading frames, dropping 22131 us of audio
12-06 02:40:47.128   331  4808 W android.hardware.audio.service.ranchu: TinyalsaSink::write:125 pcm_write was late reading frames, dropping 22131 us of audio
12-06 02:40:47.153 22423 22868 I Corona  : DEBUG: network: Got response code 200 (https://hwsj-eu-3.9longe.net/frontend/distribute)
12-06 02:40:47.153 22423 22868 I Corona  : DEBUG: network: Looking for embedded encoding in content: <BODY>{"data":"{\"Account\":\"fa79a2ce76a0b8be\",\"Password\":\"48e926f06d41d4d121486a8cc7db4d0e\",\"Uid\":\"xnlts69yew3l\",\"Status\":11,\"StatusCode\":0,\"Stat\":0,\"DeviceLoginType\":1,\"ThirdUidList\":[],\"Info\":\"\",\"Token\":\"eyJhbGciOiJSUzI1NiIsInR5cCI6IkpXVCJ9.eyJ1aWQiOiJ4bmx0czY5eWV3M2wiLCJqdGkiOiIxSHMzbFdVbGJlUXpnNG9GcUptRWZBPT0iLCJleHAiOjE2MDcyOTgwNTAsImlhdCI6MTYwNzIxMTY1MCwibmJmIjoxNjA3MjExNjUwfQ.t9e7r9ETAP5TiOLaxm15KHWn17ApwRF9pZIZ5LABZawpJpJ6PpmiLOIR5I04qDGe7dasu4Drd1-_e_8ofI2TjX6c1LLMUzHH3x_DhmQOQUdLp73uiDkwRDwkAbNF2NxGl3Vuwo3CpHhustI_nmWjmlv7B9bmt5f69MJe6rXGPQFGViT-6kFt1b76WfRmphoSn2lppVrvfqzlDwFui7BWdcl7GzaoeKLoxuzDl4RCvuXYqLif1-86QwEdFpn_ts_NJjogNNAgOxnXebPiePE3ACSwE8NHGyvr9jfsadrWP3IvBD3_CeXhvPkQWKA16CO0Mkmbz_qC74wmMreghvx5cA\",\"ActionId\":\"1115\"}","info":"������������","stat":1}</BODY>
12-06 02:40:47.154 22423 22868 I Corona  : DEBUG: network: Writing implicit charset debug
12-06 02:40:47.154 22423 22868 I Corona  : DEBUG: network: Response content was text, to be decoded with: UTF-8
12-06 02:40:47.154 22423 22868 I Corona  : DEBUG: network: Posting callback CoronaRuntimeTask to Corona thread
12-06 02:40:47.170   331  4808 W android.hardware.audio.service.ranchu: TinyalsaSink::write:125 pcm_write was late reading frames, dropping 22131 us of audio
12-06 02:40:47.172 22423 22514 I Corona  : DEBUG: network: Executing callback - thread: 680
12-06 02:40:47.173 22423 22514 I Corona  : DEBUG: network: Executing callback - runtime luaState: 481770d
12-06 02:40:47.173 22423 22514 I Corona  : DEBUG: network: Calling Lua callback
12-06 02:40:47.175 22423 22514 I Corona  : DEBUG: network: Processing header: HTTP-STATUS-LINE
12-06 02:40:47.176 22423 22514 I Corona  : DEBUG: network: Processing header: Alt-Svc
12-06 02:40:47.177 22423 22514 I Corona  : DEBUG: network: Processing header: Content-Length
12-06 02:40:47.179 22423 22514 I Corona  : DEBUG: network: Processing header: Content-Type
12-06 02:40:47.180 22423 22514 I Corona  : DEBUG: network: Processing header: Date
12-06 02:40:47.180 22423 22514 I Corona  : DEBUG: network: Processing header: Via
12-06 02:40:47.181 22423 22514 I Corona  : DEBUG: network: Processing header: X-Android-Received-Millis
12-06 02:40:47.182 22423 22514 I Corona  : DEBUG: network: Processing header: X-Android-Response-Source
12-06 02:40:47.183 22423 22514 I Corona  : DEBUG: network: Processing header: X-Android-Selected-Protocol
12-06 02:40:47.183 22423 22514 I Corona  : DEBUG: network: Processing header: X-Android-Sent-Millis
12-06 02:40:47.195   331  4808 W android.hardware.audio.service.ranchu: TinyalsaSink::write:125 pcm_write was late reading frames, dropping 22131 us of audio
12-06 02:40:47.197 22423 22514 I Corona  : DEBUG: network: Unregistering callback after call
12-06 02:40:47.207   331  4808 W android.hardware.audio.service.ranchu: TinyalsaSink::write:125 pcm_write was late reading frames, dropping 22131 us of audio
12-06 02:40:47.233   331  4808 W android.hardware.audio.service.ranchu: TinyalsaSink::write:125 pcm_write was late reading frames, dropping 22131 us of audio
12-06 02:40:47.256 22423 22514 I SoundDecoder: MPG123: Accepting data stream.
12-06 02:40:47.285   331  4808 W android.hardware.audio.service.ranchu: TinyalsaSink::write:125 pcm_write was late reading frames, dropping 22131 us of audio
12-06 02:40:47.290 22423 22514 I Corona  : =====================================loginOnComplete===========
12-06 02:40:47.301 22423 22514 I Corona  : DEBUG: network: Cancelling request
12-06 02:40:47.304 22423 22514 I chatty  : uid=10154(com.dc.hwsj) GLThread 680 identical 1 line
12-06 02:40:47.304 22423 22514 I Corona  : DEBUG: network: Cancelling request
12-06 02:40:47.309 22423 22514 I Corona  : createHashFile = 	4d2bd7ad86393582894a1f0e84f37a18700e9dcf
12-06 02:40:47.323   331  4808 W android.hardware.audio.service.ranchu: TinyalsaSink::write:125 pcm_write was late reading frames, dropping 22131 us of audio
12-06 02:40:47.347   208   208 E SELinux : avc:  denied  { find } for pid=22871 uid=2000 name=car_service scontext=u:r:shell:s0 tcontext=u:object_r:default_android_service:s0 tclass=service_manager permissive=0
12-06 02:40:47.347 22871 22871 W cmd     : Can't find service car_service
12-06 02:40:47.347   331  4808 W android.hardware.audio.service.ranchu: TinyalsaSink::write:125 pcm_write was late reading frames, dropping 22131 us of audio
12-06 02:40:47.397   331  4808 I chatty  : uid=1041(audioserver) audio.service.r identical 2 lines
12-06 02:40:47.423   331  4808 W android.hardware.audio.service.ranchu: TinyalsaSink::write:125 pcm_write was late reading frames, dropping 22131 us of audio
12-06 02:40:47.431 22423 22820 D com.dc.hwsj: PlayerBase::stop() from IPlayer
12-06 02:40:47.431 22423 22820 D AudioTrack: stop(23): called with 315756 frames delivered
12-06 02:40:47.449   331  4808 W android.hardware.audio.service.ranchu: TinyalsaSink::write:125 pcm_write was late reading frames, dropping 22131 us of audio
12-06 02:40:47.460   331  4808 W android.hardware.audio.service.ranchu: TinyalsaSink::write:125 pcm_write was late reading frames, dropping 22131 us of audio
12-06 02:40:47.462 22423 22820 D com.dc.hwsj: PlayerBase::stop() from IPlayer
12-06 02:40:47.462 22423 22820 D AudioTrack: stop(23): called with 2646 frames delivered
12-06 02:40:47.499   331  4808 W android.hardware.audio.service.ranchu: TinyalsaSink::write:125 pcm_write was late reading frames, dropping 22131 us of audio
12-06 02:40:47.512   331  4808 I chatty  : uid=1041(audioserver) audio.service.r identical 1 line
12-06 02:40:47.538   331  4808 W android.hardware.audio.service.ranchu: TinyalsaSink::write:125 pcm_write was late reading frames, dropping 22131 us of audio
12-06 02:40:47.540 22423 22514 I Corona  : 
12-06 02:40:47.540 22423 22514 I Corona  : =============================================
12-06 02:40:47.540 22423 22514 I Corona  : send data：	   cmd : 	9999
12-06 02:40:47.540 22423 22514 I Corona  : {"newSdkParams":[],"isSend":true,"callBackFunc":"<type 'function' is not supported by JSON.>","url":"https://hwsj-eu-3.9longe.net/frontend/jwt_action","data":{"RetailId":2,"HotVersion":1607156217,"appId":1020,"ActId":9999,"user_id":"xnlts69yew3l","Ver":"2.802","c_pub":"-----BEGIN PUBLIC KEY-----nMIIBSzCCAQMGByqGSM49AgEwgfcCAQEwLAYHKoZIzj0BAQIhAP////8AAAABAAAAnAAAAAAAAAAAA////////////////MFsEIP////8AAAABAAAAAAAAAAAAAAAA////n///////////8BCBaxjXYqjqT57PrvVV2mIa8ZR0GsMxTsPY7zjw+J9JgSwMVAMSdnNgiG5wSTamZ44ROdJreBn36QBEEEaxfR8uEsQkf4vOblY6RA8ncDfYEt6zOg9KE5nRdiYwpZP40Li/hp/m47n60p8D54WK84zV2sxXs7LtkBoN79R9QIhAP////8AAAAAn//////////+85vqtpxeehPO5ysL8YyVRAgEBA0IABKOyJ5XHSse/qr13I9K0GL/snZwv8hEQ8TFIK3iwa38vk3CsCQeip3/CTKdEpN7ZDeJDIQO69pqjp74X6HhkqgZo=n-----END PUBLIC KEY-----n","Token":"eyJhbGciOiJSUzI1NiIsInR5cCI6IkpXVCJ9.eyJ1aWQiOiJ4bmx0czY5eWV3M2wiLCJqdGkiOiIxSHMzbFdVbGJlUXpnNG9GcUptRWZBPT0iLCJleHAiOjE2MDcyOTgwNTAsImlhdCI6MTYwNzIxMTY1MCwibmJmIjoxNjA3MjExNjUwfQ.t9e7r9ETAP5TiOLaxm15KHWn17ApwRF9pZIZ5LABZawpJpJ6PpmiLOIR5I04qDGe7dasu4Drd1-_e_8ofI2TjX6c1LLMUzHH3x_DhmQOQUdLp73uiDkwRDwkAbNF2NxGl3Vuwo3CpHhustI_nmWjmlv7B9bmt5f69MJe6rXGPQFGViT-6kFt1b76WfRmphoSn2lppVrvfqzlDwFui7BWdcl7GzaoeKLoxuzDl4RCvuXYqLif1-86QwEdFpn_ts_NJjogNNAgOxnXebPiePE3ACSwE8NHGyvr9jfsadrWP3IvBD3_CeXhvPkQWKA16CO0Mkmbz_qC74wmMreghvx5cA","T":11,"serverId":"1724","Lang":"en","actionid":9999},"loginCount":1}
12-06 02:40:47.540 22423 22514 I Corona  : extra info：	https://hwsj-eu-3.9longe.net/frontend/jwt_action
12-06 02:40:47.540 22423 22514 I Corona  : =============================================
12-06 02:40:47.541 22423 22514 I Corona  : DEBUG: network: network.request() - thread: 680
12-06 02:40:47.541 22423 22514 I Corona  : DEBUG: network: network.request() - luaState 481770d
12-06 02:40:47.541 22423 22514 I Corona  : DEBUG: network: Header - Content-Type: application/json
12-06 02:40:47.542 22423 22514 I Corona  : DEBUG: network: Header - X-Request-Ts: 1607211647000
12-06 02:40:47.542 22423 22514 I Corona  : DEBUG: network: Header - App-Key: bidke6c1fl2gorp69mmg
12-06 02:40:47.542 22423 22514 I Corona  : DEBUG: network: Header - X-Client-ID: c2486d640d42f0df223dea6c350d9994
12-06 02:40:47.542 22423 22514 I Corona  : DEBUG: network: Header - Logical-Region-Id: 1020
12-06 02:40:47.542 22423 22514 I Corona  : DEBUG: network: Header - Accept-Language: zh-CN
12-06 02:40:47.542 22423 22514 I Corona  : DEBUG: network: Header - Retail-Id: 2
12-06 02:40:47.542 22423 22514 I Corona  : DEBUG: network: Request body from String (text)
12-06 02:40:47.542 22423 22514 I Corona  : DEBUG: network: Request timeout provided, was: 20
12-06 02:40:47.544 22423 22875 I Corona  : DEBUG: network: Network request: 
12-06 02:40:47.544 22423 22875 I Corona  : DEBUG: network: Opening connection to: https://hwsj-eu-3.9longe.net/frontend/jwt_action
12-06 02:40:47.544 22423 22875 I Corona  : DEBUG: network: Content-Type header value for POST/PUT is: application/json
12-06 02:40:47.544 22423 22875 I Corona  : DEBUG: network: Adding default charset to Content-Type header: application/json; charset=UTF-8
12-06 02:40:47.544 22423 22875 I Corona  : DEBUG: network: Request body is text from Lua string (requestBodyCharset: UTF-8)
12-06 02:40:47.544 22423 22875 I Corona  : DEBUG: network: Request body size: 1149
12-06 02:40:47.548 22423 22875 I Corona  : DEBUG: network: Waiting for response code (https://hwsj-eu-3.9longe.net/frontend/jwt_action)
12-06 02:40:47.562   331  4808 W android.hardware.audio.service.ranchu: TinyalsaSink::write:125 pcm_write was late reading frames, dropping 22131 us of audio
12-06 02:40:47.602 22423 22875 I Corona  : DEBUG: network: Got response code 200 (https://hwsj-eu-3.9longe.net/frontend/jwt_action)
12-06 02:40:47.602 22423 22875 I Corona  : DEBUG: network: Looking for embedded encoding in content: <BODY>{"data":"{\"jwt\":\"eyJhbGciOiJIUzI1NiIsInR5cCI6IkpXVCJ9.eyJleHAiOjE2MDcyMTIwMTAsImlhdCI6MTYwNzIxMTYyMCwianRpIjoieG5sdHM2OXlldzNsIn0.aNHAm4-RZm7b0sKNqeY4JbQkIRVxXgy1CWbyQqChg-U\",\"sPub\":\"-----BEGIN PUBLIC KEY-----\\nMFkwEwYHKoZIzj0CAQYIKoZIzj0DAQcDQgAEUgceIGQn6Q1rkD1SVoiDqIgedIll\\nMAcdbB/BRkidlFw1F5S1szg69NUyGGLUxb1qho5I5Nz0KCYKOiijHN3sMg==\\n-----END PUBLIC KEY-----\\n\"}","info":"������������","stat":1}</BODY>
12-06 02:40:47.603 22423 22875 I Corona  : DEBUG: network: Writing implicit charset debug
12-06 02:40:47.603 22423 22875 I Corona  : DEBUG: network: Response content was text, to be decoded with: UTF-8
12-06 02:40:47.604 22423 22875 I Corona  : DEBUG: network: Posting callback CoronaRuntimeTask to Corona thread
12-06 02:40:47.614   331  4808 W android.hardware.audio.service.ranchu: TinyalsaSink::write:125 pcm_write was late reading frames, dropping 22131 us of audio
12-06 02:40:47.619 22423 22514 I Corona  : DEBUG: network: Executing callback - thread: 680
12-06 02:40:47.619 22423 22514 I Corona  : DEBUG: network: Executing callback - runtime luaState: 481770d
12-06 02:40:47.619 22423 22514 I Corona  : DEBUG: network: Calling Lua callback
12-06 02:40:47.619 22423 22514 I Corona  : DEBUG: network: Processing header: HTTP-STATUS-LINE
12-06 02:40:47.620 22423 22514 I Corona  : DEBUG: network: Processing header: Alt-Svc
12-06 02:40:47.620 22423 22514 I Corona  : DEBUG: network: Processing header: Content-Length
12-06 02:40:47.620 22423 22514 I Corona  : DEBUG: network: Processing header: Content-Type
12-06 02:40:47.620 22423 22514 I Corona  : DEBUG: network: Processing header: Date
12-06 02:40:47.620 22423 22514 I Corona  : DEBUG: network: Processing header: Via
12-06 02:40:47.620 22423 22514 I Corona  : DEBUG: network: Processing header: X-Android-Received-Millis
12-06 02:40:47.620 22423 22514 I Corona  : DEBUG: network: Processing header: X-Android-Response-Source
12-06 02:40:47.621 22423 22514 I Corona  : DEBUG: network: Processing header: X-Android-Selected-Protocol
12-06 02:40:47.621 22423 22514 I Corona  : DEBUG: network: Processing header: X-Android-Sent-Millis
12-06 02:40:47.627 22423 22514 I Corona  : 
12-06 02:40:47.627 22423 22514 I Corona  : =============================================
12-06 02:40:47.627 22423 22514 I Corona  : response data：	   cmd : 	9999
12-06 02:40:47.627 22423 22514 I Corona  : {"stat":1,"info":"请求成功","data":"{"jwt":"eyJhbGciOiJIUzI1NiIsInR5cCI6IkpXVCJ9.eyJleHAiOjE2MDcyMTIwMTAsImlhdCI6MTYwNzIxMTYyMCwianRpIjoieG5sdHM2OXlldzNsIn0.aNHAm4-RZm7b0sKNqeY4JbQkIRVxXgy1CWbyQqChg-U","sPub":"-----BEGIN PUBLIC KEY-----nMFkwEwYHKoZIzj0CAQYIKoZIzj0DAQcDQgAEUgceIGQn6Q1rkD1SVoiDqIgedIllnMAcdbB/BRkidlFw1F5S1szg69NUyGGLUxb1qho5I5Nz0KCYKOiijHN3sMg==n-----END PUBLIC KEY-----n"}"}
12-06 02:40:47.627 22423 22514 I Corona  : extra info：	访问时间(ms) ： 82.38697052002
12-06 02:40:47.627 22423 22514 I Corona  : =============================================
12-06 02:40:47.640   331  4808 W android.hardware.audio.service.ranchu: TinyalsaSink::write:125 pcm_write was late reading frames, dropping 22131 us of audio
12-06 02:40:47.647 22423 22514 I Corona  : 
12-06 02:40:47.647 22423 22514 I Corona  : =============================================
12-06 02:40:47.647 22423 22514 I Corona  : send data：	   cmd : 	9006
12-06 02:40:47.647 22423 22514 I Corona  : {"actionid":9006,"isDistribute":true,"callBackFunc":"<type 'function' is not supported by JSON.>","url":"https://hwsj-eu-3.9longe.net/frontend/distribute","data":{"Lang":"en","version":"1.8","isSend":true,"actionid":9006,"data":"{"RetailId":2,"ActionId":9006,"Version":"2.802"}","app_id":1020,"act_id":"hwsj_route_1020"},"loginCount":1}
12-06 02:40:47.647 22423 22514 I Corona  : extra info：	https://hwsj-eu-3.9longe.net/frontend/distribute
12-06 02:40:47.647 22423 22514 I Corona  : =============================================
12-06 02:40:47.648 22423 22514 I Corona  : DEBUG: network: network.request() - thread: 680
12-06 02:40:47.648 22423 22514 I Corona  : DEBUG: network: network.request() - luaState 481770d
12-06 02:40:47.649 22423 22514 I Corona  : DEBUG: network: Header - Content-Type: application/json
12-06 02:40:47.649 22423 22514 I Corona  : DEBUG: network: Header - X-Request-Ts: 1607211647000
12-06 02:40:47.650 22423 22514 I Corona  : DEBUG: network: Header - App-Key: bidke6c1fl2gorp69mmg
12-06 02:40:47.650 22423 22514 I Corona  : DEBUG: network: Header - X-Client-ID: c2486d640d42f0df223dea6c350d9994
12-06 02:40:47.650 22423 22514 I Corona  : DEBUG: network: Header - Logical-Region-Id: 1020
12-06 02:40:47.650 22423 22514 I Corona  : DEBUG: network: Header - Accept-Language: zh-CN
12-06 02:40:47.651 22423 22514 I Corona  : DEBUG: network: Header - Retail-Id: 2
12-06 02:40:47.651 22423 22514 I Corona  : DEBUG: network: Request body from String (text)
12-06 02:40:47.651 22423 22514 I Corona  : DEBUG: network: Request timeout provided, was: 20
12-06 02:40:47.652 22423 22876 I Corona  : DEBUG: network: Network request: 
12-06 02:40:47.652 22423 22876 I Corona  : DEBUG: network: Opening connection to: https://hwsj-eu-3.9longe.net/frontend/distribute
