--------- beginning of system
12-06 02:40:26.621   568  1203 I ActivityManager: Killing 23845:com.google.process.gapps/u0a107 (adj 995): empty for 6755s
12-06 02:40:26.622   568  1203 I ActivityManager: Killing 4812:android.process.acore/u0a65 (adj 999): empty for 6784s
12-06 02:40:26.672   568  7032 D CountryDetector: No listener is left
--------- beginning of main
12-06 02:40:26.672   326   326 I Zygote  : Process 4812 exited due to signal 9 (Killed)
12-06 02:40:26.674   326   326 I Zygote  : Process 23845 exited due to signal 9 (Killed)
12-06 02:40:26.702   568   599 I libprocessgroup: Successfully killed process cgroup uid 10107 pid 23845 in 79ms
12-06 02:40:26.705   568   599 I libprocessgroup: Successfully killed process cgroup uid 10065 pid 4812 in 0ms
12-06 02:40:27.342   208   208 E SELinux : avc:  denied  { find } for pid=22376 uid=2000 name=car_service scontext=u:r:shell:s0 tcontext=u:object_r:default_android_service:s0 tclass=service_manager permissive=0
12-06 02:40:27.342 22376 22376 W cmd     : Can't find service car_service
12-06 02:40:28.355   208   208 E SELinux : avc:  denied  { find } for pid=22382 uid=2000 name=car_service scontext=u:r:shell:s0 tcontext=u:object_r:default_android_service:s0 tclass=service_manager permissive=0
12-06 02:40:28.355 22382 22382 W cmd     : Can't find service car_service
12-06 02:40:29.344   208   208 E SELinux : avc:  denied  { find } for pid=22388 uid=2000 name=car_service scontext=u:r:shell:s0 tcontext=u:object_r:default_android_service:s0 tclass=service_manager permissive=0
12-06 02:40:29.344 22388 22388 W cmd     : Can't find service car_service
12-06 02:40:30.348   208   208 E SELinux : avc:  denied  { find } for pid=22396 uid=2000 name=car_service scontext=u:r:shell:s0 tcontext=u:object_r:default_android_service:s0 tclass=service_manager permissive=0
12-06 02:40:30.349 22396 22396 W cmd     : Can't find service car_service
12-06 02:40:31.352   208   208 E SELinux : avc:  denied  { find } for pid=22407 uid=2000 name=car_service scontext=u:r:shell:s0 tcontext=u:object_r:default_android_service:s0 tclass=service_manager permissive=0
12-06 02:40:31.352 22407 22407 W cmd     : Can't find service car_service
12-06 02:40:32.347   208   208 E SELinux : avc:  denied  { find } for pid=22413 uid=2000 name=car_service scontext=u:r:shell:s0 tcontext=u:object_r:default_android_service:s0 tclass=service_manager permissive=0
12-06 02:40:32.347 22413 22413 W cmd     : Can't find service car_service
12-06 02:40:32.503  1093  1093 D TaplEvents: Main / Touch event: MotionEvent { action=ACTION_DOWN, actionButton=0, id[0]=0, x[0]=554.9634, y[0]=716.92017, toolType[0]=TOOL_TYPE_FINGER, buttonState=0, classification=NONE, metaState=0, flags=0x1, edgeFlags=0x0, pointerCount=1, historySize=0, eventTime=21258422, downTime=21258422, deviceId=10, source=0x1002, displayId=0 }
12-06 02:40:32.725  1093  1093 D TaplEvents: Main / Touch event: MotionEvent { action=ACTION_UP, actionButton=0, id[0]=0, x[0]=554.9634, y[0]=716.92017, toolType[0]=TOOL_TYPE_FINGER, buttonState=0, classification=NONE, metaState=0, flags=0x1, edgeFlags=0x0, pointerCount=1, historySize=0, eventTime=21258644, downTime=21258422, deviceId=10, source=0x1002, displayId=0 }
12-06 02:40:32.725  1093  1093 D TaplEvents: Main / start: startAppShortcutOrInfoActivity
12-06 02:40:32.727   568  1140 I ActivityTaskManager: START u0 {act=android.intent.action.MAIN cat=[android.intent.category.LAUNCHER] flg=0x10200000 cmp=com.dc.hwsj/.LuaActivity bnds=[439,568][640,872]} from uid 10137
12-06 02:40:32.727   568   591 D EventSequenceValidator: Transition from ACTIVITY_FINISHED to INTENT_STARTED
12-06 02:40:32.728   568  1203 I system_server: oneway function results will be dropped but finished with status OK and parcel size 4
12-06 02:40:32.729   568  1203 I system_server: oneway function results will be dropped but finished with status OK and parcel size 4
12-06 02:40:32.729   437   437 I perfetto: ing_service_impl.cc:758 Configured tracing session 38, #sources:1, duration:5000 ms, #buffers:1, total buffer size:4096 KB, total sessions:1, uid:1071 session name: ""
12-06 02:40:32.730   431   431 I perfetto: probes_producer.cc:230  Ftrace setup (target_buf=38)
12-06 02:40:32.735   568   568 W ActivityManager: Unable to start service Intent { act=android.service.appprediction.AppPredictionService cmp=com.google.android.as/com.google.android.apps.miphone.aiai.app.AiAiPredictionService } U=0: not found
12-06 02:40:32.735   568   568 W RemoteAppPredictionService: could not bind to Intent { act=android.service.appprediction.AppPredictionService cmp=com.google.android.as/com.google.android.apps.miphone.aiai.app.AiAiPredictionService } using flags 67108865
12-06 02:40:32.737   568   591 D CompatibilityChangeReporter: Compat change id reported: 135634846; UID 10154; state: DISABLED
12-06 02:40:32.737   568   598 D CompatibilityChangeReporter: Compat change id reported: 143937733; UID 10154; state: DISABLED
12-06 02:40:32.739   568   591 D EventSequenceValidator: Transition from INTENT_STARTED to ACTIVITY_LAUNCHED
--------- beginning of kernel
12-06 02:40:32.733     0     0 W perfetto: enabled ftrace
12-06 02:40:32.752   342  1881 D goldfish-address-space: allocate: Ask for block of size 0x925680
12-06 02:40:32.752   342  1881 D goldfish-address-space: allocate: ioctl allocate returned offset 0x3f570c000 size 0x927000
12-06 02:40:32.752   431   431 I perfetto: ftrace_procfs.cc:176    enabled ftrace
12-06 02:40:32.765   326   326 D Zygote  : Forked child process 22423
12-06 02:40:32.770   568   598 I ActivityManager: Start proc 22423:com.dc.hwsj/u0a154 for pre-top-activity {com.dc.hwsj/com.dc.hwsj.LuaActivity}
12-06 02:40:32.775 22423 22423 I com.dc.hwsj: Not late-enabling -Xcheck:jni (already on)
12-06 02:40:32.833 22423 22423 I com.dc.hwsj: Unquickening 12 vdex files!
12-06 02:40:32.867   568  1203 I system_server: oneway function results will be dropped but finished with status OK and parcel size 4
12-06 02:40:32.869 22423 22423 W com.dc.hwsj: Unexpected CPU variant for X86 using defaults: x86
12-06 02:40:32.872 22423 22423 I ndk_translation: Initialized NDK translation (armv7l), version 0.2.2
12-06 02:40:33.035   427   462 I adbd    : jdwp connection from 22423
12-06 02:40:33.042   568  1203 W InputReader: Device virtio_input_multi_touch_7 is associated with display ADISPLAY_ID_NONE.
12-06 02:40:33.042   568  1203 W InputReader: Device virtio_input_multi_touch_9 is associated with display ADISPLAY_ID_NONE.
12-06 02:40:33.042   568  1203 W InputReader: Device virtio_input_multi_touch_3 is associated with display ADISPLAY_ID_NONE.
12-06 02:40:33.042   568  1203 W InputReader: Device virtio_input_multi_touch_11 is associated with display ADISPLAY_ID_NONE.
12-06 02:40:33.042   568  1203 W InputReader: Device virtio_input_multi_touch_2 is associated with display ADISPLAY_ID_NONE.
12-06 02:40:33.042   568  1203 W InputReader: Device virtio_input_multi_touch_8 is associated with display ADISPLAY_ID_NONE.
12-06 02:40:33.042   568  1203 W InputReader: Device virtio_input_multi_touch_10 is associated with display ADISPLAY_ID_NONE.
12-06 02:40:33.042   568  1203 W InputReader: Device virtio_input_multi_touch_4 is associated with display ADISPLAY_ID_NONE.
12-06 02:40:33.042   568  1203 W InputReader: Device virtio_input_multi_touch_6 is associated with display ADISPLAY_ID_NONE.
12-06 02:40:33.042   568  1203 W InputReader: Device virtio_input_multi_touch_5 is associated with display ADISPLAY_ID_NONE.
12-06 02:40:33.042   568  1203 W InputReader: Device virtio_input_multi_touch_7 is associated with display ADISPLAY_ID_NONE.
12-06 02:40:33.043   568  1203 W InputReader: Device virtio_input_multi_touch_9 is associated with display ADISPLAY_ID_NONE.
12-06 02:40:33.043   568  1203 W InputReader: Device virtio_input_multi_touch_3 is associated with display ADISPLAY_ID_NONE.
12-06 02:40:33.043   568  1203 W InputReader: Device virtio_input_multi_touch_11 is associated with display ADISPLAY_ID_NONE.
12-06 02:40:33.043   568  1203 W InputReader: Device virtio_input_multi_touch_2 is associated with display ADISPLAY_ID_NONE.
12-06 02:40:33.043   568  1203 W InputReader: Device virtio_input_multi_touch_8 is associated with display ADISPLAY_ID_NONE.
12-06 02:40:33.043   568  1203 W InputReader: Device virtio_input_multi_touch_10 is associated with display ADISPLAY_ID_NONE.
12-06 02:40:33.043   568  1203 W InputReader: Device virtio_input_multi_touch_4 is associated with display ADISPLAY_ID_NONE.
12-06 02:40:33.043   568  1203 W InputReader: Device virtio_input_multi_touch_6 is associated with display ADISPLAY_ID_NONE.
12-06 02:40:33.043   568  1203 W InputReader: Device virtio_input_multi_touch_5 is associated with display ADISPLAY_ID_NONE.
12-06 02:40:33.081   342  1881 D goldfish-address-space: allocate: Ask for block of size 0x925680
12-06 02:40:33.082   342  1881 D goldfish-address-space: allocate: ioctl allocate returned offset 0x3f6beb000 size 0x927000
12-06 02:40:33.114   343   426 W EmuHWC2 : validate: layer 149 CompositionType 1, fallback
12-06 02:40:33.158   343   426 W EmuHWC2 : No layers, exit, buffer 0xf1c01910
12-06 02:40:33.160   343   426 W EmuHWC2 : validate: layer 149 CompositionType 1, fallback
12-06 02:40:33.164   343   426 W EmuHWC2 : No layers, exit, buffer 0xf1c00210
12-06 02:40:33.176   343   426 W EmuHWC2 : validate: layer 149 CompositionType 1, fallback
12-06 02:40:33.178   343   426 W EmuHWC2 : No layers, exit, buffer 0xf1c01910
12-06 02:40:33.180 22423 22423 W ActivityThread: Application com.dc.hwsj can be debugged on port 8100...
12-06 02:40:33.181 22423 22423 D ApplicationLoaders: Returning zygote-cached class loader: /system/framework/android.test.base.jar
12-06 02:40:33.181   343   426 W EmuHWC2 : validate: layer 149 CompositionType 1, fallback
12-06 02:40:33.182 22423 22423 I com.dc.hwsj: The ClassLoaderContext is a special shared library.
12-06 02:40:33.193   343   426 W EmuHWC2 : No layers, exit, buffer 0xf1c00210
12-06 02:40:33.199   343   426 W EmuHWC2 : validate: layer 149 CompositionType 1, fallback
12-06 02:40:33.203   343   426 W EmuHWC2 : No layers, exit, buffer 0xf1c01910
12-06 02:40:33.216   343   426 W EmuHWC2 : validate: layer 149 CompositionType 1, fallback
12-06 02:40:33.218   343   426 W EmuHWC2 : No layers, exit, buffer 0xf1c00210
12-06 02:40:33.230   343   426 W EmuHWC2 : validate: layer 149 CompositionType 1, fallback
12-06 02:40:33.232   343   426 W EmuHWC2 : No layers, exit, buffer 0xf1c01910
12-06 02:40:33.248   343   426 W EmuHWC2 : validate: layer 149 CompositionType 1, fallback
12-06 02:40:33.250   343   426 W EmuHWC2 : No layers, exit, buffer 0xf1c00210
12-06 02:40:33.265   343   426 W EmuHWC2 : validate: layer 149 CompositionType 1, fallback
12-06 02:40:33.267   343   426 W EmuHWC2 : No layers, exit, buffer 0xf1c01910
12-06 02:40:33.281   343   426 W EmuHWC2 : validate: layer 149 CompositionType 1, fallback
12-06 02:40:33.283   343   426 W EmuHWC2 : No layers, exit, buffer 0xf1c00210
12-06 02:40:33.298   343   426 W EmuHWC2 : validate: layer 149 CompositionType 1, fallback
12-06 02:40:33.300   343   426 W EmuHWC2 : No layers, exit, buffer 0xf1c01910
12-06 02:40:33.314   343   426 W EmuHWC2 : validate: layer 149 CompositionType 1, fallback
12-06 02:40:33.316   343   426 W EmuHWC2 : No layers, exit, buffer 0xf1c00210
12-06 02:40:33.331   343   426 W EmuHWC2 : validate: layer 149 CompositionType 1, fallback
12-06 02:40:33.333   343   426 W EmuHWC2 : No layers, exit, buffer 0xf1c01910
12-06 02:40:33.347   343   426 W EmuHWC2 : validate: layer 149 CompositionType 1, fallback
12-06 02:40:33.349   343   426 W EmuHWC2 : No layers, exit, buffer 0xf1c00210
12-06 02:40:33.352   208   208 E SELinux : avc:  denied  { find } for pid=22449 uid=2000 name=car_service scontext=u:r:shell:s0 tcontext=u:object_r:default_android_service:s0 tclass=service_manager permissive=0
12-06 02:40:33.352 22449 22449 W cmd     : Can't find service car_service
12-06 02:40:33.365   343   426 W EmuHWC2 : validate: layer 149 CompositionType 1, fallback
12-06 02:40:33.366   343   426 W EmuHWC2 : No layers, exit, buffer 0xf1c01910
12-06 02:40:33.383   343   426 W EmuHWC2 : validate: layer 149 CompositionType 1, fallback
12-06 02:40:33.385   343   426 W EmuHWC2 : No layers, exit, buffer 0xf1c00210
12-06 02:40:33.398   343   426 W EmuHWC2 : validate: layer 149 CompositionType 1, fallback
12-06 02:40:33.400   343   426 W EmuHWC2 : No layers, exit, buffer 0xf1c01910
12-06 02:40:33.415   343   426 W EmuHWC2 : validate: layer 149 CompositionType 1, fallback
12-06 02:40:33.417   343   426 W EmuHWC2 : No layers, exit, buffer 0xf1c00210
12-06 02:40:33.432   343   426 W EmuHWC2 : validate: layer 149 CompositionType 1, fallback
12-06 02:40:33.434   343   426 W EmuHWC2 : No layers, exit, buffer 0xf1c01910
12-06 02:40:33.447   343   426 W EmuHWC2 : validate: layer 149 CompositionType 1, fallback
12-06 02:40:33.448   343   426 W EmuHWC2 : No layers, exit, buffer 0xf1c00210
12-06 02:40:33.455 22423 22423 D NetworkSecurityConfig: Using Network Security Config from resource network_security_config debugBuild: true
12-06 02:40:33.455 22423 22423 D NetworkSecurityConfig: Using Network Security Config from resource network_security_config debugBuild: true
12-06 02:40:33.458 22423 22423 I MultiDex: VM with version 2.1.0 has multidex support
12-06 02:40:33.458 22423 22423 I MultiDex: Installing application
12-06 02:40:33.458 22423 22423 I MultiDex: VM has multidex support, MultiDex support library is disabled.
12-06 02:40:33.465   343   426 W EmuHWC2 : validate: layer 149 CompositionType 1, fallback
12-06 02:40:33.467   343   426 W EmuHWC2 : No layers, exit, buffer 0xf1c01910
12-06 02:40:33.500 22423 22457 I DynamiteModule: Considering local module com.google.android.gms.measurement.dynamite:15 and remote module com.google.android.gms.measurement.dynamite:0
12-06 02:40:33.500 22423 22457 I DynamiteModule: Selected local version of com.google.android.gms.measurement.dynamite
12-06 02:40:33.530   401   401 E Layer   : [Surface(name=Task=51)/@0xa250521 - animation-leash#0] No local sync point found
12-06 02:40:33.530   401   401 E Layer   : [Surface(name=Task=51)/@0xa250521 - animation-leash#0] No local sync point found
12-06 02:40:33.530   401   401 E Layer   : [Surface(name=Task=1)/@0x250c0ca - animation-leash#0] No local sync point found
12-06 02:40:33.530   401   401 E Layer   : [Surface(name=Task=1)/@0x250c0ca - animation-leash#0] No local sync point found
12-06 02:40:33.548   401   401 E Layer   : [Surface(name=Task=51)/@0xa250521 - animation-leash#0] No local sync point found
12-06 02:40:33.548   401   401 E Layer   : [Surface(name=Task=1)/@0x250c0ca - animation-leash#0] No local sync point found
12-06 02:40:33.566 22423 22423 I FirebaseInitProvider: FirebaseApp initialization successful
12-06 02:40:33.603 22423 22423 W com.facebook.UserSettingsManager: Please set a value for AutoLogAppEventsEnabled. Set the flag to TRUE if you want to collect app install, app launch and in-app purchase events automatically. To request user consent before collecting data, set the flag value to FALSE, then change to TRUE once user consent is received. Learn more: https://developers.facebook.com/docs/app-events/getting-started-app-events-android#disable-auto-events.
12-06 02:40:33.603 22423 22423 W com.facebook.UserSettingsManager: You haven't set a value for AdvertiserIDCollectionEnabled. Set the flag to TRUE if you want to collect Advertiser ID for better advertising and analytics results. To request user consent before collecting data, set the flag value to FALSE, then change to TRUE once user consent is received. Learn more: https://developers.facebook.com/docs/app-events/getting-started-app-events-android#disable-auto-events.
12-06 02:40:33.656 22423 22473 I DynamiteModule: Considering local module com.google.android.gms.ads.dynamite:0 and remote module com.google.android.gms.ads.dynamite:21400
12-06 02:40:33.656 22423 22473 I DynamiteModule: Selected remote version of com.google.android.gms.ads.dynamite, version >= 21400
12-06 02:40:33.656 22423 22473 V DynamiteModule: Dynamite loader version >= 2, using loadModule2NoCrashUtils
12-06 02:40:33.678 22423 22470 I FA      : App measurement initialized, version: 31000
12-06 02:40:33.678 22423 22470 I FA      : To enable debug logging run: adb shell setprop log.tag.FA VERBOSE
12-06 02:40:33.678 22423 22470 I FA      : To enable faster debug mode event logging run:
12-06 02:40:33.678 22423 22470 I FA      :   adb shell setprop debug.firebase.analytics.app com.dc.hwsj
12-06 02:40:33.700   568  6662 D CompatibilityChangeReporter: Compat change id reported: 136274596; UID 10154; state: DISABLED
12-06 02:40:33.701 22423 22473 W com.dc.hwsj: Unsupported class loader
12-06 02:40:33.779 22423 22473 W com.dc.hwsj: Unsupported class loader
12-06 02:40:33.780   568  1140 E system_server: Invalid class loader spec: =UnsupportedClassLoaderContext=
12-06 02:40:33.780   568  1140 E PackageDexUsage: Unsupported context?
12-06 02:40:33.923 22423 22474 D FBAudienceNetwork: SDK dex loading time: 345
12-06 02:40:34.054 22423 22423 I com.dc.hwsj: Thread[1,tid=22423,Native,Thread*=0xe3b41c10,peer=0x71865b80,"main"] recursive attempt to load library "/data/app/~~vMwhP4KWeQQ2H5YXwkSXsQ==/com.dc.hwsj-kHBk8u3xuLtcd7PJ-TUUOQ==/lib/arm/libjnlua5.1.so"
12-06 02:40:34.102   568  1140 W ActivityManager: Unable to start service Intent { act=com.android.vending.billing.InAppBillingService.BIND pkg=com.android.vending } U=0: not found
12-06 02:40:34.204 22423 22423 D AppsFlyer_4.11.0: Initializing AppsFlyer SDK: (v4.11.0.249)
12-06 02:40:34.217 22423 22423 E com.dc.hwsj: Invalid ID 0x00000000.
12-06 02:40:34.235 22423 22502 I AdInternalSettings: Test mode device hash: 24c12ada-5a8c-4b75-8f3b-3087f944d526
12-06 02:40:34.235 22423 22502 I AdInternalSettings: When testing your app with Facebook's ad units you must specify the device hashed ID to ensure the delivery of test ads, add the following code before loading an ad: AdSettings.addTestDevice("24c12ada-5a8c-4b75-8f3b-3087f944d526");
12-06 02:40:34.241 22423 22506 D libEGL  : loaded /vendor/lib/egl/libEGL_emulation.so
12-06 02:40:34.247 22423 22506 D libEGL  : loaded /vendor/lib/egl/libGLESv1_CM_emulation.so
12-06 02:40:34.249 22423 22508 W com.dc.hwsj: Accessing hidden method Landroid/app/ActivityThread;->currentActivityThread()Landroid/app/ActivityThread; (greylist, reflection, allowed)
12-06 02:40:34.249 22423 22508 W com.dc.hwsj: Accessing hidden field Landroid/app/ActivityThread;->mActivities:Landroid/util/ArrayMap; (greylist, reflection, allowed)
12-06 02:40:34.254 22423 22506 D libEGL  : loaded /vendor/lib/egl/libGLESv2_emulation.so
12-06 02:40:34.266 22423 22502 I TetheringManager: registerTetheringEventCallback:com.dc.hwsj
12-06 02:40:34.350   208   208 E SELinux : avc:  denied  { find } for pid=22517 uid=2000 name=car_service scontext=u:r:shell:s0 tcontext=u:object_r:default_android_service:s0 tclass=service_manager permissive=0
12-06 02:40:34.350 22517 22517 W cmd     : Can't find service car_service
12-06 02:40:34.460 22423 22423 W SoundPool: Use of stream types is deprecated for operations other than volume control
12-06 02:40:34.460 22423 22423 W SoundPool: See the documentation of SoundPool() for what to use instead with android.media.AudioAttributes to qualify your playback use case
12-06 02:40:34.804 22423 22423 I Ads     : Updating ad debug logging enablement.
12-06 02:40:34.839 22423 22423 I WebViewFactory: Loading com.google.android.webview version 83.0.4103.106 (code 410410681)
12-06 02:40:34.843 22423 22423 I com.dc.hwsj: The ClassLoaderContext is a special shared library.
12-06 02:40:34.844 22423 22423 D nativeloader: classloader namespace configured for unbundled product apk. library_path=/product/app/WebViewGoogle/lib/x86:/product/app/WebViewGoogle/WebViewGoogle.apk!/lib/x86:/product/app/TrichromeLibrary/TrichromeLibrary.apk!/lib/x86:/product/lib:/system/product/lib
12-06 02:40:34.901 22423 22423 I com.dc.hwsj: The ClassLoaderContext is a special shared library.
12-06 02:40:34.902 22423 22423 D nativeloader: classloader namespace configured for unbundled product apk. library_path=/product/app/WebViewGoogle/lib/x86:/product/app/WebViewGoogle/WebViewGoogle.apk!/lib/x86:/product/app/TrichromeLibrary/TrichromeLibrary.apk!/lib/x86:/product/lib:/system/product/lib
12-06 02:40:34.908 22423 22441 W System  : A resource failed to call close. 
12-06 02:40:34.961 22423 22533 I cr_VariationsUtils: Requesting new seed from IVariationsSeedServer
12-06 02:40:34.962   568  6662 D CompatibilityChangeReporter: Compat change id reported: 135634846; UID 10112; state: DISABLED
12-06 02:40:34.962   568   598 D CompatibilityChangeReporter: Compat change id reported: 143937733; UID 10112; state: ENABLED
12-06 02:40:34.963 22423 22423 I cr_LibraryLoader: Loaded native library version number "83.0.4103.106"
12-06 02:40:34.964 22423 22423 I cr_CachingUmaRecorder: Flushed 3 samples from 3 histograms.
12-06 02:40:34.966   326   326 D Zygote  : Forked child process 22534
12-06 02:40:34.971   568   598 I ActivityManager: Start proc 22534:com.google.android.webview:webview_service/u0a112 for service {com.google.android.webview/org.chromium.android_webview.services.VariationsSeedServer}
12-06 02:40:34.971 22534 22534 W webview_servic: Unexpected CPU variant for X86 using defaults: x86
12-06 02:40:34.975   427   462 I adbd    : jdwp connection from 22534
12-06 02:40:34.977   568  1140 D CompatibilityChangeReporter: Compat change id reported: 135634846; UID 10154; state: DISABLED
12-06 02:40:34.977   568   598 D CompatibilityChangeReporter: Compat change id reported: 143937733; UID 10154; state: ENABLED
12-06 02:40:34.981   841   841 D Zygote  : Forked child process 22556
12-06 02:40:34.987 22556 22556 W ocessService0:: Unexpected CPU variant for X86 using defaults: x86
12-06 02:40:34.990   568   598 I ActivityManager: Start proc 22556:com.google.android.webview:sandboxed_process0:org.chromium.content.app.SandboxedProcessService0:0/u0i6 for  {com.dc.hwsj/org.chromium.content.app.SandboxedProcessService0:0}
12-06 02:40:34.995 22534 22534 I webview_servic: The ClassLoaderContext is a special shared library.
12-06 02:40:34.996 22534 22534 D nativeloader: classloader namespace configured for unbundled product apk. library_path=/product/app/WebViewGoogle/lib/x86:/product/app/WebViewGoogle/WebViewGoogle.apk!/lib/x86:/product/app/TrichromeLibrary/TrichromeLibrary.apk!/lib/x86:/product/lib:/system/product/lib
12-06 02:40:34.997 22534 22534 I webview_servic: The ClassLoaderContext is a special shared library.
12-06 02:40:34.998 22534 22534 D nativeloader: classloader namespace configured for unbundled product apk. library_path=/product/app/WebViewGoogle/lib/x86:/product/app/WebViewGoogle/WebViewGoogle.apk!/lib/x86:/product/app/TrichromeLibrary/TrichromeLibrary.apk!/lib/x86:/product/lib:/system/product/lib
12-06 02:40:35.000   427   462 I adbd    : jdwp connection from 22556
12-06 02:40:35.002 22534 22534 D NetworkSecurityConfig: No Network Security Config specified, using platform default
12-06 02:40:35.006   568  1203 D CompatibilityChangeReporter: Compat change id reported: 136274596; UID 10154; state: DISABLED
12-06 02:40:35.002 22534 22534 D NetworkSecurityConfig: No Network Security Config specified, using platform default
12-06 02:40:35.015 22556 22556 D NetworkSecurityConfig: No Network Security Config specified, using platform default
12-06 02:40:35.015 22556 22556 D NetworkSecurityConfig: No Network Security Config specified, using platform default
12-06 02:40:35.017 22556 22556 I cr_ChildProcessService: Creating new ChildProcessService pid=22556
12-06 02:40:35.037   568  6662 D ConnectivityService: requestNetwork for uid/pid:10154/22423 NetworkRequest [ TRACK_DEFAULT id=91, [ Capabilities: INTERNET&NOT_RESTRICTED&TRUSTED Uid: 10154 AdministratorUids: [] RequestorUid: 10154 RequestorPackageName: com.dc.hwsj] ]
12-06 02:40:35.037   568   683 D ConnectivityService: NetReassign [91 : null → 101]
12-06 02:40:35.038   987   987 D PhoneSwitcherNetworkRequstListener: got request NetworkRequest [ TRACK_DEFAULT id=91, [ Capabilities: INTERNET&NOT_RESTRICTED&TRUSTED Uid: 10154 AdministratorUids: [] RequestorUid: 10154 RequestorPackageName: com.dc.hwsj] ] with score 60 and providerId 3
12-06 02:40:35.039   568   683 D ConnectivityService: NetReassign [no changes]
12-06 02:40:35.042   987   987 D Telephony: isEmergencyPreferredAccount: subId=1, activeData=1
12-06 02:40:35.042   987   987 D Telephony: isEmergencyPreferredAccount: Device does not require preference.
12-06 02:40:35.061 22423 22583 W com.dc.hwsj: Accessing hidden method Landroid/media/AudioManager;->getOutputLatency(I)I (greylist, reflection, allowed)
12-06 02:40:35.068 22423 22583 W cr_media: Requires BLUETOOTH permission
12-06 02:40:35.239 22423 22599 D HostConnection: HostConnection::get() New Host Connection established 0xf18e2590, tid 22599
12-06 02:40:35.242 22423 22599 D HostConnection: HostComposition ext ANDROID_EMU_CHECKSUM_HELPER_v1 ANDROID_EMU_native_sync_v2 ANDROID_EMU_native_sync_v3 ANDROID_EMU_native_sync_v4 ANDROID_EMU_dma_v1 ANDROID_EMU_direct_mem ANDROID_EMU_host_composition_v1 ANDROID_EMU_host_composition_v2 ANDROID_EMU_vulkan ANDROID_EMU_deferred_vulkan_commands ANDROID_EMU_vulkan_null_optional_strings ANDROID_EMU_vulkan_create_resources_with_requirements ANDROID_EMU_YUV_Cache ANDROID_EMU_async_unmap_buffer ANDROID_EMU_vulkan_ignored_handles ANDROID_EMU_vulkan_free_memory_sync ANDROID_EMU_vulkan_shader_float16_int8 ANDROID_EMU_vulkan_async_queue_submit GL_OES_vertex_array_object GL_KHR_texture_compression_astc_ldr ANDROID_EMU_host_side_tracing ANDROID_EMU_gles_max_version_2 
12-06 02:40:35.244   209   209 I hwservicemanager: getTransport: Cannot find entry android.hardware.configstore@1.0::ISurfaceFlingerConfigs/default in either framework or device manifest.
12-06 02:40:35.245 22423 22599 E chromium: [ERROR:gl_surface_egl.cc(549)] eglChooseConfig failed with error EGL_SUCCESS
12-06 02:40:35.269 22423 22599 D EGL_emulation: eglCreateContext: 0xf18e3ef0: maj 2 min 0 rcv 2
12-06 02:40:35.270 22423 22423 I ironSourceSDK: API: setConsent : false
12-06 02:40:35.271 22423 22599 D EGL_emulation: eglMakeCurrent: 0xf18e3ef0: ver 2 0 (tinfo 0xbb7dc5f0) (first time)
12-06 02:40:35.273 22556 22591 I cr_LibraryLoader: Loaded native library version number "83.0.4103.106"
12-06 02:40:35.273 22556 22591 I cr_CachingUmaRecorder: Flushed 1 samples from 1 histograms.
12-06 02:40:35.277 22423 22605 V ironSourceSDK: EVENT: {"eventId":41
12-06 02:40:35.277 22423 22605 V ironSourceSDK: EVENT: "timestamp":1607211635271
12-06 02:40:35.277 22423 22605 V ironSourceSDK: EVENT: "provider":"Mediation"
12-06 02:40:35.277 22423 22605 V ironSourceSDK: EVENT: "eventSessionId":"51d2ed01-4d6c-43c7-8155-b23e9f19922a"}
12-06 02:40:35.287 22423 22423 D UnityAds: com.unity3d.services.core.misc.Utilities.writeFile() (line:127) :: Wrote file: /data/user/0/com.dc.hwsj/files/UnityAdsStorage-public-data.json
12-06 02:40:35.290 22423 22423 D UnityAds: com.unity3d.services.core.device.Storage.sendEvent() (line:81) :: Couldn't send storage event to WebApp
12-06 02:40:35.290 22423 22599 E chromium: [ERROR:gl_surface_egl.cc(549)] eglChooseConfig failed with error EGL_SUCCESS
12-06 02:40:35.328 22423 22423 I TAG     : onIabSetupFinished
12-06 02:40:35.333 22423 22599 I VideoCapabilities: Unsupported profile 4 for video/mp4v-es
12-06 02:40:35.336 22423 22599 W cr_MediaCodecUtil: HW encoder for video/avc is not available on this device.
12-06 02:40:35.343 22423 22599 D EGL_emulation: eglCreateContext: 0xf18df880: maj 2 min 0 rcv 2
12-06 02:40:35.345 22423 22618 D Aihelp  : MainLifecycleCallback created.
12-06 02:40:35.348   208   208 E SELinux : avc:  denied  { find } for pid=22620 uid=2000 name=car_service scontext=u:r:shell:s0 tcontext=u:object_r:default_android_service:s0 tclass=service_manager permissive=0
12-06 02:40:35.348 22620 22620 W cmd     : Can't find service car_service
12-06 02:40:35.472 22423 22423 W com.dc.hwsj: Accessing hidden field Ldalvik/system/BaseDexClassLoader;->pathList:Ldalvik/system/DexPathList; (greylist, JNI, allowed)
12-06 02:40:35.472 22423 22423 W com.dc.hwsj: Accessing hidden method Ldalvik/system/DexPathList;->makeInMemoryDexElements([Ljava/nio/ByteBuffer;Ljava/util/List;)[Ldalvik/system/DexPathList$Element; (greylist, reflection, allowed)
12-06 02:40:35.473 22423 22423 W com.dc.hwsj: Accessing hidden field Ldalvik/system/DexPathList;->dexElements:[Ldalvik/system/DexPathList$Element; (greylist, JNI, allowed)
12-06 02:40:35.476 22423 22423 W System.err: java.io.FileNotFoundException: supplierconfig.json
12-06 02:40:35.476 22423 22423 W System.err: 	at android.content.res.AssetManager.nativeOpenAsset(Native Method)
12-06 02:40:35.476 22423 22423 W System.err: 	at android.content.res.AssetManager.open(AssetManager.java:874)
12-06 02:40:35.476 22423 22423 W System.err: 	at android.content.res.AssetManager.open(AssetManager.java:851)
12-06 02:40:35.476 22423 22423 W System.err: 	at com.bun.miitmdid.d.a.a(Unknown Source:4)
12-06 02:40:35.476 22423 22423 W System.err: 	at com.bun.miitmdid.a.a.a(Unknown Source:4)
12-06 02:40:35.476 22423 22423 W System.err: 	at com.bun.miitmdid.core.MdidSdk.InitSdk(Unknown Source:39)
12-06 02:40:35.476 22423 22423 W System.err: 	at java.lang.reflect.Method.invoke(Native Method)
12-06 02:40:35.476 22423 22423 W System.err: 	at com.bun.miitmdid.core.MdidSdkHelper.InitSdk(Unknown Source:131)
12-06 02:40:35.476 22423 22423 W System.err: 	at com.dc.admonitor.sdk.miit.MiitHelper.callFromReflect(MiitHelper.java:59)
12-06 02:40:35.476 22423 22423 W System.err: 	at com.dc.admonitor.sdk.miit.MiitHelper.getDeviceIds(MiitHelper.java:31)
12-06 02:40:35.476 22423 22423 W System.err: 	at com.dc.admonitor.sdk.Longe9ADMonitorSDK.initActivate(Longe9ADMonitorSDK.java:130)
12-06 02:40:35.476 22423 22423 W System.err: 	at com.dc.admonitor.sdk.Longe9ADMonitorSDK.initActivate(Longe9ADMonitorSDK.java:95)
12-06 02:40:35.476 22423 22423 W System.err: 	at com.dc.hwsj.LuaActivity.onCreate(LuaActivity.java:169)
12-06 02:40:35.477 22423 22423 W System.err: 	at android.app.Activity.performCreate(Activity.java:8000)
12-06 02:40:35.477 22423 22423 W System.err: 	at android.app.Activity.performCreate(Activity.java:7984)
12-06 02:40:35.477 22423 22423 W System.err: 	at android.app.Instrumentation.callActivityOnCreate(Instrumentation.java:1309)
12-06 02:40:35.477 22423 22423 W System.err: 	at android.app.ActivityThread.performLaunchActivity(ActivityThread.java:3422)
12-06 02:40:35.477 22423 22423 W System.err: 	at android.app.ActivityThread.handleLaunchActivity(ActivityThread.java:3601)
12-06 02:40:35.477 22423 22423 W System.err: 	at android.app.servertransaction.LaunchActivityItem.execute(LaunchActivityItem.java:85)
12-06 02:40:35.477 22423 22423 W System.err: 	at android.app.servertransaction.TransactionExecutor.executeCallbacks(TransactionExecutor.java:135)
12-06 02:40:35.477 22423 22423 W System.err: 	at android.app.servertransaction.TransactionExecutor.execute(TransactionExecutor.java:95)
12-06 02:40:35.477 22423 22423 W System.err: 	at android.app.ActivityThread$H.handleMessage(ActivityThread.java:2066)
12-06 02:40:35.477 22423 22423 W System.err: 	at android.os.Handler.dispatchMessage(Handler.java:106)
12-06 02:40:35.477 22423 22423 W System.err: 	at android.os.Looper.loop(Looper.java:223)
12-06 02:40:35.477 22423 22423 W System.err: 	at android.app.ActivityThread.main(ActivityThread.java:7656)
12-06 02:40:35.477 22423 22423 W System.err: 	at java.lang.reflect.Method.invoke(Native Method)
12-06 02:40:35.477 22423 22423 W System.err: 	at com.android.internal.os.RuntimeInit$MethodAndArgsCaller.run(RuntimeInit.java:592)
12-06 02:40:35.477 22423 22423 W System.err: 	at com.android.internal.os.ZygoteInit.main(ZygoteInit.java:947)
12-06 02:40:35.477 22423 22423 D ADMonitor: MiitHelper idstext : support: false
12-06 02:40:35.477 22423 22423 D ADMonitor: OAID: 
12-06 02:40:35.477 22423 22423 D ADMonitor: VAID: 
12-06 02:40:35.477 22423 22423 D ADMonitor: AAID: 
12-06 02:40:35.480 22423 22423 D MdidSdkHelper: call and retvalue:1008613
12-06 02:40:35.480 22423 22423 D MiitHelper: return value: 1008613, errorMsg = INIT_ERROR_LOAD_CONFIGFILE, offsetTime = 7
12-06 02:40:35.485 22423 22423 I ADMonitor: EventSender send. mState = stoped
12-06 02:40:35.492 22423 22423 I ADMonitor: EventSender cancelTimer. mState = stoped
12-06 02:40:35.492 22423 22630 I ADMonitor: EventSender runOnce. tid = 717
12-06 02:40:35.495 22423 22630 I ADMonitor: EventSender runOnce in foreach eventId = 129
12-06 02:40:35.495 22423 22630 I System.out: init url 
12-06 02:40:35.495 22423 22630 I System.out: admonitor url: https://hwsj-hk.clktec.com:22788/frontend/distribute/v2/custom_event
12-06 02:40:35.497 22423 22632 I ADMonitor: Network Thread name:pool-26-thread-1
12-06 02:40:35.499 22423 22632 I ADMonitor: Network request params: {
12-06 02:40:35.499 22423 22632 I ADMonitor:     "version": "1.8",
12-06 02:40:35.499 22423 22632 I ADMonitor:     "app_id": "1019",
12-06 02:40:35.499 22423 22632 I ADMonitor:     "act_id": "ad_trace_new",
12-06 02:40:35.499 22423 22632 I ADMonitor:     "data": "{\"cp_app_id\":1019,\"oaid\":\"\",\"ad_app_key\":\"3199536a745011e8a870025a896bb440\",\"retail_id\":2,\"mac\":\"cea6e37a9090a087372e188efe8171bd\",\"user_agent\":\"Dalvik\\\/2.1.0 (Linux; U; Android 11; sdk_gphone_x86_arm Build\\\/RSR1.201013.001)\",\"ex_user_agent\":\"null\",\"device_id\":\"fa79a2ce76a0b8be\",\"app_key\":\"bidke6c1fl2gorp69mmg\",\"logical_region_id\":1019,\"os\":\"0\",\"ext\":\"mac:cea6e37a9090a087372e188efe8171bddevice:fa79a2ce76a0b8beUA:Dalvik\\\/2.1.0 (Linux; U; Android 11; sdk_gphone_x86_arm Build\\\/RSR1.201013.001)\",\"missdata\":\"start:\",\"error\":\"\",\"event_id\":\"event_100\",\"event_name\":\"进入主界面\",\"timestamp\":\"1607211635\",\"reserve1\":\"\",\"reserve2\":\"{\\\"version\\\":\\\"2.8.02\\\",\\\"deviceType\\\":\\\"android_id\\\"}\"}"
12-06 02:40:35.499 22423 22632 I ADMonitor: }
12-06 02:40:35.558 22423 22470 I FA      : Tag Manager is not found and thus will not be used
12-06 02:40:35.572 22423 22423 I ironSourceSDK: API: onResume()
12-06 02:40:35.628 22423 22423 I System.out: Audience init isSuccess:true
12-06 02:40:35.628 22423 22423 I System.out: Audience init getMessage:Sdk successfully initialized!
12-06 02:40:35.632 22423 22423 D AppLovinAdapter: Attempting to initialize SDK.
12-06 02:40:35.633 22423 22528 W Ads     : Update ad debug logging enablement as false
12-06 02:40:35.718 22423 22423 D AppLovinSdk: [AppLovinSdk] Setting plugin version: 9.13.1.0
12-06 02:40:35.719 22423 22423 D AppLovinSdk: [AppLovinSdk] Setting plugin version: 9.13.1.0
12-06 02:40:35.726 22423 22423 I ironSourceSDK: INTERNAL: com.ironsource.mediationsdk.IronSourceObject:setMediationType(mediationType:AdMob310)
12-06 02:40:35.727 22423 22423 D IronSourceMediationAdapter: Initializing IronSource SDK.
12-06 02:40:35.727 22423 22423 I ironSourceSDK: API: init(appKey:c408c775)
12-06 02:40:35.732 22423 22647 W DynamiteModule: Local module descriptor class for providerinstaller not found.
12-06 02:40:35.733  1241  2603 W ProviderHelper: Unknown dynamite feature providerinstaller
12-06 02:40:35.735 22423 22647 I DynamiteModule: Considering local module providerinstaller:0 and remote module providerinstaller:0
12-06 02:40:35.735 22423 22647 W ProviderInstaller: Failed to load providerinstaller module: No acceptable module found. Local version is 0 and remote version is 0.
12-06 02:40:35.737 22423 22423 V ironSourceSDK: INTERNAL: AuctionDataUtils 1.run - mBrowserUserAgent = Mozilla/5.0 (Linux; Android 11; sdk_gphone_x86_arm Build/RSR1.201013.001; wv) AppleWebKit/537.36 (KHTML, like Gecko) Version/4.0 Chrome/83.0.4103.106 Mobile Safari/537.36
12-06 02:40:35.744 22423 22647 I com.dc.hwsj: The ClassLoaderContext is a special shared library.
12-06 02:40:35.788 22423 22647 I com.dc.hwsj: The ClassLoaderContext is a special shared library.
12-06 02:40:35.788 22423 22647 D nativeloader: classloader namespace configured for unbundled product apk. library_path=/product/priv-app/PrebuiltGmsCore/lib/x86:/product/priv-app/PrebuiltGmsCore/PrebuiltGmsCore.apk!/lib/x86:/product/lib:/system/product/lib
12-06 02:40:35.804 22423 22605 V ironSourceSDK: EVENT: {"eventId":14
12-06 02:40:35.804 22423 22605 V ironSourceSDK: EVENT: "timestamp":1607211635803
12-06 02:40:35.804 22423 22605 V ironSourceSDK: EVENT: "provider":"Mediation"
12-06 02:40:35.804 22423 22605 V ironSourceSDK: EVENT: "isDemandOnly":1
12-06 02:40:35.804 22423 22605 V ironSourceSDK: EVENT: "rewardedVideo":true
12-06 02:40:35.804 22423 22605 V ironSourceSDK: EVENT: "sessionDepth":1
12-06 02:40:35.804 22423 22605 V ironSourceSDK: EVENT: "ext1":"appLanguage=Kotlin"
12-06 02:40:35.804 22423 22605 V ironSourceSDK: EVENT: "eventSessionId":"51d2ed01-4d6c-43c7-8155-b23e9f19922a"
12-06 02:40:35.804 22423 22605 V ironSourceSDK: EVENT: "connectionType":"wifi"}
12-06 02:40:35.812 22423 22423 V ironSourceSDK: INTERNAL: setInitStatus(old status: NOT_INIT, new status: INIT_IN_PROGRESS)
12-06 02:40:35.813 22423 22647 W com.dc.hwsj: Accessing hidden field Ldalvik/system/DexPathList;->nativeLibraryDirectories:Ljava/util/List; (greylist, reflection, allowed)
12-06 02:40:35.813 22423 22647 W com.dc.hwsj: Accessing hidden field Ldalvik/system/DexPathList;->systemNativeLibraryDirectories:Ljava/util/List; (greylist, reflection, allowed)
12-06 02:40:35.813 22423 22647 W com.dc.hwsj: Accessing hidden field Ldalvik/system/DexPathList;->nativeLibraryPathElements:[Ldalvik/system/DexPathList$NativeLibraryElement; (greylist, reflection, allowed)
12-06 02:40:35.813 22423 22647 W com.dc.hwsj: Accessing hidden method Ldalvik/system/DexPathList;->makePathElements(Ljava/util/List;)[Ldalvik/system/DexPathList$NativeLibraryElement; (greylist, reflection, allowed)
12-06 02:40:35.822 22423 22423 D UnityAds: com.unity3d.services.core.misc.Utilities.writeFile() (line:127) :: Wrote file: /data/user/0/com.dc.hwsj/files/UnityAdsStorage-public-data.json
12-06 02:40:35.822 22423 22423 D UnityAds: com.unity3d.services.core.device.Storage.sendEvent() (line:81) :: Couldn't send storage event to WebApp
12-06 02:40:35.823 22423 22423 D UnityAds: com.unity3d.services.ads.UnityAdsImplementation.initialize() (line:60) :: ENTERED METHOD
12-06 02:40:35.824 22423 22423 D UnityAds: com.unity3d.services.UnityServices.initialize() (line:30) :: ENTERED METHOD
12-06 02:40:35.825 22423 22423 I UnityAds: com.unity3d.services.UnityServices.initialize() (line:68) :: Initializing Unity Services 3.4.6 (3460) with game id 3610578 in production mode
12-06 02:40:35.830 22423 22647 V NativeCrypto: Registering com/google/android/gms/org/conscrypt/NativeCrypto's 286 native methods...
12-06 02:40:35.830   568  1203 I system_server: oneway function results will be dropped but finished with status OK and parcel size 4
12-06 02:40:35.835 22423 22423 I UnityAds: com.unity3d.services.UnityServices.initialize() (line:80) :: Unity Services environment check OK
12-06 02:40:35.881 22423 22423 I Choreographer: Skipped 48 frames!  The application may be doing too much work on its main thread.
12-06 02:40:35.893 22534 22663 I cr_VariationsUtils: Seed download job already scheduled
12-06 02:40:35.895 22423 22647 W com.dc.hwsj: Accessing hidden method Ljava/security/spec/ECParameterSpec;->getCurveName()Ljava/lang/String; (greylist, reflection, allowed)
12-06 02:40:35.904 22423 22504 D HostConnection: HostConnection::get() New Host Connection established 0xf18d6040, tid 22504
12-06 02:40:35.908 22423 22423 W vng_background-: type=1400 audit(0.0:129): avc: denied { read } for name="/" dev="dm-4" ino=2 scontext=u:r:untrusted_app_29:s0:c154,c256,c512,c768 tcontext=u:object_r:rootfs:s0 tclass=dir permissive=0 app=com.dc.hwsj
12-06 02:40:35.916 22423 22504 D HostConnection: HostComposition ext ANDROID_EMU_CHECKSUM_HELPER_v1 ANDROID_EMU_native_sync_v2 ANDROID_EMU_native_sync_v3 ANDROID_EMU_native_sync_v4 ANDROID_EMU_dma_v1 ANDROID_EMU_direct_mem ANDROID_EMU_host_composition_v1 ANDROID_EMU_host_composition_v2 ANDROID_EMU_vulkan ANDROID_EMU_deferred_vulkan_commands ANDROID_EMU_vulkan_null_optional_strings ANDROID_EMU_vulkan_create_resources_with_requirements ANDROID_EMU_YUV_Cache ANDROID_EMU_async_unmap_buffer ANDROID_EMU_vulkan_ignored_handles ANDROID_EMU_vulkan_free_memory_sync ANDROID_EMU_vulkan_shader_float16_int8 ANDROID_EMU_vulkan_async_queue_submit GL_OES_vertex_array_object GL_KHR_texture_compression_astc_ldr ANDROID_EMU_host_side_tracing ANDROID_EMU_gles_max_version_2 
12-06 02:40:35.916 22423 22514 D HostConnection: HostConnection::get() New Host Connection established 0xf18d3410, tid 22514
12-06 02:40:35.916 22423 22504 W OpenGLRenderer: Failed to choose config with EGL_SWAP_BEHAVIOR_PRESERVED, retrying without...
12-06 02:40:35.921 22423 22504 D EGL_emulation: eglCreateContext: 0xf18d7d90: maj 2 min 0 rcv 2
12-06 02:40:35.921 22423 22514 D HostConnection: HostComposition ext ANDROID_EMU_CHECKSUM_HELPER_v1 ANDROID_EMU_native_sync_v2 ANDROID_EMU_native_sync_v3 ANDROID_EMU_native_sync_v4 ANDROID_EMU_dma_v1 ANDROID_EMU_direct_mem ANDROID_EMU_host_composition_v1 ANDROID_EMU_host_composition_v2 ANDROID_EMU_vulkan ANDROID_EMU_deferred_vulkan_commands ANDROID_EMU_vulkan_null_optional_strings ANDROID_EMU_vulkan_create_resources_with_requirements ANDROID_EMU_YUV_Cache ANDROID_EMU_async_unmap_buffer ANDROID_EMU_vulkan_ignored_handles ANDROID_EMU_vulkan_free_memory_sync ANDROID_EMU_vulkan_shader_float16_int8 ANDROID_EMU_vulkan_async_queue_submit GL_OES_vertex_array_object GL_KHR_texture_compression_astc_ldr ANDROID_EMU_host_side_tracing ANDROID_EMU_gles_max_version_2 
12-06 02:40:35.925 22423 22647 I ProviderInstaller: Installed default security provider GmsCore_OpenSSL
12-06 02:40:35.958 22423 22514 D EGL_emulation: eglCreateContext: 0xf18d2220: maj 2 min 0 rcv 2
12-06 02:40:35.960   342  1881 D goldfish-address-space: allocate: Ask for block of size 0x925680
12-06 02:40:35.960   342  1881 D goldfish-address-space: allocate: ioctl allocate returned offset 0x3f2949000 size 0x927000
12-06 02:40:35.989   209   209 I hwservicemanager: getTransport: Cannot find entry android.hardware.graphics.mapper@4.0::IMapper/default in either framework or device manifest.
12-06 02:40:35.990 22423 22514 I Gralloc4: mapper 4.x is not supported
12-06 02:40:35.990 22423 22504 D EGL_emulation: eglMakeCurrent: 0xf18d7d90: ver 2 0 (tinfo 0xbb7df170) (first time)
12-06 02:40:35.992   342  1881 D goldfish-address-space: allocate: Ask for block of size 0x925680
12-06 02:40:35.992   342  1881 D goldfish-address-space: allocate: ioctl allocate returned offset 0x3fcb73000 size 0x927000
12-06 02:40:36.004 22423 22657 W com.dc.hwsj: Accessing hidden method Ldalvik/system/CloseGuard;->get()Ldalvik/system/CloseGuard; (greylist,core-platform-api, reflection, allowed)
12-06 02:40:36.004 22423 22657 W com.dc.hwsj: Accessing hidden method Ldalvik/system/CloseGuard;->open(Ljava/lang/String;)V (greylist,core-platform-api, reflection, allowed)
12-06 02:40:36.004 22423 22657 W com.dc.hwsj: Accessing hidden method Ldalvik/system/CloseGuard;->warnIfOpen()V (greylist,core-platform-api, reflection, allowed)
12-06 02:40:36.014   342  1881 D goldfish-address-space: allocate: Ask for block of size 0x925680
12-06 02:40:36.014   342  1881 D goldfish-address-space: allocate: ioctl allocate returned offset 0x3fdeaf000 size 0x927000
12-06 02:40:36.025 22423 22514 D HostConnection: createUnique: call
12-06 02:40:36.026 22423 22514 D HostConnection: HostConnection::get() New Host Connection established 0xf18d1810, tid 22514
12-06 02:40:36.026 22423 22514 D goldfish-address-space: allocate: Ask for block of size 0x100
12-06 02:40:36.026 22423 22514 D goldfish-address-space: allocate: ioctl allocate returned offset 0x3fd4e1000 size 0x2000
12-06 02:40:36.033 22423 22514 D HostConnection: HostComposition ext ANDROID_EMU_CHECKSUM_HELPER_v1 ANDROID_EMU_native_sync_v2 ANDROID_EMU_native_sync_v3 ANDROID_EMU_native_sync_v4 ANDROID_EMU_dma_v1 ANDROID_EMU_direct_mem ANDROID_EMU_host_composition_v1 ANDROID_EMU_host_composition_v2 ANDROID_EMU_vulkan ANDROID_EMU_deferred_vulkan_commands ANDROID_EMU_vulkan_null_optional_strings ANDROID_EMU_vulkan_create_resources_with_requirements ANDROID_EMU_YUV_Cache ANDROID_EMU_async_unmap_buffer ANDROID_EMU_vulkan_ignored_handles ANDROID_EMU_vulkan_free_memory_sync ANDROID_EMU_vulkan_shader_float16_int8 ANDROID_EMU_vulkan_async_queue_submit GL_OES_vertex_array_object GL_KHR_texture_compression_astc_ldr ANDROID_EMU_host_side_tracing ANDROID_EMU_gles_max_version_2 
12-06 02:40:36.038 22423 22647 W com.dc.hwsj: Accessing hidden field Ljava/net/Socket;->impl:Ljava/net/SocketImpl; (greylist, reflection, allowed)
12-06 02:40:36.041 22423 22647 W com.dc.hwsj: Accessing hidden field Ljava/io/FileDescriptor;->descriptor:I (greylist, JNI, allowed)
12-06 02:40:36.046 22423 22657 D NetworkProvider: on network changed: 0->1
12-06 02:40:36.081 22423 22658 W com.dc.hwsj: Accessing hidden method Ljava/security/spec/ECParameterSpec;->setCurveName(Ljava/lang/String;)V (greylist, reflection, allowed)
12-06 02:40:36.090   568  1984 I ActivityManager: Killing 21282:com.google.android.gms.unstable/u0a107 (adj 995): empty for 4518s
12-06 02:40:36.098 22423 22514 D EGL_emulation: eglMakeCurrent: 0xf18d2220: ver 2 0 (tinfo 0xbb7dfc10) (first time)
12-06 02:40:36.106   326   326 I Zygote  : Process 21282 exited due to signal 9 (Killed)
12-06 02:40:36.108 22423 22514 V GLSurfaceView: glGetString(7937) returns Android Emulator OpenGL ES Translator (GeForce RTX 2060 with Max-Q Design/PCIe/SSE2);
12-06 02:40:36.126 22423 22647 W com.dc.hwsj: Accessing hidden method Ldalvik/system/BlockGuard;->getThreadPolicy()Ldalvik/system/BlockGuard$Policy; (greylist,core-platform-api, linking, allowed)
12-06 02:40:36.126 22423 22647 W com.dc.hwsj: Accessing hidden method Ldalvik/system/BlockGuard$Policy;->onNetwork()V (greylist, linking, allowed)
12-06 02:40:36.138   568   599 I libprocessgroup: Successfully killed process cgroup uid 10107 pid 21282 in 46ms
12-06 02:40:36.138   342  1881 D goldfish-address-space: allocate: Ask for block of size 0x925680
12-06 02:40:36.138   342  1881 D goldfish-address-space: allocate: ioctl allocate returned offset 0x3fedb2000 size 0x927000
12-06 02:40:36.162 22423 22504 I OpenGLRenderer: Davey! duration=1080ms; Flags=1, IntendedVsync=21260998746326, Vsync=21261798746294, OldestInputEvent=9223372036854775807, NewestInputEvent=0, HandleInputStart=21261801771700, AnimationStart=21261801810900, PerformTraversalsStart=21261805450100, DrawStart=21262022165500, SyncQueued=21262028559000, SyncStart=21262030275900, IssueDrawCommandsStart=21262031708900, SwapBuffers=21262035149300, FrameCompleted=21262081293700, DequeueBufferDuration=22488800, QueueBufferDuration=403000, GpuCompleted=72904454231491230, 
12-06 02:40:36.166   568   596 W system_server: Failed to determine oat file name for dex location /data/app/~~vMwhP4KWeQQ2H5YXwkSXsQ==/com.dc.hwsj-kHBk8u3xuLtcd7PJ-TUUOQ==/base.apk: Dalvik cache directory does not exist
12-06 02:40:36.167   568   596 D ArtManagerInternalImpl: /data/misc/iorapd/com.dc.hwsj/280201/com.dc.hwsj.LuaActivity/compiled_traces/compiled_trace.pb doesn't exist
12-06 02:40:36.167   568   596 I ActivityTaskManager: Displayed com.dc.hwsj/.LuaActivity: +3s439ms
12-06 02:40:36.168   568   591 D EventSequenceValidator: Transition from ACTIVITY_LAUNCHED to ACTIVITY_FINISHED
12-06 02:40:36.186 22423 22423 I System.out: Elva init------
12-06 02:40:36.191 22423 22439 I com.dc.hwsj: Background concurrent copying GC freed 89695(6463KB) AllocSpace objects, 43(1216KB) LOS objects, 49% free, 6248KB/12MB, paused 382us total 210.223ms
12-06 02:40:36.359   208   208 E SELinux : avc:  denied  { find } for pid=22677 uid=2000 name=car_service scontext=u:r:shell:s0 tcontext=u:object_r:default_android_service:s0 tclass=service_manager permissive=0
12-06 02:40:36.359 22677 22677 W cmd     : Can't find service car_service
12-06 02:40:36.607 22423 22632 I ADMonitor: Network request successful, result: {"data":"{\"info\":\"ok\",\"status\":1}","info":"请求成功","stat":1}
12-06 02:40:36.860 22423 22423 E Elva    : AIBOT 初始化成功。。。。。。。。。。。。。。
12-06 02:40:36.984 22423 22423 E Elva    : AIBOT 返回消息。。。。。。。。。。。。。。1{"msgs":[{"msg":"Greetings Sultan, I'm your personal assistant Canfeza, welcome to Game of Sultans! Please choose one of the following and provide relevant info if you encounter any related issues, our dedicated customer service team will endeavor to help you with your inquiry in the first instance!","actions":[{"action":"Didn't Receive my Purchases","reply":"Didn't Receive my Purchases"},{"action":"Game Guides","reply":"Game Guides"},{"action":"Account Issues","reply":"Account Issues"},{"action":"Game Bugs","reply":"Game Bugs"},{"action":"Login or Loading Issues","reply":"Login or Loading Issues"},{"action":"Forgot my Union Password","reply":"Forgot my Union Password"},{"action":"I Have a Suggestion","reply":"I Have a Suggestion"},{"action":"None of the Above ","reply":"None of the Above "}]}]}
12-06 02:40:36.994 22423 22423 I System.out: BroadcastReceiver onReceive netType = 1, action = Intent { act=android.net.conn.CONNECTIVITY_CHANGE flg=0x4200010 (has extras) }
12-06 02:40:36.994 22423 22423 I System.out: NetWorkMonitorManager setNetListener isConnected = true
12-06 02:40:36.994 22423 22423 I ADMonitor: EventSender setNetworkStatus. connected = true, mState = running
12-06 02:40:37.019 22423 22423 I Choreographer: Skipped 67 frames!  The application may be doing too much work on its main thread.
12-06 02:40:37.020 22423 22651 V ironSourceSDK: API: IronSourceObject setIronSourceUserId - userId = 3fd629e7-6332-4d98-9201-34293fc811f7, isFromPublisher = false
12-06 02:40:37.052 22423 22423 D TAG     : Remote Config Fetch Succeeded!
12-06 02:40:37.058 22423 22647 D AppLovinSdk: [AppLovinSdk] 
