12-06 02:40:55.411   208   208 E SELinux : avc:  denied  { find } for pid=23009 uid=2000 name=car_service scontext=u:r:shell:s0 tcontext=u:object_r:default_android_service:s0 tclass=service_manager permissive=0
12-06 02:40:55.411 23009 23009 W cmd     : Can't find service car_service
12-06 02:40:55.535 22423 22514 I Corona  : socket vertify success
12-06 02:40:55.535 22423 22514 I Corona  : socket begin heartBeat
12-06 02:40:55.941 22423 22441 W System  : A resource failed to call close. 
12-06 02:40:55.942 22423 22441 I chatty  : uid=10154(com.dc.hwsj) FinalizerDaemon identical 12 lines
12-06 02:40:55.942 22423 22441 W System  : A resource failed to call close. 
12-06 02:40:55.955  1611  2199 W SQLiteLog: (28) double-quoted string literal: "1607038855955"
12-06 02:40:55.955  1611  2199 W SQLiteLog: (28) double-quoted string literal: "1"
12-06 02:40:56.145 22423 22441 W System  : A resource failed to call close. 
12-06 02:40:56.146 22423 22441 I chatty  : uid=10154(com.dc.hwsj) FinalizerDaemon identical 5 lines
12-06 02:40:56.146 22423 22441 W System  : A resource failed to call close. 
12-06 02:40:56.148 22423 22441 W System  : A resource failed to call end. 
12-06 02:40:56.157 22423 22441 I chatty  : uid=10154(com.dc.hwsj) FinalizerDaemon identical 2 lines
12-06 02:40:56.157 22423 22441 W System  : A resource failed to call end. 
12-06 02:40:56.159 22423 22514 I Corona  : 
12-06 02:40:56.159 22423 22514 I Corona  : =============================================
12-06 02:40:56.160 22423 22514 I Corona  : send data：	   cmd : 	10003
12-06 02:40:56.160 22423 22514 I Corona  : {"newSdkParams":[],"isSend":true,"callBackFunc":"<type 'function' is not supported by JSON.>","url":"https://hwsj-eu-3.9longe.net/frontend/forward","data":{"Sess":"bsc[02[NoiXTETHr49MuU]w4uzxX","HotVersion":1607156217,"appId":1020,"ActId":10003,"Ver":"2.802","serverId":1724,"Token":"eyJhbGciOiJIUzI1NiIsInR5cCI6IkpXVCJ9.eyJleHAiOjE2MDcyMTIwMTAsImlhdCI6MTYwNzIxMTYyMCwianRpIjoieG5sdHM2OXlldzNsIn0.aNHAm4-RZm7b0sKNqeY4JbQkIRVxXgy1CWbyQqChg-U","RetailId":2,"T":1607211658,"Lang":"en","actionid":10003},"loginCount":1}
12-06 02:40:56.160 22423 22514 I Corona  : extra info：	https://hwsj-eu-3.9longe.net/frontend/forward
12-06 02:40:56.160 22423 22514 I Corona  : =============================================
12-06 02:40:56.161 22423 22514 I Corona  : DEBUG: network: network.request() - thread: 680
12-06 02:40:56.161 22423 22514 I Corona  : DEBUG: network: network.request() - luaState 481770d
12-06 02:40:56.162 22423 22514 I Corona  : DEBUG: network: Header - Content-Type: application/json
12-06 02:40:56.162 22423 22514 I Corona  : DEBUG: network: Header - X-Request-Ts: 1607211658148
12-06 02:40:56.162 22423 22514 I Corona  : DEBUG: network: Header - App-Key: bidke6c1fl2gorp69mmg
12-06 02:40:56.162 22423 22514 I Corona  : DEBUG: network: Header - X-Client-ID: c2486d640d42f0df223dea6c350d9994
12-06 02:40:56.162 22423 22514 I Corona  : DEBUG: network: Header - Logical-Region-Id: 1020
12-06 02:40:56.162 22423 22514 I Corona  : DEBUG: network: Header - Accept-Language: zh-CN
12-06 02:40:56.162 22423 22514 I Corona  : DEBUG: network: Header - Retail-Id: 2
12-06 02:40:56.163 22423 22514 I Corona  : DEBUG: network: Request body from String (text)
12-06 02:40:56.163 22423 22514 I Corona  : DEBUG: network: Request timeout provided, was: 20
12-06 02:40:56.164 22423 23019 I Corona  : DEBUG: network: Network request: 
12-06 02:40:56.164 22423 23019 I Corona  : DEBUG: network: Opening connection to: https://hwsj-eu-3.9longe.net/frontend/forward
12-06 02:40:56.164 22423 23019 I Corona  : DEBUG: network: Content-Type header value for POST/PUT is: application/json
12-06 02:40:56.164 22423 23019 I Corona  : DEBUG: network: Adding default charset to Content-Type header: application/json; charset=UTF-8
12-06 02:40:56.164 22423 23019 I Corona  : DEBUG: network: Request body is text from Lua string (requestBodyCharset: UTF-8)
12-06 02:40:56.164 22423 23019 I Corona  : DEBUG: network: Request body size: 459
12-06 02:40:56.232 22423 23019 I Corona  : DEBUG: network: Waiting for response code (https://hwsj-eu-3.9longe.net/frontend/forward)
12-06 02:40:56.356   208   208 E SELinux : avc:  denied  { find } for pid=23023 uid=2000 name=car_service scontext=u:r:shell:s0 tcontext=u:object_r:default_android_service:s0 tclass=service_manager permissive=0
12-06 02:40:56.357 23023 23023 W cmd     : Can't find service car_service
12-06 02:40:56.638 22423 23019 I Corona  : DEBUG: network: Got response code 200 (https://hwsj-eu-3.9longe.net/frontend/forward)
12-06 02:40:56.638 22423 23019 I Corona  : DEBUG: network: Looking for embedded encoding in content: <BODY>{"data":"wUvVZTok85589w/sO1m4ULC/mReKKbe7IHIZdAZkrlE1iH5gQPyFJqvezJ/6uvYktBR9n2diH/fSNTMcqyAN9BqMC8WzhYAFn/uNrI8DGMoJOEaiSK1bpwcWBtO5JcLFoFWbkqZvZHwzJ9J04jFfV9l2Ty/qx5jJGgwwrv3xWpFgIx41A3CjPJqhWeP80yT0FQokrkDbkBN6bOlyQ21yq9tlecKSr21y4wowCxP/eRUSMjzkYSV2qq409s2qYB/+FlpHVd3qUDMO/68wr2E1fXcihCPbFvW2Xmg/dfQfvtNFzlRTkD1AlB/6CYNtrmz+BSy0gHHaomBg0gQXZawuw51MI9yd4GRy0/G0KCgprrmtlUd9WutNDUquEAyn","info":"������������","stat":1}</BODY>
12-06 02:40:56.638 22423 23019 I Corona  : DEBUG: network: Writing implicit charset debug
12-06 02:40:56.638 22423 23019 I Corona  : DEBUG: network: Response content was text, to be decoded with: UTF-8
12-06 02:40:56.638 22423 23019 I Corona  : DEBUG: network: Posting callback CoronaRuntimeTask to Corona thread
12-06 02:40:56.639 22423 22514 I Corona  : DEBUG: network: Executing callback - thread: 680
12-06 02:40:56.639 22423 22514 I Corona  : DEBUG: network: Executing callback - runtime luaState: 481770d
12-06 02:40:56.639 22423 22514 I Corona  : DEBUG: network: Calling Lua callback
12-06 02:40:56.640 22423 22514 I Corona  : DEBUG: network: Processing header: HTTP-STATUS-LINE
12-06 02:40:56.640 22423 22514 I Corona  : DEBUG: network: Processing header: Alt-Svc
12-06 02:40:56.640 22423 22514 I Corona  : DEBUG: network: Processing header: Content-Length
12-06 02:40:56.640 22423 22514 I Corona  : DEBUG: network: Processing header: Content-Type
12-06 02:40:56.640 22423 22514 I Corona  : DEBUG: network: Processing header: Date
12-06 02:40:56.640 22423 22514 I Corona  : DEBUG: network: Processing header: Via
12-06 02:40:56.640 22423 22514 I Corona  : DEBUG: network: Processing header: X-Android-Received-Millis
12-06 02:40:56.640 22423 22514 I Corona  : DEBUG: network: Processing header: X-Android-Response-Source
12-06 02:40:56.640 22423 22514 I Corona  : DEBUG: network: Processing header: X-Android-Selected-Protocol
12-06 02:40:56.641 22423 22514 I Corona  : DEBUG: network: Processing header: X-Android-Sent-Millis
12-06 02:40:56.643 22423 22514 I Corona  : 
12-06 02:40:56.644 22423 22514 I Corona  : =============================================
12-06 02:40:56.644 22423 22514 I Corona  : response data：	   cmd : 	10003
12-06 02:40:56.644 22423 22514 I Corona  : {"stat":1,"info":"请求成功","data":"{"Data":{"BuffAdd":0,"GuideBuff":{},"EstimatedRevenue":{"2":120,"3":120,"4":130},"RedPoint":{"LoginWelfareReceive":1,"HalloweenAchievementServer":1,"KingBossAchievementServer":1,"SeaKingAchievementServer":1,"FbFansFeedback":1,"board":1,"SpecialDiscount":1,"achievement":1,"dailyTask":1,"TimeLimitSynthesis":1},"SysTime":1607211659},"Info":"","Code":0,"Sess":"bsc[02[NoiXTETHr49MuU]w4uzxX"}"}
12-06 02:40:56.644 22423 22514 I Corona  : extra info：	访问时间(ms) ： 481.14705085754
12-06 02:40:56.644 22423 22514 I Corona  : =============================================
12-06 02:40:56.710 22423 22514 I Corona  : DEBUG: network: Unregistering callback after call
12-06 02:40:57.338   208   208 E SELinux : avc:  denied  { find } for pid=23029 uid=2000 name=car_service scontext=u:r:shell:s0 tcontext=u:object_r:default_android_service:s0 tclass=service_manager permissive=0
12-06 02:40:57.338 23029 23029 W cmd     : Can't find service car_service
12-06 02:40:58.341   208   208 E SELinux : avc:  denied  { find } for pid=23035 uid=2000 name=car_service scontext=u:r:shell:s0 tcontext=u:object_r:default_android_service:s0 tclass=service_manager permissive=0
12-06 02:40:58.341 23035 23035 W cmd     : Can't find service car_service
12-06 02:40:58.774 22423 22514 I Corona  : 
12-06 02:40:58.774 22423 22514 I Corona  : =============================================
12-06 02:40:58.774 22423 22514 I Corona  : send data：	   cmd : 	10001
12-06 02:40:58.774 22423 22514 I Corona  : {"newSdkParams":[],"isSend":true,"callBackFunc":"<type 'function' is not supported by JSON.>","url":"https://hwsj-eu-3.9longe.net/frontend/forward","data":{"Sess":"bsc[02[NoiXTETHr49MuU]w4uzxX","HotVersion":1607156217,"appId":1020,"CollectType":1,"ActId":10001,"Ver":"2.802","serverId":1724,"Token":"eyJhbGciOiJIUzI1NiIsInR5cCI6IkpXVCJ9.eyJleHAiOjE2MDcyMTIwMTAsImlhdCI6MTYwNzIxMTYyMCwianRpIjoieG5sdHM2OXlldzNsIn0.aNHAm4-RZm7b0sKNqeY4JbQkIRVxXgy1CWbyQqChg-U","RetailId":2,"T":1607211661,"Lang":"en","actionid":10001},"loginCount":1}
12-06 02:40:58.774 22423 22514 I Corona  : extra info：	https://hwsj-eu-3.9longe.net/frontend/forward
12-06 02:40:58.774 22423 22514 I Corona  : =============================================
12-06 02:40:58.776 22423 22514 I Corona  : DEBUG: network: network.request() - thread: 680
12-06 02:40:58.776 22423 22514 I Corona  : DEBUG: network: network.request() - luaState 481770d
12-06 02:40:58.777 22423 22514 I Corona  : DEBUG: network: Header - Content-Type: application/json
12-06 02:40:58.777 22423 22514 I Corona  : DEBUG: network: Header - X-Request-Ts: 1607211661130
12-06 02:40:58.777 22423 22514 I Corona  : DEBUG: network: Header - App-Key: bidke6c1fl2gorp69mmg
12-06 02:40:58.777 22423 22514 I Corona  : DEBUG: network: Header - X-Client-ID: c2486d640d42f0df223dea6c350d9994
12-06 02:40:58.777 22423 22514 I Corona  : DEBUG: network: Header - Logical-Region-Id: 1020
12-06 02:40:58.777 22423 22514 I Corona  : DEBUG: network: Header - Accept-Language: zh-CN
12-06 02:40:58.777 22423 22514 I Corona  : DEBUG: network: Header - Retail-Id: 2
12-06 02:40:58.777 22423 22514 I Corona  : DEBUG: network: Request body from String (text)
12-06 02:40:58.778 22423 22514 I Corona  : DEBUG: network: Request timeout provided, was: 20
12-06 02:40:58.778 22423 23039 I Corona  : DEBUG: network: Network request: 
12-06 02:40:58.778 22423 23039 I Corona  : DEBUG: network: Opening connection to: https://hwsj-eu-3.9longe.net/frontend/forward
12-06 02:40:58.778 22423 23039 I Corona  : DEBUG: network: Content-Type header value for POST/PUT is: application/json
12-06 02:40:58.779 22423 23039 I Corona  : DEBUG: network: Adding default charset to Content-Type header: application/json; charset=UTF-8
12-06 02:40:58.779 22423 23039 I Corona  : DEBUG: network: Request body is text from Lua string (requestBodyCharset: UTF-8)
12-06 02:40:58.779 22423 23039 I Corona  : DEBUG: network: Request body size: 483
12-06 02:40:58.782 22423 23039 I Corona  : DEBUG: network: Waiting for response code (https://hwsj-eu-3.9longe.net/frontend/forward)
12-06 02:40:58.882 22423 23039 I Corona  : DEBUG: network: Got response code 200 (https://hwsj-eu-3.9longe.net/frontend/forward)
12-06 02:40:58.883 22423 23039 I Corona  : DEBUG: network: Looking for embedded encoding in content: <BODY>{"data":"wUvVZTok85589w/su3iYILC8ubl/qU8qpAOZCR1t7sjz5PXTYn9O2nNbRRYpCfOnPl3ZYkheiYJyPekWGUrVxw+g/bMhdhOV7P3yx11zMm4pMxoirh+d0lt2OsfArW89ErrVELILwBdZrYPlRFZfIHtDWYcGbpi1rUdPXeCKbaJlrWkiGGJIEeXzeQR/W4eMGAk5ehKFRTUocEaJ628BJAtPpjdINzzTcFJYxCUlsbphKk+BNB5WcFEWCUJNVX9Qki55IDE+FatC/RRdi7SEqT8OKlJYv4JpoUlmWcg/h2WmKJE6L7/Vyc6FaCA4F84HIbivkVUt//hw2qHe47WeBMUxv9nXTzkWZDpRB+3Zc7N+GPWzmf+6mwIQe9qy3xFAxgWL8EdaPHvhtjfDDwfgVF1CTgwOwSt8zSCpjKjNeeyi4TPwu87yBGNyHlDFznM9F4Gl2BmBTITaU6A76MrTiyY9OeEZImhiqvCgcDrB5nUmgAXgToYJulRiJv7ehZ+YV0vbM99MHm7lv+nE9YLBqPsZmOU6gVfqX5VtvMTuw1nKluaC65S/GB/rhsEH","info":"������������","stat":1}</BODY>
12-06 02:40:58.883 22423 23039 I Corona  : DEBUG: network: Writing implicit charset debug
12-06 02:40:58.883 22423 23039 I Corona  : DEBUG: network: Response content was text, to be decoded with: UTF-8
12-06 02:40:58.883 22423 23039 I Corona  : DEBUG: network: Posting callback CoronaRuntimeTask to Corona thread
12-06 02:40:58.892 22423 22514 I Corona  : DEBUG: network: Executing callback - thread: 680
12-06 02:40:58.892 22423 22514 I Corona  : DEBUG: network: Executing callback - runtime luaState: 481770d
12-06 02:40:58.892 22423 22514 I Corona  : DEBUG: network: Calling Lua callback
12-06 02:40:58.892 22423 22514 I Corona  : DEBUG: network: Processing header: HTTP-STATUS-LINE
12-06 02:40:58.893 22423 22514 I Corona  : DEBUG: network: Processing header: Alt-Svc
12-06 02:40:58.893 22423 22514 I Corona  : DEBUG: network: Processing header: Content-Length
12-06 02:40:58.893 22423 22514 I Corona  : DEBUG: network: Processing header: Content-Type
12-06 02:40:58.893 22423 22514 I Corona  : DEBUG: network: Processing header: Date
12-06 02:40:58.893 22423 22514 I Corona  : DEBUG: network: Processing header: Via
12-06 02:40:58.893 22423 22514 I Corona  : DEBUG: network: Processing header: X-Android-Received-Millis
12-06 02:40:58.893 22423 22514 I Corona  : DEBUG: network: Processing header: X-Android-Response-Source
12-06 02:40:58.893 22423 22514 I Corona  : DEBUG: network: Processing header: X-Android-Selected-Protocol
12-06 02:40:58.893 22423 22514 I Corona  : DEBUG: network: Processing header: X-Android-Sent-Millis
12-06 02:40:58.897 22423 22514 I Corona  : 
12-06 02:40:58.897 22423 22514 I Corona  : =============================================
12-06 02:40:58.897 22423 22514 I Corona  : response data：	   cmd : 	10001
12-06 02:40:58.897 22423 22514 I Corona  : {"stat":1,"info":"请求成功","data":"{"Info":"","Code":0,"Sess":"bsc[02[NoiXTETHr49MuU]w4uzxX","Data":{"PlayerReturnBuffSwitch":{"4":0,"5":0,"6":0,"1":0,"2":0,"3":0},"RedPoint":{"board":1,"SpecialDiscount":1,"dailyTask":1,"achievement":1,"TimeLimitSynthesis":1,"FbFansFeedback":1,"LoginWelfareReceive":1,"HalloweenAchievementServer":1,"KingBossAchievementServer":1,"SeaKingAchievementServer":1},"Extra":{"mainTask":12},"LevyList":{"1":[{"ItemId":2,"Num":120}]},"PlayerReturnBuff":{"2":0,"3":0,"4":0,"5":0,"6":0,"1":0},"OverTimes":[120],"RemainList":[{"Num":3520,"ItemId":2}],"SysTime":1607211661,"LevyTimeUTC":[1607211541,1607199878,1607199880],"MiracleTrigger":false,"EstimatedRevenue":{"4":130,"2":120,"3":120}}}"}
12-06 02:40:58.897 22423 22514 I Corona  : extra info：	访问时间(ms) ： 119.18187141418
12-06 02:40:58.897 22423 22514 I Corona  : =============================================
12-06 02:40:58.935 22423 22514 I SoundDecoder: MPG123: Accepting data stream.
12-06 02:40:58.942 22423 22514 I Corona  : DEBUG: network: Unregistering callback after call
12-06 02:40:58.968  1611  2199 W SQLiteLog: (28) double-quoted string literal: "1607038858968"
12-06 02:40:58.968  1611  2199 W SQLiteLog: (28) double-quoted string literal: "1"
12-06 02:40:59.343   208   208 E SELinux : avc:  denied  { find } for pid=23043 uid=2000 name=car_service scontext=u:r:shell:s0 tcontext=u:object_r:default_android_service:s0 tclass=service_manager permissive=0
12-06 02:40:59.343 23043 23043 W cmd     : Can't find service car_service
12-06 02:41:00.074 22423 22514 I Corona  : 
12-06 02:41:00.074 22423 22514 I Corona  : =============================================
12-06 02:41:00.074 22423 22514 I Corona  : send data：	   cmd : 	10001
12-06 02:41:00.074 22423 22514 I Corona  : {"newSdkParams":[],"isSend":true,"callBackFunc":"<type 'function' is not supported by JSON.>","url":"https://hwsj-eu-3.9longe.net/frontend/forward","data":{"Sess":"bsc[02[NoiXTETHr49MuU]w4uzxX","HotVersion":1607156217,"appId":1020,"CollectType":2,"ActId":10001,"Ver":"2.802","serverId":1724,"Token":"eyJhbGciOiJIUzI1NiIsInR5cCI6IkpXVCJ9.eyJleHAiOjE2MDcyMTIwMTAsImlhdCI6MTYwNzIxMTYyMCwianRpIjoieG5sdHM2OXlldzNsIn0.aNHAm4-RZm7b0sKNqeY4JbQkIRVxXgy1CWbyQqChg-U","RetailId":2,"T":1607211662,"Lang":"en","actionid":10001},"loginCount":1}
12-06 02:41:00.074 22423 22514 I Corona  : extra info：	https://hwsj-eu-3.9longe.net/frontend/forward
12-06 02:41:00.074 22423 22514 I Corona  : =============================================
12-06 02:41:00.076 22423 22514 I Corona  : DEBUG: network: network.request() - thread: 680
12-06 02:41:00.076 22423 22514 I Corona  : DEBUG: network: network.request() - luaState 481770d
12-06 02:41:00.076 22423 22514 I Corona  : DEBUG: network: Header - Content-Type: application/json
12-06 02:41:00.077 22423 22514 I Corona  : DEBUG: network: Header - X-Request-Ts: 1607211662143
12-06 02:41:00.077 22423 22514 I Corona  : DEBUG: network: Header - App-Key: bidke6c1fl2gorp69mmg
12-06 02:41:00.077 22423 22514 I Corona  : DEBUG: network: Header - X-Client-ID: c2486d640d42f0df223dea6c350d9994
12-06 02:41:00.077 22423 22514 I Corona  : DEBUG: network: Header - Logical-Region-Id: 1020
12-06 02:41:00.077 22423 22514 I Corona  : DEBUG: network: Header - Accept-Language: zh-CN
12-06 02:41:00.078 22423 22514 I Corona  : DEBUG: network: Header - Retail-Id: 2
12-06 02:41:00.078 22423 22514 I Corona  : DEBUG: network: Request body from String (text)
12-06 02:41:00.078 22423 22514 I Corona  : DEBUG: network: Request timeout provided, was: 20
12-06 02:41:00.082 22423 23047 I Corona  : DEBUG: network: Network request: 
12-06 02:41:00.083 22423 23047 I Corona  : DEBUG: network: Opening connection to: https://hwsj-eu-3.9longe.net/frontend/forward
12-06 02:41:00.083 22423 23047 I Corona  : DEBUG: network: Content-Type header value for POST/PUT is: application/json
12-06 02:41:00.083 22423 23047 I Corona  : DEBUG: network: Adding default charset to Content-Type header: application/json; charset=UTF-8
12-06 02:41:00.083 22423 23047 I Corona  : DEBUG: network: Request body is text from Lua string (requestBodyCharset: UTF-8)
12-06 02:41:00.083 22423 23047 I Corona  : DEBUG: network: Request body size: 483
12-06 02:41:00.088 22423 23047 I Corona  : DEBUG: network: Waiting for response code (https://hwsj-eu-3.9longe.net/frontend/forward)
12-06 02:41:00.184 22423 23047 I Corona  : DEBUG: network: Got response code 200 (https://hwsj-eu-3.9longe.net/frontend/forward)
12-06 02:41:00.184 22423 23047 I Corona  : DEBUG: network: Looking for embedded encoding in content: <BODY>{"data":"wUvVZTok85589xcut3ihIKzEaU6vcobDMiqYGhJKUmQbQD17ZFvCJT24j4Ns+5x3Gl0acKGo7bi7suTIDd+CfwglouX1BhSQ7N+4UCdJ1JHVRKPMgBBd8H41twCtNU0ZYGd+u8KfNI2a0z7q6UybzTtjsKiZVUN7A0DhCU7YhL8lpS+lMj8lVOMykE2zn33U6SNf/0mS0J9v7FIXlNq5uDfmDcbcIDl31YhEZ4DfBtajOsFU3sXGMCp4JF3JMuaWyIvysoTnq1CN8aqj+MtdNcswlrC5g9AkU4WzEv5WqvkKFx/bXJPFjFt5nmFjUoKWgoO7hUINOl24hWQHukfGh3WD9dtELlZPnRZGrZ2aGoW4qL7KCo5J9achoNI8cXZzl1lAMo7OzdP8ixwOJaicV81uzSPHgLOUW8i8no2axr0nD74goU8eme4Rk7zq66NMROwI6JQZK4VwI4c1/gFFBWxUuxbC59vIB92eL2xvTVjgDyj8PJd086nID72w1zGMEH34pQriY/cx27syUbk0JrHHwMvvC5I5","info":"������������","stat":1}</BODY>
12-06 02:41:00.184 22423 23047 I Corona  : DEBUG: network: Writing implicit charset debug
12-06 02:41:00.184 22423 23047 I Corona  : DEBUG: network: Response content was text, to be decoded with: UTF-8
12-06 02:41:00.186 22423 23047 I Corona  : DEBUG: network: Posting callback CoronaRuntimeTask to Corona thread
12-06 02:41:00.189 22423 22514 I Corona  : DEBUG: network: Executing callback - thread: 680
12-06 02:41:00.189 22423 22514 I Corona  : DEBUG: network: Executing callback - runtime luaState: 481770d
12-06 02:41:00.189 22423 22514 I Corona  : DEBUG: network: Calling Lua callback
12-06 02:41:00.190 22423 22514 I Corona  : DEBUG: network: Processing header: HTTP-STATUS-LINE
12-06 02:41:00.190 22423 22514 I Corona  : DEBUG: network: Processing header: Alt-Svc
12-06 02:41:00.190 22423 22514 I Corona  : DEBUG: network: Processing header: Content-Length
12-06 02:41:00.190 22423 22514 I Corona  : DEBUG: network: Processing header: Content-Type
12-06 02:41:00.190 22423 22514 I Corona  : DEBUG: network: Processing header: Date
12-06 02:41:00.190 22423 22514 I Corona  : DEBUG: network: Processing header: Via
12-06 02:41:00.190 22423 22514 I Corona  : DEBUG: network: Processing header: X-Android-Received-Millis
12-06 02:41:00.190 22423 22514 I Corona  : DEBUG: network: Processing header: X-Android-Response-Source
12-06 02:41:00.190 22423 22514 I Corona  : DEBUG: network: Processing header: X-Android-Selected-Protocol
12-06 02:41:00.190 22423 22514 I Corona  : DEBUG: network: Processing header: X-Android-Sent-Millis
12-06 02:41:00.194 22423 22514 I Corona  : 
12-06 02:41:00.194 22423 22514 I Corona  : =============================================
12-06 02:41:00.194 22423 22514 I Corona  : response data：	   cmd : 	10001
12-06 02:41:00.194 22423 22514 I Corona  : {"stat":1,"info":"请求成功","data":"{"Sess":"bsc[02[NoiXTETHr49MuU]w4uzxX","Data":{"PlayerReturnBuff":{"1":0,"2":0,"3":0,"4":0,"5":0,"6":0},"RemainList":[{"ItemId":3,"Num":1410}],"LevyList":{"2":[{"ItemId":3,"Num":120}]},"LevyTimeUTC":[1607211541,1607211543,1607199880],"RedPoint":{"achievement":1,"SeaKingAchievementServer":1,"board":1,"SpecialDiscount":1,"dailyTask":1,"LoginWelfareReceive":1,"TimeLimitSynthesis":1,"FbFansFeedback":1,"HalloweenAchievementServer":1,"KingBossAchievementServer":1},"SysTime":1607211663,"MiracleTrigger":false,"PlayerReturnBuffSwitch":{"5":0,"6":0,"1":0,"2":0,"3":0,"4":0},"EstimatedRevenue":{"4":130,"2":120,"3":120},"OverTimes":[120]},"Info":"","Code":0}"}
12-06 02:41:00.194 22423 22514 I Corona  : extra info：	访问时间(ms) ： 116.39380455017
12-06 02:41:00.194 22423 22514 I Corona  : =============================================
12-06 02:41:00.198 22423 22514 I SoundDecoder: MPG123: Accepting data stream.
12-06 02:41:00.217 22423 22514 I Corona  : DEBUG: network: Unregistering callback after call
12-06 02:41:00.351   208   208 E SELinux : avc:  denied  { find } for pid=23050 uid=2000 name=car_service scontext=u:r:shell:s0 tcontext=u:object_r:default_android_service:s0 tclass=service_manager permissive=0
12-06 02:41:00.351 23050 23050 W cmd     : Can't find service car_service
12-06 02:41:01.339   208   208 E SELinux : avc:  denied  { find } for pid=23061 uid=2000 name=car_service scontext=u:r:shell:s0 tcontext=u:object_r:default_android_service:s0 tclass=service_manager permissive=0
12-06 02:41:01.339 23061 23061 W cmd     : Can't find service car_service
12-06 02:41:01.412 22423 22514 I Corona  : 
12-06 02:41:01.412 22423 22514 I Corona  : =============================================
12-06 02:41:01.412 22423 22514 I Corona  : send data：	   cmd : 	10001
12-06 02:41:01.412 22423 22514 I Corona  : {"newSdkParams":[],"isSend":true,"callBackFunc":"<type 'function' is not supported by JSON.>","url":"https://hwsj-eu-3.9longe.net/frontend/forward","data":{"Sess":"bsc[02[NoiXTETHr49MuU]w4uzxX","HotVersion":1607156217,"appId":1020,"CollectType":3,"ActId":10001,"Ver":"2.802","serverId":1724,"Token":"eyJhbGciOiJIUzI1NiIsInR5cCI6IkpXVCJ9.eyJleHAiOjE2MDcyMTIwMTAsImlhdCI6MTYwNzIxMTYyMCwianRpIjoieG5sdHM2OXlldzNsIn0.aNHAm4-RZm7b0sKNqeY4JbQkIRVxXgy1CWbyQqChg-U","RetailId":2,"T":1607211664,"Lang":"en","actionid":10001},"loginCount":1}
12-06 02:41:01.412 22423 22514 I Corona  : extra info：	https://hwsj-eu-3.9longe.net/frontend/forward
12-06 02:41:01.412 22423 22514 I Corona  : =============================================
12-06 02:41:01.414 22423 22514 I Corona  : DEBUG: network: network.request() - thread: 680
12-06 02:41:01.414 22423 22514 I Corona  : DEBUG: network: network.request() - luaState 481770d
12-06 02:41:01.415 22423 22514 I Corona  : DEBUG: network: Header - Content-Type: application/json
12-06 02:41:01.415 22423 22514 I Corona  : DEBUG: network: Header - X-Request-Ts: 1607211664217
12-06 02:41:01.415 22423 22514 I Corona  : DEBUG: network: Header - App-Key: bidke6c1fl2gorp69mmg
12-06 02:41:01.415 22423 22514 I Corona  : DEBUG: network: Header - X-Client-ID: c2486d640d42f0df223dea6c350d9994
12-06 02:41:01.415 22423 22514 I Corona  : DEBUG: network: Header - Logical-Region-Id: 1020
12-06 02:41:01.415 22423 22514 I Corona  : DEBUG: network: Header - Accept-Language: zh-CN
12-06 02:41:01.415 22423 22514 I Corona  : DEBUG: network: Header - Retail-Id: 2
12-06 02:41:01.415 22423 22514 I Corona  : DEBUG: network: Request body from String (text)
12-06 02:41:01.416 22423 22514 I Corona  : DEBUG: network: Request timeout provided, was: 20
12-06 02:41:01.417 22423 23065 I Corona  : DEBUG: network: Network request: 
12-06 02:41:01.417 22423 23065 I Corona  : DEBUG: network: Opening connection to: https://hwsj-eu-3.9longe.net/frontend/forward
12-06 02:41:01.417 22423 23065 I Corona  : DEBUG: network: Content-Type header value for POST/PUT is: application/json
12-06 02:41:01.417 22423 23065 I Corona  : DEBUG: network: Adding default charset to Content-Type header: application/json; charset=UTF-8
12-06 02:41:01.417 22423 23065 I Corona  : DEBUG: network: Request body is text from Lua string (requestBodyCharset: UTF-8)
12-06 02:41:01.418 22423 23065 I Corona  : DEBUG: network: Request body size: 483
12-06 02:41:01.421 22423 23065 I Corona  : DEBUG: network: Waiting for response code (https://hwsj-eu-3.9longe.net/frontend/forward)
12-06 02:41:01.520 22423 23065 I Corona  : DEBUG: network: Got response code 200 (https://hwsj-eu-3.9longe.net/frontend/forward)
12-06 02:41:01.521 22423 23065 I Corona  : DEBUG: network: Looking for embedded encoding in content: <BODY>{"data":"wUvVZTok85589x8tt3ihIKzEaU63cobjUiuYGhJKImQbQD17alvCJT24j4Ns+5x3Gl0aQKEoqi1YkJ1P9cYYiemR7p0gzbTQmND8jcc68eEgHrt+W69OINhLe0TnZGMwvsFEUiHgXFwGvXJfR+RCM2yTrtSaCVWM1qAsyOx4RIPTN9dAjc4wxVdwrs4jOwk1Kb8GYEFQgmhqHUjnFRHj6si9shMwYSUHBH5mwoXs/OEdaqivsbIu2YliHWRrelE2KxJBtMF8R2Sd5tDN5ifYPqHXUaEKzdZ2R6ySroUNl1CcOkMKG8rpeorWl7X+HQmzhK+V4DCcPKdhSAh09Qd/gMEuudQz6hzLDbC+69kpWk3jt6Mm5ruX9GqW8ILapcLPMPe1vvwbVD0ReuZehlclA6pRG/t22UOZsydvcDktV3HGHwV+s+bZXe/9/Z3bZnqGd3p6lrMxdivVdvDKiQWxXgbaMJeyJtzn6Mr07XV0A2q1ZavEQKBxnOSyYIbXOrC9pskxvRHqQF9rBarKy/lCIKYRpqyd9k0jwYTIfxcq","info":"������������","stat":1}</BODY>
12-06 02:41:01.521 22423 23065 I Corona  : DEBUG: network: Writing implicit charset debug
12-06 02:41:01.522 22423 23065 I Corona  : DEBUG: network: Response content was text, to be decoded with: UTF-8
12-06 02:41:01.523 22423 23065 I Corona  : DEBUG: network: Posting callback CoronaRuntimeTask to Corona thread
12-06 02:41:01.533 22423 22514 I Corona  : DEBUG: network: Executing callback - thread: 680
12-06 02:41:01.533 22423 22514 I Corona  : DEBUG: network: Executing callback - runtime luaState: 481770d
12-06 02:41:01.533 22423 22514 I Corona  : DEBUG: network: Calling Lua callback
12-06 02:41:01.534 22423 22514 I Corona  : DEBUG: network: Processing header: HTTP-STATUS-LINE
12-06 02:41:01.534 22423 22514 I Corona  : DEBUG: network: Processing header: Alt-Svc
12-06 02:41:01.534 22423 22514 I Corona  : DEBUG: network: Processing header: Content-Length
12-06 02:41:01.534 22423 22514 I Corona  : DEBUG: network: Processing header: Content-Type
12-06 02:41:01.534 22423 22514 I Corona  : DEBUG: network: Processing header: Date
12-06 02:41:01.534 22423 22514 I Corona  : DEBUG: network: Processing header: Via
12-06 02:41:01.534 22423 22514 I Corona  : DEBUG: network: Processing header: X-Android-Received-Millis
12-06 02:41:01.534 22423 22514 I Corona  : DEBUG: network: Processing header: X-Android-Response-Source
12-06 02:41:01.534 22423 22514 I Corona  : DEBUG: network: Processing header: X-Android-Selected-Protocol
12-06 02:41:01.534 22423 22514 I Corona  : DEBUG: network: Processing header: X-Android-Sent-Millis
12-06 02:41:01.540 22423 22514 I Corona  : 
12-06 02:41:01.541 22423 22514 I Corona  : =============================================
12-06 02:41:01.541 22423 22514 I Corona  : response data：	   cmd : 	10001
12-06 02:41:01.541 22423 22514 I Corona  : {"stat":1,"info":"请求成功","data":"{"Sess":"bsc[02[NoiXTETHr49MuU]w4uzxX","Data":{"OverTimes":[120],"PlayerReturnBuff":{"5":0,"6":0,"1":0,"2":0,"3":0,"4":0},"SysTime":1607211664,"PlayerReturnBuffSwitch":{"4":0,"5":0,"6":0,"1":0,"2":0,"3":0},"EstimatedRevenue":{"2":120,"3":120,"4":130},"LevyTimeUTC":[1607211541,1607211543,1607211544],"RemainList":[{"ItemId":4,"Num":351040},{"ItemId":3,"Num":1280}],"RedPoint":{"KingBossAchievementServer":1,"SeaKingAchievementServer":1,"TimeLimitSynthesis":1,"board":1,"dailyTask":1,"achievement":1,"SpecialDiscount":1,"FbFansFeedback":1,"LoginWelfareReceive":1,"HalloweenAchievementServer":1},"MiracleTrigger":false,"LevyList":{"3":[{"ItemId":4,"Num":130}]}},"Info":"","Code":0}"}
12-06 02:41:01.541 22423 22514 I Corona  : extra info：	访问时间(ms) ： 122.55191802979
12-06 02:41:01.541 22423 22514 I Corona  : =============================================
12-06 02:41:01.547 22423 22514 I SoundDecoder: MPG123: Accepting data stream.
12-06 02:41:01.560 22423 22514 I Corona  : DEBUG: network: Unregistering callback after call
12-06 02:41:02.368   208   208 E SELinux : avc:  denied  { find } for pid=23068 uid=2000 name=car_service scontext=u:r:shell:s0 tcontext=u:object_r:default_android_service:s0 tclass=service_manager permissive=0
12-06 02:41:02.368 23068 23068 W cmd     : Can't find service car_service
12-06 02:41:02.985  1611  2199 W SQLiteLog: (28) double-quoted string literal: "1607038862985"
12-06 02:41:02.985  1611  2199 W SQLiteLog: (28) double-quoted string literal: "1"
12-06 02:41:03.356   208   208 E SELinux : avc:  denied  { find } for pid=23075 uid=2000 name=car_service scontext=u:r:shell:s0 tcontext=u:object_r:default_android_service:s0 tclass=service_manager permissive=0
12-06 02:41:03.356 23075 23075 W cmd     : Can't find service car_service
12-06 02:41:04.357   208   208 E SELinux : avc:  denied  { find } for pid=23081 uid=2000 name=car_service scontext=u:r:shell:s0 tcontext=u:object_r:default_android_service:s0 tclass=service_manager permissive=0
12-06 02:41:04.357 23081 23081 W cmd     : Can't find service car_service
12-06 02:41:05.364   208   208 E SELinux : avc:  denied  { find } for pid=23087 uid=2000 name=car_service scontext=u:r:shell:s0 tcontext=u:object_r:default_android_service:s0 tclass=service_manager permissive=0
12-06 02:41:05.364 23087 23087 W cmd     : Can't find service car_service
12-06 02:41:05.512     0     0 D logd    : logdr: UID=2000 GID=2000 PID=23091 n tail=0 logMask=99 pid=0 start=0ns timeout=0ns
