12-06 02:40:50.969 22423 22514 I Corona  : begin load ad:	dianchu
12-06 02:40:50.969 22423 22514 I Corona  : try load ad	dianchu	incentive/gos/en/v1.0.0/CT02.mp4	c0b8146c-b18e-4159-a169-0a85ffc0f311
12-06 02:40:50.975 22423 22514 I Corona  : try load called 	dianchu	incentive/gos/en/v1.0.0/CT02.mp4	c0b8146c-b18e-4159-a169-0a85ffc0f311
12-06 02:40:50.977 22423 22514 I Corona  : begin load ad:	facebook
12-06 02:40:50.978 22423 22514 I Corona  : try load ad	facebook	344133906328361_589830021758747	1207561063_219803391
12-06 02:40:50.987   331  4808 W android.hardware.audio.service.ranchu: TinyalsaSink::write:125 pcm_write was late reading frames, dropping 22131 us of audio
12-06 02:40:50.998   331  4808 W android.hardware.audio.service.ranchu: TinyalsaSink::write:125 pcm_write was late reading frames, dropping 22131 us of audio
12-06 02:40:51.013 22423 22514 E FBAudienceNetwork: You can't call load() for ad that is already LOADING, LOADED or SHOWING
12-06 02:40:51.016 22423 22514 I Corona  : try load called 	facebook	344133906328361_589830021758747	1207561063_219803391
12-06 02:40:51.053   331  4808 W android.hardware.audio.service.ranchu: TinyalsaSink::write:125 pcm_write was late reading frames, dropping 22131 us of audio
12-06 02:40:51.078   331  4808 W android.hardware.audio.service.ranchu: TinyalsaSink::write:125 pcm_write was late reading frames, dropping 22131 us of audio
12-06 02:40:51.119   441   510 D AudioFlinger: mixer(0xebb14030) throttle end: throttle time(5407)
12-06 02:40:51.267 22423 22514 I Corona  : getAvailableAd 	time compare 	1607211653	1607211833	ad read dianchu 	nil	nil
12-06 02:40:51.310 22423 22423 E dcsdk   : Rewarded video ad failed to load: No fill
12-06 02:40:51.341   331  4808 W android.hardware.audio.service.ranchu: TinyalsaSink::write:125 pcm_write was late reading frames, dropping 22131 us of audio
12-06 02:40:51.351   208   208 E SELinux : avc:  denied  { find } for pid=22914 uid=2000 name=car_service scontext=u:r:shell:s0 tcontext=u:object_r:default_android_service:s0 tclass=service_manager permissive=0
12-06 02:40:51.352 22914 22914 W cmd     : Can't find service car_service
12-06 02:40:51.475 22423 22514 I Corona  : 
12-06 02:40:51.475 22423 22514 I Corona  : =============================================
12-06 02:40:51.475 22423 22514 I Corona  : send data：	cmd : 	15000
12-06 02:40:51.475 22423 22514 I Corona  : {"newSdkParams":[],"isSend":true,"callBackFunc":"<type 'function' is not supported by JSON.>","url":"https://hwsj-eu-3.9longe.net/frontend/forward","data":{"QueryRedpoint":[],"HotVersion":1607156217,"appId":1020,"ActId":15000,"Ver":"2.802","serverId":1724,"Token":"eyJhbGciOiJIUzI1NiIsInR5cCI6IkpXVCJ9.eyJleHAiOjE2MDcyMTIwMTAsImlhdCI6MTYwNzIxMTYyMCwianRpIjoieG5sdHM2OXlldzNsIn0.aNHAm4-RZm7b0sKNqeY4JbQkIRVxXgy1CWbyQqChg-U","RetailId":2,"T":1607211653,"actionid":15000,"Lang":"en","Sess":"bsc[02[NoiXTETHr49MuU]w4uzxX"},"loginCount":1}
12-06 02:40:51.475 22423 22514 I Corona  : extra info：	https://hwsj-eu-3.9longe.net/frontend/forward
12-06 02:40:51.475 22423 22514 I Corona  : =============================================
12-06 02:40:51.477 22423 22514 I Corona  : DEBUG: network: network.request() - thread: 680
12-06 02:40:51.477 22423 22514 I Corona  : DEBUG: network: network.request() - luaState 481770d
12-06 02:40:51.477 22423 22514 I Corona  : DEBUG: network: Header - Content-Type: application/json
12-06 02:40:51.477 22423 22514 I Corona  : DEBUG: network: Header - X-Request-Ts: 1607211653795
12-06 02:40:51.477 22423 22514 I Corona  : DEBUG: network: Header - App-Key: bidke6c1fl2gorp69mmg
12-06 02:40:51.478 22423 22514 I Corona  : DEBUG: network: Header - X-Client-ID: c2486d640d42f0df223dea6c350d9994
12-06 02:40:51.478 22423 22514 I Corona  : DEBUG: network: Header - Logical-Region-Id: 1020
12-06 02:40:51.478 22423 22514 I Corona  : DEBUG: network: Header - Accept-Language: zh-CN
12-06 02:40:51.478 22423 22514 I Corona  : DEBUG: network: Header - Retail-Id: 2
12-06 02:40:51.478 22423 22514 I Corona  : DEBUG: network: Request body from String (text)
12-06 02:40:51.478 22423 22514 I Corona  : DEBUG: network: Request timeout provided, was: 20
12-06 02:40:51.479 22423 22514 I Corona  : 
12-06 02:40:51.479 22423 22514 I Corona  : =============================================
12-06 02:40:51.479 22423 22514 I Corona  : send data：	   cmd : 	18129
12-06 02:40:51.479 22423 22514 I Corona  : {"newSdkParams":[],"errorCallBackFunc":"<type 'function' is not supported by JSON.>","isSend":true,"callBackFunc":"<type 'function' is not supported by JSON.>","url":"https://hwsj-eu-3.9longe.net/frontend/forward","data":{"Sess":"bsc[02[NoiXTETHr49MuU]w4uzxX","HotVersion":1607156217,"appId":1020,"ActId":18129,"Ver":"2.802","serverId":1724,"actionid":18129,"RetailId":2,"T":1607211653,"Login":1,"Lang":"en","Token":"eyJhbGciOiJIUzI1NiIsInR5cCI6IkpXVCJ9.eyJleHAiOjE2MDcyMTIwMTAsImlhdCI6MTYwNzIxMTYyMCwianRpIjoieG5sdHM2OXlldzNsIn0.aNHAm4-RZm7b0sKNqeY4JbQkIRVxXgy1CWbyQqChg-U"},"loginCount":1}
12-06 02:40:51.479 22423 22514 I Corona  : extra info：	https://hwsj-eu-3.9longe.net/frontend/forward
12-06 02:40:51.479 22423 22514 I Corona  : =============================================
12-06 02:40:51.479 22423 22918 I Corona  : DEBUG: network: Network request: 
12-06 02:40:51.479 22423 22918 I Corona  : DEBUG: network: Opening connection to: https://hwsj-eu-3.9longe.net/frontend/forward
12-06 02:40:51.479 22423 22918 I Corona  : DEBUG: network: Content-Type header value for POST/PUT is: application/json
12-06 02:40:51.480 22423 22918 I Corona  : DEBUG: network: Adding default charset to Content-Type header: application/json; charset=UTF-8
12-06 02:40:51.480 22423 22918 I Corona  : DEBUG: network: Request body is text from Lua string (requestBodyCharset: UTF-8)
12-06 02:40:51.480 22423 22918 I Corona  : DEBUG: network: Request body size: 487
12-06 02:40:51.481 22423 22514 I Corona  : DEBUG: network: network.request() - thread: 680
12-06 02:40:51.481 22423 22514 I Corona  : DEBUG: network: network.request() - luaState 481770d
12-06 02:40:51.481 22423 22514 I Corona  : DEBUG: network: Header - Content-Type: application/json
12-06 02:40:51.481 22423 22514 I Corona  : DEBUG: network: Header - X-Request-Ts: 1607211653799
12-06 02:40:51.481 22423 22514 I Corona  : DEBUG: network: Header - App-Key: bidke6c1fl2gorp69mmg
12-06 02:40:51.482 22423 22514 I Corona  : DEBUG: network: Header - X-Client-ID: c2486d640d42f0df223dea6c350d9994
12-06 02:40:51.482 22423 22514 I Corona  : DEBUG: network: Header - Logical-Region-Id: 1020
12-06 02:40:51.482 22423 22514 I Corona  : DEBUG: network: Header - Accept-Language: zh-CN
12-06 02:40:51.482 22423 22514 I Corona  : DEBUG: network: Header - Retail-Id: 2
12-06 02:40:51.482 22423 22514 I Corona  : DEBUG: network: Request body from String (text)
12-06 02:40:51.482 22423 22514 I Corona  : DEBUG: network: Request timeout provided, was: 20
12-06 02:40:51.482 22423 22918 I Corona  : DEBUG: network: Waiting for response code (https://hwsj-eu-3.9longe.net/frontend/forward)
12-06 02:40:51.483 22423 22514 I Corona  : DEBUG: network: Unregistering callback after call
12-06 02:40:51.484 22423 22919 I Corona  : DEBUG: network: Network request: 
12-06 02:40:51.484 22423 22919 I Corona  : DEBUG: network: Opening connection to: https://hwsj-eu-3.9longe.net/frontend/forward
12-06 02:40:51.484 22423 22919 I Corona  : DEBUG: network: Content-Type header value for POST/PUT is: application/json
12-06 02:40:51.484 22423 22919 I Corona  : DEBUG: network: Adding default charset to Content-Type header: application/json; charset=UTF-8
12-06 02:40:51.484 22423 22919 I Corona  : DEBUG: network: Request body is text from Lua string (requestBodyCharset: UTF-8)
12-06 02:40:51.484 22423 22919 I Corona  : DEBUG: network: Request body size: 475
12-06 02:40:51.489 22423 22919 I Corona  : DEBUG: network: Waiting for response code (https://hwsj-eu-3.9longe.net/frontend/forward)
12-06 02:40:51.561 22423 22919 I Corona  : DEBUG: network: Got response code 200 (https://hwsj-eu-3.9longe.net/frontend/forward)
12-06 02:40:51.562 22423 22919 I Corona  : DEBUG: network: Looking for embedded encoding in content: <BODY>{"data":"wUvVZTok85589w+zy1iJILD/t5024dgJLhl5HBUN4FYfBBE7Q8033CzrRfjBXnXunluJ+PIWZv+e0vOOUF2/t2gfMl6Yhed3q1lL8ylHGRdvk0EQgAraJuxIZFlLrTDb24dxyVPGUTRQ1ylNv1zMV0Tqp6JIfT34yb3aO5Fmaz0s5YfDfHVSUpRm4VcleinJ9Hk9dbkU5xQH9tJf6pZAONuZHM8olsr34VeWJNXgxE5fwXCvOFOY/BwUTSBLxo88gIrYIGRPKKEe2yS75+bGooYAy5848hRiQBs5i+wrmMcMYfKdLat4HWSQkJouYVeZbSsvCSplSvGKr5Y=","info":"������������","stat":1}</BODY>
12-06 02:40:51.562 22423 22919 I Corona  : DEBUG: network: Writing implicit charset debug
12-06 02:40:51.562 22423 22919 I Corona  : DEBUG: network: Response content was text, to be decoded with: UTF-8
12-06 02:40:51.568 22423 22919 I Corona  : DEBUG: network: Posting callback CoronaRuntimeTask to Corona thread
12-06 02:40:51.587 22423 22441 W System  : A resource failed to call close. 
12-06 02:40:51.587 22423 22441 I chatty  : uid=10154(com.dc.hwsj) FinalizerDaemon identical 14 lines
12-06 02:40:51.588 22423 22441 W System  : A resource failed to call close. 
12-06 02:40:51.588 22423 22441 W System  : A resource failed to call end. 
12-06 02:40:51.588 22423 22441 W System  : A resource failed to call end. 
12-06 02:40:51.589 22423 22441 W System  : A resource failed to call close. 
12-06 02:40:51.590 22423 22918 I Corona  : DEBUG: network: Got response code 200 (https://hwsj-eu-3.9longe.net/frontend/forward)
12-06 02:40:51.590 22423 22918 I Corona  : DEBUG: network: Looking for embedded encoding in content: <BODY>{"data":"wUvVZTok85589xcpt2SYKLDEaUi/QvkfV3fypJI72ID/nAbYjC3ZM64BC7lhmHeIRraYrbECZrCBIpq119TVG8gCR58i3BvkXKGv+wj8oU3jCWSB6FEVoV69PImJMEOYPaWajQzI3RdtAhSqqBIPf7sAsMnMNUMyEEiV2/BYWS+iO4sIfu7iMUgI5XbcNUtZAfgXtbvYytvBROLCHeTTU1y0tFRhItlpJwKrK7JvXkiSJXRKKoqIEmi1N/8ba7FdjHIIvq9lMckXTwAQQD+DrOvz/MeDr3ehYJl0bUQXOOThwaJs9gdQ+3hIWTWTK5ZNubiBrYwq7DP9BxC3kP2Vh8+gKRQEqyX9xCc8ushc6T5aI2JD/QDGo1vMqYhvT8h4Ei3q9al6N8ou6tbulXu9veIZhMqrtCOr1XPmldtsiIL40330Z3n1xbXf60hdrF8IL3m2KxGk6ZSQb4ONFM6ohCWBsUSxCtA+zyoZJa2OIEan4OZFE2sMhPJgVFMzmpEmI2I42RFxb4+ytPbrP8wfEkAp6d596pd7Dr2dnoc232ztAPZ9/mioQVdJWGKRjBCYrvMdqlcjdWNd8AzcjetEApLPp349TnG2u36i/4XJopIdr2BKC2KWS93qdpOY9CA5sTfCHzEs8mhDRhiyuUzLe0+G8Gpzhzoh5JhHuoTTAuFAgavtR1mUP1bCEIuMJKLEJs4FPefC5JC6uAsxQhEbZNdyL1pf5aWpgzTEnMQ3tahwIImQm+4tVCCrL3PHLink/Pc623QpzQrXHJz1KHaYRi6F/mI/nusOOgcmHiioJnjtSYP6izk</BODY>
12-06 02:40:51.590 22423 22918 I Corona  : DEBUG: network: Writing implicit charset debug
12-06 02:40:51.590 22423 22918 I Corona  : DEBUG: network: Response content was text, to be decoded with: UTF-8
12-06 02:40:51.591 22423 22918 I Corona  : DEBUG: network: Posting callback CoronaRuntimeTask to Corona thread
12-06 02:40:51.601 22423 22514 I SoundDecoder: MPG123: Accepting data stream.
12-06 02:40:51.609 22423 22514 I Corona  : 
12-06 02:40:51.609 22423 22514 I Corona  : =============================================
12-06 02:40:51.609 22423 22514 I Corona  : send data：	   cmd : 	12703
12-06 02:40:51.609 22423 22514 I Corona  : {"newSdkParams":[],"isSend":true,"callBackFunc":"<type 'function' is not supported by JSON.>","url":"https://hwsj-eu-3.9longe.net/frontend/forward","data":{"Sess":"bsc[02[NoiXTETHr49MuU]w4uzxX","HotVersion":1607156217,"appId":1020,"ActId":12703,"Ver":"2.802","serverId":1724,"Token":"eyJhbGciOiJIUzI1NiIsInR5cCI6IkpXVCJ9.eyJleHAiOjE2MDcyMTIwMTAsImlhdCI6MTYwNzIxMTYyMCwianRpIjoieG5sdHM2OXlldzNsIn0.aNHAm4-RZm7b0sKNqeY4JbQkIRVxXgy1CWbyQqChg-U","RetailId":2,"T":1607211653,"Lang":"en","actionid":12703},"loginCount":1}
12-06 02:40:51.609 22423 22514 I Corona  : extra info：	https://hwsj-eu-3.9longe.net/frontend/forward
12-06 02:40:51.609 22423 22514 I Corona  : =============================================
12-06 02:40:51.611 22423 22514 I Corona  : DEBUG: network: network.request() - thread: 680
12-06 02:40:51.611 22423 22514 I Corona  : DEBUG: network: network.request() - luaState 481770d
12-06 02:40:51.611 22423 22514 I Corona  : DEBUG: network: Header - Content-Type: application/json
12-06 02:40:51.611 22423 22514 I Corona  : DEBUG: network: Header - X-Request-Ts: 1607211653929
12-06 02:40:51.611 22423 22514 I Corona  : DEBUG: network: Header - App-Key: bidke6c1fl2gorp69mmg
12-06 02:40:51.612 22423 22514 I Corona  : DEBUG: network: Header - X-Client-ID: c2486d640d42f0df223dea6c350d9994
12-06 02:40:51.612 22423 22514 I Corona  : DEBUG: network: Header - Logical-Region-Id: 1020
12-06 02:40:51.612 22423 22514 I Corona  : DEBUG: network: Header - Accept-Language: zh-CN
12-06 02:40:51.612 22423 22514 I Corona  : DEBUG: network: Header - Retail-Id: 2
12-06 02:40:51.612 22423 22514 I Corona  : DEBUG: network: Request body from String (text)
12-06 02:40:51.612 22423 22514 I Corona  : DEBUG: network: Request timeout provided, was: 20
12-06 02:40:51.613 22423 22921 I Corona  : DEBUG: network: Network request: 
12-06 02:40:51.614 22423 22921 I Corona  : DEBUG: network: Opening connection to: https://hwsj-eu-3.9longe.net/frontend/forward
12-06 02:40:51.614 22423 22921 I Corona  : DEBUG: network: Content-Type header value for POST/PUT is: application/json
12-06 02:40:51.614 22423 22921 I Corona  : DEBUG: network: Adding default charset to Content-Type header: application/json; charset=UTF-8
12-06 02:40:51.614 22423 22921 I Corona  : DEBUG: network: Request body is text from Lua string (requestBodyCharset: UTF-8)
12-06 02:40:51.614 22423 22921 I Corona  : DEBUG: network: Request body size: 459
12-06 02:40:51.618 22423 22921 I Corona  : DEBUG: network: Waiting for response code (https://hwsj-eu-3.9longe.net/frontend/forward)
12-06 02:40:51.709 22423 22921 I Corona  : DEBUG: network: Got response code 200 (https://hwsj-eu-3.9longe.net/frontend/forward)
12-06 02:40:51.711 22423 22921 I Corona  : DEBUG: network: Looking for embedded encoding in content: <BODY>{"data":"wUvVZTok855896fuNXmYILC+mReKbB9okneQ8UYTAIZ87ujr9sAXJ1cTRMq+LXJAKExMy0FRiPaeJ2sRuQr6jAiV0tm10SuVb7I3DBW7/VsZS8yXRPDz5+E+BqlTcbRsbM1acJCXfKHvPuEQ1sgazIwT79Ci8Z43HHETLEbbEuVbwtSvSb1lvz9/g4T6J16QmA6z+t4cmzaAdwwygB14U8VNCATfZGlAWiIG/6MHserjmP09gJVP2Jkh54oQl3GjfTXYjjKx0Y+6EX0PWjd1RTfbFGkdwxhS9kBlutFOzqcyZPZNMkaGz1EqSWGtGJLm3noWABb2m9NC3PggHSw3BMGEJDIxZFdfYh3zhDnDx+/xKhfRB913v7gotGC2jGP2Y8khUDq0XepoEtl9lx0a0SFLzhfgWJdQz3AXqjduNK0Y5RyODoTnXMxSUvr0FqvFkowG1hKr/M9YeNl9cPlLWAp/NFy+QkBfkN8uuthI8Tw9fI3QqKWQhTdWTdR45cL7U/78hyllEDD4ynRCO4pzAOUdGQKN3p1PLx9eQXilG1YKYuyAq6XU73+xu/+6L/GrRtg=","info":"������������","stat":1}</BODY>
12-06 02:40:51.711 22423 22921 I Corona  : DEBUG: network: Writing implicit charset debug
12-06 02:40:51.711 22423 22921 I Corona  : DEBUG: network: Response content was text, to be decoded with: UTF-8
12-06 02:40:51.711 22423 22921 I Corona  : DEBUG: network: Posting callback CoronaRuntimeTask to Corona thread
12-06 02:40:51.841 22423 22514 I Corona  : DEBUG: network: Executing callback - thread: 680
12-06 02:40:51.841 22423 22514 I Corona  : DEBUG: network: Executing callback - runtime luaState: 481770d
12-06 02:40:51.841 22423 22514 I Corona  : DEBUG: network: Calling Lua callback
12-06 02:40:51.842 22423 22514 I Corona  : DEBUG: network: Processing header: HTTP-STATUS-LINE
12-06 02:40:51.842 22423 22514 I Corona  : DEBUG: network: Processing header: Alt-Svc
12-06 02:40:51.842 22423 22514 I Corona  : DEBUG: network: Processing header: Content-Length
12-06 02:40:51.842 22423 22514 I Corona  : DEBUG: network: Processing header: Content-Type
12-06 02:40:51.842 22423 22514 I Corona  : DEBUG: network: Processing header: Date
12-06 02:40:51.842 22423 22514 I Corona  : DEBUG: network: Processing header: Via
12-06 02:40:51.842 22423 22514 I Corona  : DEBUG: network: Processing header: X-Android-Received-Millis
12-06 02:40:51.842 22423 22514 I Corona  : DEBUG: network: Processing header: X-Android-Response-Source
12-06 02:40:51.843 22423 22514 I Corona  : DEBUG: network: Processing header: X-Android-Selected-Protocol
12-06 02:40:51.843 22423 22514 I Corona  : DEBUG: network: Processing header: X-Android-Sent-Millis
12-06 02:40:51.845 22423 22514 I Corona  : DEBUG: network: Unregistering callback after call
12-06 02:40:51.845 22423 22514 I Corona  : DEBUG: network: Executing callback - thread: 680
12-06 02:40:51.845 22423 22514 I Corona  : DEBUG: network: Executing callback - runtime luaState: 481770d
12-06 02:40:51.845 22423 22514 I Corona  : DEBUG: network: Calling Lua callback
12-06 02:40:51.846 22423 22514 I Corona  : DEBUG: network: Processing header: HTTP-STATUS-LINE
12-06 02:40:51.846 22423 22514 I Corona  : DEBUG: network: Processing header: Alt-Svc
12-06 02:40:51.846 22423 22514 I Corona  : DEBUG: network: Processing header: Content-Length
12-06 02:40:51.846 22423 22514 I Corona  : DEBUG: network: Processing header: Content-Type
12-06 02:40:51.846 22423 22514 I Corona  : DEBUG: network: Processing header: Date
12-06 02:40:51.846 22423 22514 I Corona  : DEBUG: network: Processing header: Via
12-06 02:40:51.846 22423 22514 I Corona  : DEBUG: network: Processing header: X-Android-Received-Millis
12-06 02:40:51.846 22423 22514 I Corona  : DEBUG: network: Processing header: X-Android-Response-Source
12-06 02:40:51.847 22423 22514 I Corona  : DEBUG: network: Processing header: X-Android-Selected-Protocol
12-06 02:40:51.847 22423 22514 I Corona  : DEBUG: network: Processing header: X-Android-Sent-Millis
12-06 02:40:51.856 22423 22514 I Corona  : 
12-06 02:40:51.856 22423 22514 I Corona  : =============================================
12-06 02:40:51.856 22423 22514 I Corona  : response data：	cmd : 	12311
12-06 02:40:51.856 22423 22514 I Corona  : {"stat":1,"info":"请求成功","data":"{"Data":{"ShareRemainSeconds":0,"RedPoint":{"FbFansFeedback":1,"LoginWelfareReceive":1,"achievement":1,"SeaKingAchievementServer":1,"HalloweenAchievementServer":1,"TimeLimitSynthesis":1,"board":1,"SpecialDiscount":1,"KingBossAchievementServer":1,"dailyTask":1},"SysTime":1607211653,"NewestMsg":{"MsgData":{"Rid":"xnlv7ifkuwl5","AvatarList":{},"AvatarBoxEffect":1900,"DressList":[{"ItemId":400}],"ext":{"Type":1,"pre_text":"İyi geceler","Figure":0},"ServerId":1724,"Avatar":4,"VipLv":0,"FashionEffectInfo":[],"Figure":0,"Manifesto":"","ShowId":1724007702,"AvatarBox":1400,"ServerName":"E-S1724","ChatAvatar":"B22_1","Text":"İyi geceler","Nickname":"Bakkalgazi","Id":"5fcc194c29647a00016d21d2","TitleId":0,"Sex":1,"Time":"2020-12-06 02:35:40.709","Lv":8},"Channel":"c"}},"Info":"","Code":0,"Sess":"bsc[02[NoiXTETHr49MuU]w4uzxX"}"}
12-06 02:40:51.856 22423 22514 I Corona  : extra info：	访问时间(ms) ： 1535.8059406281
12-06 02:40:51.856 22423 22514 I Corona  : =============================================
12-06 02:40:51.877 22423 22514 I Corona  : DEBUG: network: Unregistering callback after call
12-06 02:40:51.878 22423 22514 I Corona  : load ad end: 	true	dianchu	c0b8146c-b18e-4159-a169-0a85ffc0f311
12-06 02:40:51.878 22423 22514 I Corona  : getAvailableAd 	time compare 	1607211653	1607211833	ad read dianchu 	nil	table: 0xb0c106f0
12-06 02:40:51.878 22423 22514 I Corona  : monitor create begin
12-06 02:40:51.880 22423 22514 I Corona  : sendAdCreateEndEvent send end
12-06 02:40:51.880 22423 22423 I ADMonitor: EventSender send. mState = stoped
12-06 02:40:51.881 22423 22514 I Corona  : load ad end: 	false	facebook	1207561063_219803391
12-06 02:40:51.881 22423 22514 I Corona  : monitor create begin
12-06 02:40:51.885 22423 22514 I Corona  : sendAdCreateEndEvent send end
12-06 02:40:51.886 22423 22514 I Corona  : begin load ad:	facebook
12-06 02:40:51.886 22423 22514 I Corona  : try load ad	facebook	344133906328361_491808968227520	2131149562_127114793
12-06 02:40:51.890 22423 22423 I ADMonitor: EventSender cancelTimer. mState = stoped
12-06 02:40:51.892 22423 22423 I ADMonitor: EventSender send. mState = running
12-06 02:40:51.904 22423 22514 E FBAudienceNetwork: You can't call load() for ad that is already LOADING, LOADED or SHOWING
12-06 02:40:51.904 22423 22423 I ADMonitor: EventSender cancelTimer. mState = running
12-06 02:40:51.906 22423 22922 I ADMonitor: EventSender runOnce. tid = 808
12-06 02:40:51.906 22423 22514 I Corona  : try load called 	facebook	344133906328361_491808968227520	2131149562_127114793
12-06 02:40:51.906 22423 22514 I Corona  : DEBUG: network: Executing callback - thread: 680
12-06 02:40:51.906 22423 22514 I Corona  : DEBUG: network: Executing callback - runtime luaState: 481770d
12-06 02:40:51.906 22423 22514 I Corona  : DEBUG: network: Calling Lua callback
12-06 02:40:51.907 22423 22514 I Corona  : DEBUG: network: Processing header: HTTP-STATUS-LINE
12-06 02:40:51.907 22423 22514 I Corona  : DEBUG: network: Processing header: Alt-Svc
12-06 02:40:51.907 22423 22514 I Corona  : DEBUG: network: Processing header: Content-Length
12-06 02:40:51.908 22423 22514 I Corona  : DEBUG: network: Processing header: Content-Type
12-06 02:40:51.908 22423 22514 I Corona  : DEBUG: network: Processing header: Date
12-06 02:40:51.908 22423 22514 I Corona  : DEBUG: network: Processing header: Via
12-06 02:40:51.909 22423 22514 I Corona  : DEBUG: network: Processing header: X-Android-Received-Millis
12-06 02:40:51.909 22423 22514 I Corona  : DEBUG: network: Processing header: X-Android-Response-Source
12-06 02:40:51.909 22423 22514 I Corona  : DEBUG: network: Processing header: X-Android-Selected-Protocol
12-06 02:40:51.909 22423 22514 I Corona  : DEBUG: network: Processing header: X-Android-Sent-Millis
12-06 02:40:51.914 22423 22514 I Corona  : 
12-06 02:40:51.914 22423 22514 I Corona  : =============================================
12-06 02:40:51.914 22423 22514 I Corona  : response data：	   cmd : 	18129
12-06 02:40:51.914 22423 22514 I Corona  : {"stat":1,"info":"请求成功","data":"{"Info":"","Code":0,"Sess":"bsc[02[NoiXTETHr49MuU]w4uzxX","Data":{"Unread":0,"Status":1,"RedPoint":{"TimeLimitSynthesis":1,"board":1,"SpecialDiscount":1,"LoginWelfareReceive":1,"achievement":1,"dailyTask":1,"FbFansFeedback":1,"HalloweenAchievementServer":1,"KingBossAchievementServer":1,"SeaKingAchievementServer":1},"SysTime":1607211654}}"}
12-06 02:40:51.914 22423 22514 I Corona  : extra info：	访问时间(ms) ： 431.58411979675
12-06 02:40:51.914 22423 22514 I Corona  : =============================================
12-06 02:40:51.914 22423 22922 I ADMonitor: EventSender runOnce in foreach eventId = 130
12-06 02:40:51.914 22423 22922 I System.out: admonitor url: https://hwsj-hk.clktec.com:22788/frontend/distribute/v2/custom_event
12-06 02:40:51.926 22423 22514 I Corona  : DEBUG: network: Unregistering callback after call
12-06 02:40:51.926 22423 22514 I Corona  : DEBUG: network: Executing callback - thread: 680
12-06 02:40:51.926 22423 22514 I Corona  : DEBUG: network: Executing callback - runtime luaState: 481770d
12-06 02:40:51.926 22423 22514 I Corona  : DEBUG: network: Calling Lua callback
12-06 02:40:51.926 22423 22514 I Corona  : DEBUG: network: Processing header: HTTP-STATUS-LINE
12-06 02:40:51.926 22423 22514 I Corona  : DEBUG: network: Processing header: Alt-Svc
12-06 02:40:51.927 22423 22514 I Corona  : DEBUG: network: Processing header: Content-Length
12-06 02:40:51.927 22423 22514 I Corona  : DEBUG: network: Processing header: Content-Type
12-06 02:40:51.927 22423 22514 I Corona  : DEBUG: network: Processing header: Date
12-06 02:40:51.927 22423 22514 I Corona  : DEBUG: network: Processing header: Via
12-06 02:40:51.927 22423 22514 I Corona  : DEBUG: network: Processing header: X-Android-Received-Millis
12-06 02:40:51.927 22423 22514 I Corona  : DEBUG: network: Processing header: X-Android-Response-Source
12-06 02:40:51.927 22423 22514 I Corona  : DEBUG: network: Processing header: X-Android-Selected-Protocol
12-06 02:40:51.927 22423 22514 I Corona  : DEBUG: network: Processing header: X-Android-Sent-Millis
12-06 02:40:51.930 22423 22925 I ADMonitor: Network Thread name:pool-26-thread-2
12-06 02:40:51.930 22423 22925 I ADMonitor: Network request params: {
12-06 02:40:51.930 22423 22925 I ADMonitor:     "version": "1.8",
12-06 02:40:51.930 22423 22925 I ADMonitor:     "app_id": "1020",
12-06 02:40:51.930 22423 22925 I ADMonitor:     "act_id": "ad_trace_new",
12-06 02:40:51.930 22423 22925 I ADMonitor:     "data": "{\"cp_app_id\":1020,\"oaid\":\"\",\"ad_app_key\":\"3199536a745011e8a870025a896bb440\",\"retail_id\":2,\"mac\":\"cea6e37a9090a087372e188efe8171bd\",\"user_agent\":\"Dalvik\\\/2.1.0 (Linux; U; Android 11; sdk_gphone_x86_arm Build\\\/RSR1.201013.001)\",\"ex_user_agent\":\"null\",\"device_id\":\"fa79a2ce76a0b8be\",\"app_key\":\"bidke6c1fl2gorp69mmg\",\"logical_region_id\":1020,\"os\":\"0\",\"ext\":\"mac:cea6e37a9090a087372e188efe8171bddevice:fa79a2ce76a0b8beUA:Dalvik\\\/2.1.0 (Linux; U; Android 11; sdk_gphone_x86_arm Build\\\/RSR1.201013.001)\",\"missdata\":\"start:\",\"error\":\"\",\"event_id\":\"event_128\",\"event_name\":\"监控变现广告创建\",\"timestamp\":\"1607211651\",\"reserve1\":\"{\\\"is_cutover\\\":0,\\\"type\\\":2,\\\"ad_id\\\":\\\"c0b8146c-b18e-4159-a169-0a85ffc0f311\\\",\\\"ad_revenue_platform_id\\\":4,\\\"load_seconds\\\":0,\\\"ad_position\\\":\\\"incentive\\\/gos\\\/en\\\/v1.0.0\\\/CT02.mp4\\\",\\\"is_success\\\":1}\",\"reserve2\":\"{\\\"version\\\":\\\"2.8.02\\\",\\\"deviceType\\\":\\\"android_id\\\"}\"}"
12-06 02:40:51.930 22423 22925 I ADMonitor: }
12-06 02:40:51.933 22423 22922 I ADMonitor: EventSender runOnce in foreach eventId = 131
12-06 02:40:51.933 22423 22922 I System.out: admonitor url: https://hwsj-hk.clktec.com:22788/frontend/distribute/v2/custom_event
12-06 02:40:51.941 22423 22924 I ADMonitor: EventSender runOnce. tid = 810
12-06 02:40:51.944 22423 22927 I ADMonitor: Network Thread name:pool-26-thread-3
12-06 02:40:51.944 22423 22927 I ADMonitor: Network request params: {
12-06 02:40:51.944 22423 22927 I ADMonitor:     "version": "1.8",
12-06 02:40:51.944 22423 22927 I ADMonitor:     "app_id": "1020",
12-06 02:40:51.944 22423 22927 I ADMonitor:     "act_id": "ad_trace_new",
12-06 02:40:51.944 22423 22927 I ADMonitor:     "data": "{\"cp_app_id\":1020,\"oaid\":\"\",\"ad_app_key\":\"3199536a745011e8a870025a896bb440\",\"retail_id\":2,\"mac\":\"cea6e37a9090a087372e188efe8171bd\",\"user_agent\":\"Dalvik\\\/2.1.0 (Linux; U; Android 11; sdk_gphone_x86_arm Build\\\/RSR1.201013.001)\",\"ex_user_agent\":\"null\",\"device_id\":\"fa79a2ce76a0b8be\",\"app_key\":\"bidke6c1fl2gorp69mmg\",\"logical_region_id\":1020,\"os\":\"0\",\"ext\":\"mac:cea6e37a9090a087372e188efe8171bddevice:fa79a2ce76a0b8beUA:Dalvik\\\/2.1.0 (Linux; U; Android 11; sdk_gphone_x86_arm Build\\\/RSR1.201013.001)\",\"missdata\":\"start:\",\"error\":\"\",\"event_id\":\"event_128\",\"event_name\":\"监控变现广告创建\",\"timestamp\":\"1607211651\",\"reserve1\":\"{\\\"is_cutover\\\":0,\\\"type\\\":1,\\\"ad_id\\\":\\\"1207561063_219803391\\\",\\\"err_code\\\":1001,\\\"ad_revenue_platform_id\\\":2,\\\"load_seconds\\\":0,\\\"ad_position\\\":\\\"344133906328361_589830021758747\\\",\\\"is_success\\\":0}\",\"reserve2\":\"{\\\"version\\\":\\\"2.8.02\\\",\\\"deviceType\\\":\\\"android_id\\\"}\"}"
12-06 02:40:51.944 22423 22927 I ADMonitor: }
12-06 02:40:51.972 22423 22514 I Corona  : 
12-06 02:40:51.972 22423 22514 I Corona  : =============================================
12-06 02:40:51.972 22423 22514 I Corona  : response data：	cmd : 	15000
12-06 02:40:51.972 22423 22514 I Corona  : {"stat":1,"info":"请求成功","data":"{"Data":{"RedPointData":{"Dinner":false,"HalloweenStamina":false,"HeroesHegemonyVitalityFull":false,"FederationCreateInvite":false,"FriendReturnPackage":false,"BounceBallVitality":false,"CompetitionRank":false,"PlayerComebackSignInAward":false,"UniversalBuildingWallHasItem":false,"RamadanTentOpen":false,"SeaKingFood":false,"CrossCompetitionRank":false,"LoginWelfareCounsellorReceive":true,"SwordStageAward":false,"RamadanExchangeExpired":false,"AllianceWar":false,"MarketingPicturePuzzle":false,"GoldSprinterVitality":false,"NewMailNum":1,"BarbarianKingVitalityFull":false,"CrossWarJoin":false,"RamadanFreeTicket":false,"RamadanStew":false,"PlayerComebackUseDart":false,"InteractAttach":false,"InfiniteBattleSpoils":false,"AllianceApply":false,"SeaKingItemAward":false,"TeamInvite":{},"CrossSeaWarVitalityFull":false,"FriendReturnJewelryAward":false,"UniversalShadowPlayHasItem":false,"JanissariesNormalAward":false,"AllianceCarnivalVitality":false,"CrossWarFeast":false,"AllianceTrade":false,"SwordVitality":false,"HalloweenMysteryGift":false,"AllianceCarnivalStageAward":false,"TimeLimit":true,"AllianceAgreeApply":false,"FbInvitation":false,"AllianceDailyTask":false,"KingBossVitality":true,"BoardHasItem":false,"AllianceCarnivalFoodAward":false,"CrossWarVitalityFull":false,"HeroesHegemonyCanDeclare":false,"MarketingAnniversaryCake":false,"SectionAward":false,"CrossWarCheerFull":false,"AllianceWarVitalityFull":false,"CrossCompetitionRankDetail":{},"MarketingDiamondRebate":false,"WorldOrderGift":true,"FriendReturnGem":false,"PlayerComebackTaskTableAward":false,"LampHasItem":false,"HeroesHegemonyArrowFull":false,"StarBlessingDurationFreeTicket":false},"RedPoint":{"SeaKingAchievementServer":1,"board":1,"SpecialDiscount":1,"FbFansFeedback":1,"dailyTask":1,"HalloweenAchievementServer":1,"KingBossAchievementServer":1,"TimeLimitSynthesis":1,"LoginWelfareReceive":1,"achievement":1},"SysTime":1607211654},"Info":"","Code":0,"Sess":"bsc[02[NoiXTETHr49MuU]w4uzxX"}"}
12-06 02:40:51.972 22423 22514 I Corona  : extra info：	访问时间(ms) ： 452.36992835999
12-06 02:40:51.972 22423 22514 I Corona  : =============================================
12-06 02:40:51.996 22423 22514 I Corona  : DEBUG: network: Unregistering callback after call
12-06 02:40:51.997 22423 22514 I Corona  : DEBUG: network: Executing callback - thread: 680
12-06 02:40:51.997 22423 22514 I Corona  : DEBUG: network: Executing callback - runtime luaState: 481770d
12-06 02:40:51.997 22423 22514 I Corona  : DEBUG: network: Calling Lua callback
12-06 02:40:51.998 22423 22514 I Corona  : DEBUG: network: Processing header: HTTP-STATUS-LINE
12-06 02:40:51.998 22423 22514 I Corona  : DEBUG: network: Processing header: Alt-Svc
12-06 02:40:51.998 22423 22514 I Corona  : DEBUG: network: Processing header: Content-Length
12-06 02:40:51.998 22423 22514 I Corona  : DEBUG: network: Processing header: Content-Type
12-06 02:40:51.998 22423 22514 I Corona  : DEBUG: network: Processing header: Date
12-06 02:40:51.998 22423 22514 I Corona  : DEBUG: network: Processing header: Via
12-06 02:40:51.999 22423 22514 I Corona  : DEBUG: network: Processing header: X-Android-Received-Millis
12-06 02:40:51.999 22423 22514 I Corona  : DEBUG: network: Processing header: X-Android-Response-Source
12-06 02:40:51.999 22423 22514 I Corona  : DEBUG: network: Processing header: X-Android-Selected-Protocol
12-06 02:40:51.999 22423 22514 I Corona  : DEBUG: network: Processing header: X-Android-Sent-Millis
12-06 02:40:52.004 22423 22514 I Corona  : 
12-06 02:40:52.004 22423 22514 I Corona  : =============================================
12-06 02:40:52.004 22423 22514 I Corona  : response data：	   cmd : 	12703
12-06 02:40:52.004 22423 22514 I Corona  : {"stat":1,"info":"请求成功","data":"{"Data":{"CashPackCfg":{"PackId":0,"PurchaseNum":0},"RareItemCfg":{"TotalDaysBuying":[{"EndTime":0,"ItemList":[],"MaxProgress":0,"CurrentProgress":0,"NameId":0,"PackageId":0,"CanClaim":false}],"DailyBuying":[{"EndTime":0,"ItemList":[],"MaxProgress":0,"CurrentProgress":0,"NameId":0,"PackageId":0,"CanClaim":false}],"TotalBuying":[{"EndTime":0,"ItemList":[],"MaxProgress":0,"CurrentProgress":0,"NameId":0,"PackageId":0,"CanClaim":false}]},"BeautySexList":[],"RedPoint":{"board":1,"FbFansFeedback":1,"achievement":1,"HalloweenAchievementServer":1,"KingBossAchievementServer":1,"TimeLimitSynthesis":1,"SpecialDiscount":1,"LoginWelfareReceive":1,"dailyTask":1,"SeaKingAchievementServer":1},"SysTime":1607211654,"ValentineCfg":{"IsOpening":false,"StartTime":0,"EndTime":0,"WifeId":0},"UnverifyOrderCfg":{"IsShow":true},"ActivityItemPush":{}},"Info":"","Code":0,"Sess":"bsc[02[NoiXTETHr49MuU]w4uzxX"}"}
12-06 02:40:52.004 22423 22514 I Corona  : extra info：	访问时间(ms) ： 390.21897315979
12-06 02:40:52.004 22423 22514 I Corona  : =============================================
12-06 02:40:52.033 22423 22514 I Corona  : DEBUG: network: Unregistering callback after call
12-06 02:40:52.134 22423 22423 E dcsdk   : Rewarded video ad failed to load: No fill
12-06 02:40:52.151 22423 22514 I Corona  : load ad end: 	false	facebook	2131149562_127114793
12-06 02:40:52.151 22423 22514 I Corona  : monitor create begin
12-06 02:40:52.153 22423 22514 I Corona  : sendAdCreateEndEvent send end
12-06 02:40:52.153 22423 22423 I ADMonitor: EventSender send. mState = running
12-06 02:40:52.154 22423 22514 I Corona  : begin load ad:	facebook
12-06 02:40:52.154 22423 22514 I Corona  : try load ad	facebook	344133906328361_453807595360991	706046239_181792053
12-06 02:40:52.160 22423 22423 I ADMonitor: EventSender cancelTimer. mState = running
12-06 02:40:52.162 22423 22928 I ADMonitor: EventSender runOnce. tid = 813
12-06 02:40:52.166 22423 22928 I ADMonitor: EventSender runOnce in foreach eventId = 132
12-06 02:40:52.166 22423 22928 I System.out: admonitor url: https://hwsj-hk.clktec.com:22788/frontend/distribute/v2/custom_event
12-06 02:40:52.188 22423 22514 E FBAudienceNetwork: You can't call load() for ad that is already LOADING, LOADED or SHOWING
12-06 02:40:52.189 22423 22930 I ADMonitor: Network Thread name:pool-26-thread-4
12-06 02:40:52.190 22423 22514 I Corona  : try load called 	facebook	344133906328361_453807595360991	706046239_181792053
12-06 02:40:52.194 22423 22930 I ADMonitor: Network request params: {
12-06 02:40:52.194 22423 22930 I ADMonitor:     "version": "1.8",
12-06 02:40:52.194 22423 22930 I ADMonitor:     "app_id": "1020",
12-06 02:40:52.194 22423 22930 I ADMonitor:     "act_id": "ad_trace_new",
12-06 02:40:52.194 22423 22930 I ADMonitor:     "data": "{\"cp_app_id\":1020,\"oaid\":\"\",\"ad_app_key\":\"3199536a745011e8a870025a896bb440\",\"retail_id\":2,\"mac\":\"cea6e37a9090a087372e188efe8171bd\",\"user_agent\":\"Dalvik\\\/2.1.0 (Linux; U; Android 11; sdk_gphone_x86_arm Build\\\/RSR1.201013.001)\",\"ex_user_agent\":\"null\",\"device_id\":\"fa79a2ce76a0b8be\",\"app_key\":\"bidke6c1fl2gorp69mmg\",\"logical_region_id\":1020,\"os\":\"0\",\"ext\":\"mac:cea6e37a9090a087372e188efe8171bddevice:fa79a2ce76a0b8beUA:Dalvik\\\/2.1.0 (Linux; U; Android 11; sdk_gphone_x86_arm Build\\\/RSR1.201013.001)\",\"missdata\":\"start:\",\"error\":\"\",\"event_id\":\"event_128\",\"event_name\":\"监控变现广告创建\",\"timestamp\":\"1607211652\",\"reserve1\":\"{\\\"is_cutover\\\":0,\\\"type\\\":1,\\\"ad_id\\\":\\\"2131149562_127114793\\\",\\\"err_code\\\":1001,\\\"ad_revenue_platform_id\\\":2,\\\"load_seconds\\\":1,\\\"ad_position\\\":\\\"344133906328361_491808968227520\\\",\\\"is_success\\\":0}\",\"reserve2\":\"{\\\"version\\\":\\\"2.8.02\\\",\\\"deviceType\\\":\\\"android_id\\\"}\"}"
12-06 02:40:52.194 22423 22930 I ADMonitor: }
12-06 02:40:52.384 22423 22820 D com.dc.hwsj: PlayerBase::stop() from IPlayer
12-06 02:40:52.384 22423 22820 D AudioTrack: stop(23): called with 339570 frames delivered
12-06 02:40:52.408 22423 22423 E dcsdk   : Rewarded video ad failed to load: No fill
12-06 02:40:52.411   208   208 E SELinux : avc:  denied  { find } for pid=22933 uid=2000 name=car_service scontext=u:r:shell:s0 tcontext=u:object_r:default_android_service:s0 tclass=service_manager permissive=0
12-06 02:40:52.411 22933 22933 W cmd     : Can't find service car_service
12-06 02:40:52.422 22423 22514 I Corona  : load ad end: 	false	facebook	706046239_181792053
12-06 02:40:52.422 22423 22514 I Corona  : monitor create begin
12-06 02:40:52.424 22423 22514 I Corona  : sendAdCreateEndEvent send end
12-06 02:40:52.424 22423 22423 I ADMonitor: EventSender send. mState = running
12-06 02:40:52.429 22423 22514 I Corona  : begin load ad:	facebook
12-06 02:40:52.430 22423 22514 I Corona  : try load ad	facebook	344133906328361_472910486784035	764679679_22012171
12-06 02:40:52.438 22423 22423 I ADMonitor: EventSender cancelTimer. mState = running
12-06 02:40:52.442 22423 22937 I ADMonitor: EventSender runOnce. tid = 816
12-06 02:40:52.447 22423 22514 E FBAudienceNetwork: You can't call load() for ad that is already LOADING, LOADED or SHOWING
12-06 02:40:52.448 22423 22937 I ADMonitor: EventSender runOnce in foreach eventId = 133
12-06 02:40:52.448 22423 22937 I System.out: admonitor url: https://hwsj-hk.clktec.com:22788/frontend/distribute/v2/custom_event
12-06 02:40:52.451 22423 22514 I Corona  : try load called 	facebook	344133906328361_472910486784035	764679679_22012171
12-06 02:40:52.480 22423 22939 I ADMonitor: Network Thread name:pool-26-thread-5
12-06 02:40:52.481 22423 22939 I ADMonitor: Network request params: {
12-06 02:40:52.481 22423 22939 I ADMonitor:     "version": "1.8",
12-06 02:40:52.481 22423 22939 I ADMonitor:     "app_id": "1020",
12-06 02:40:52.481 22423 22939 I ADMonitor:     "act_id": "ad_trace_new",
12-06 02:40:52.481 22423 22939 I ADMonitor:     "data": "{\"cp_app_id\":1020,\"oaid\":\"\",\"ad_app_key\":\"3199536a745011e8a870025a896bb440\",\"retail_id\":2,\"mac\":\"cea6e37a9090a087372e188efe8171bd\",\"user_agent\":\"Dalvik\\\/2.1.0 (Linux; U; Android 11; sdk_gphone_x86_arm Build\\\/RSR1.201013.001)\",\"ex_user_agent\":\"null\",\"device_id\":\"fa79a2ce76a0b8be\",\"app_key\":\"bidke6c1fl2gorp69mmg\",\"logical_region_id\":1020,\"os\":\"0\",\"ext\":\"mac:cea6e37a9090a087372e188efe8171bddevice:fa79a2ce76a0b8beUA:Dalvik\\\/2.1.0 (Linux; U; Android 11; sdk_gphone_x86_arm Build\\\/RSR1.201013.001)\",\"missdata\":\"start:\",\"error\":\"\",\"event_id\":\"event_128\",\"event_name\":\"监控变现广告创建\",\"timestamp\":\"1607211652\",\"reserve1\":\"{\\\"is_cutover\\\":0,\\\"type\\\":1,\\\"ad_id\\\":\\\"706046239_181792053\\\",\\\"err_code\\\":1001,\\\"ad_revenue_platform_id\\\":2,\\\"load_seconds\\\":0,\\\"ad_position\\\":\\\"344133906328361_453807595360991\\\",\\\"is_success\\\":0}\",\"reserve2\":\"{\\\"version\\\":\\\"2.8.02\\\",\\\"deviceType\\\":\\\"android_id\\\"}\"}"
12-06 02:40:52.481 22423 22939 I ADMonitor: }
12-06 02:40:52.663 22423 22423 E dcsdk   : Rewarded video ad failed to load: No fill
12-06 02:40:52.668 22423 22514 I Corona  : load ad end: 	false	facebook	764679679_22012171
12-06 02:40:52.668 22423 22514 I Corona  : monitor create begin
12-06 02:40:52.670 22423 22423 I ADMonitor: EventSender send. mState = running
12-06 02:40:52.674 22423 22514 I Corona  : sendAdCreateEndEvent send end
12-06 02:40:52.676 22423 22514 I Corona  : begin load ad:	google
12-06 02:40:52.683 22423 22423 I ADMonitor: EventSender cancelTimer. mState = running
12-06 02:40:52.685 22423 22940 I ADMonitor: EventSender runOnce. tid = 819
12-06 02:40:52.689 22423 22940 I ADMonitor: EventSender runOnce in foreach eventId = 134
12-06 02:40:52.689 22423 22940 I System.out: admonitor url: https://hwsj-hk.clktec.com:22788/frontend/distribute/v2/custom_event
12-06 02:40:52.689 22423 22632 I ADMonitor: Network Thread name:pool-26-thread-1
12-06 02:40:52.690 22423 22632 I ADMonitor: Network request params: {
12-06 02:40:52.690 22423 22632 I ADMonitor:     "version": "1.8",
12-06 02:40:52.690 22423 22632 I ADMonitor:     "app_id": "1020",
12-06 02:40:52.690 22423 22632 I ADMonitor:     "act_id": "ad_trace_new",
12-06 02:40:52.690 22423 22632 I ADMonitor:     "data": "{\"cp_app_id\":1020,\"oaid\":\"\",\"ad_app_key\":\"3199536a745011e8a870025a896bb440\",\"retail_id\":2,\"mac\":\"cea6e37a9090a087372e188efe8171bd\",\"user_agent\":\"Dalvik\\\/2.1.0 (Linux; U; Android 11; sdk_gphone_x86_arm Build\\\/RSR1.201013.001)\",\"ex_user_agent\":\"null\",\"device_id\":\"fa79a2ce76a0b8be\",\"app_key\":\"bidke6c1fl2gorp69mmg\",\"logical_region_id\":1020,\"os\":\"0\",\"ext\":\"mac:cea6e37a9090a087372e188efe8171bddevice:fa79a2ce76a0b8beUA:Dalvik\\\/2.1.0 (Linux; U; Android 11; sdk_gphone_x86_arm Build\\\/RSR1.201013.001)\",\"missdata\":\"start:\",\"error\":\"\",\"event_id\":\"event_128\",\"event_name\":\"监控变现广告创建\",\"timestamp\":\"1607211652\",\"reserve1\":\"{\\\"is_cutover\\\":0,\\\"type\\\":1,\\\"ad_id\\\":\\\"764679679_22012171\\\",\\\"err_code\\\":1001,\\\"ad_revenue_platform_id\\\":2,\\\"load_seconds\\\":0,\\\"ad_position\\\":\\\"344133906328361_472910486784035\\\",\\\"is_success\\\":0}\",\"reserve2\":\"{\\\"version\\\":\\\"2.8.02\\\",\\\"deviceType\\\":\\\"android_id\\\"}\"}"
12-06 02:40:52.690 22423 22632 I ADMonitor: }
12-06 02:40:52.700 22423 22514 I Corona  : try load ad	google	ca-app-pub-4099651208595518/3668110368	0-9662205-1607211652676
12-06 02:40:52.702 22423 22514 I Corona  : try load called 	google	ca-app-pub-4099651208595518/3668110368	0-9662205-1607211652676
12-06 02:40:52.705 22423 22423 I Ads     : This request is sent from a test device.
12-06 02:40:52.722 22423 22925 I ADMonitor: Network request successful, result: {"data":"{\"info\":\"ok\",\"status\":1}","info":"请求成功","stat":1}
12-06 02:40:52.795 22423 22526 D zzex    : File /data/user/0/com.dc.hwsj/cache/1588462714860.dex not found. No need for deletion
12-06 02:40:52.799 22423 22927 I ADMonitor: Network request successful, result: {"data":"{\"info\":\"ok\",\"status\":1}","info":"请求成功","stat":1}
12-06 02:40:52.834 22423 22423 I DynamiteModule: Considering local module com.google.android.gms.ads.dynamite:0 and remote module com.google.android.gms.ads.dynamite:21400
12-06 02:40:52.834 22423 22423 I DynamiteModule: Selected remote version of com.google.android.gms.ads.dynamite, version >= 21400
12-06 02:40:52.834 22423 22423 V DynamiteModule: Dynamite loader version >= 2, using loadModule2NoCrashUtils
12-06 02:40:52.923  1611  2199 W SQLiteLog: (28) double-quoted string literal: "1607038852922"
12-06 02:40:52.923  1611  2199 W SQLiteLog: (28) double-quoted string literal: "1"
12-06 02:40:53.051 22423 22930 I ADMonitor: Network request successful, result: {"data":"{\"info\":\"ok\",\"status\":1}","info":"请求成功","stat":1}
12-06 02:40:53.301 22423 22939 I ADMonitor: Network request successful, result: {"data":"{\"info\":\"ok\",\"status\":1}","info":"请求成功","stat":1}
12-06 02:40:53.329  1611 11306 W SQLiteLog: (28) double-quoted string literal: "1607038853328"
12-06 02:40:53.329  1611 11306 W SQLiteLog: (28) double-quoted string literal: "1"
12-06 02:40:53.343   208   208 E SELinux : avc:  denied  { find } for pid=22983 uid=2000 name=car_service scontext=u:r:shell:s0 tcontext=u:object_r:default_android_service:s0 tclass=service_manager permissive=0
12-06 02:40:53.344 22983 22983 W cmd     : Can't find service car_service
12-06 02:40:53.344  1611  2651 I Icing   : IndexChimeraService.getServiceInterface callingPackage=com.google.android.gms componentName=null serviceId=36 [CONTEXT service_id=21 ]
12-06 02:40:53.354  1611 11306 I Ads     : SDK version: afma-sdk-a-v202006000.202006000.0
12-06 02:40:53.355  1611 20325 W Icing   : No valid account for uploading user actions [CONTEXT service_id=21 ]
12-06 02:40:53.355  1611  2651 I Icing   : IndexChimeraService.getServiceInterface callingPackage=com.google.android.gms componentName=null serviceId=30 [CONTEXT service_id=21 ]
12-06 02:40:53.374  1611 20325 I Icing   : Usage reports ok 1, Failed Usage reports 0, indexed 0, rejected 0 [CONTEXT service_id=21 ]
12-06 02:40:53.376  1611 20325 W Icing   : No valid account for uploading user actions [CONTEXT service_id=21 ]
12-06 02:40:53.384  1611 20325 I Icing   : Usage reports ok 0, Failed Usage reports 0, indexed 0, rejected 0 [CONTEXT service_id=21 ]
12-06 02:40:53.441 22423 22632 I ADMonitor: Network request successful, result: {"data":"{\"info\":\"ok\",\"status\":1}","info":"请求成功","stat":1}
12-06 02:40:53.940  1611  2199 W SQLiteLog: (28) double-quoted string literal: "1607038853940"
12-06 02:40:53.940  1611  2199 W SQLiteLog: (28) double-quoted string literal: "1"
12-06 02:40:54.353   208   208 E SELinux : avc:  denied  { find } for pid=22993 uid=2000 name=car_service scontext=u:r:shell:s0 tcontext=u:object_r:default_android_service:s0 tclass=service_manager permissive=0
12-06 02:40:54.353 22993 22993 W cmd     : Can't find service car_service
12-06 02:40:54.404 22423 22514 I SoundDecoder: MPG123: Accepting data stream.
12-06 02:40:54.473 22423 22423 W UnityMediationAdapter: 102: Received onUnityAdsPlacementStateChanged() callback with state NO_FILL for placement ID: ANROIDRU
12-06 02:40:54.487 22423 23000 I Repository:  Searching for valid adv for pl RU1-0304776
12-06 02:40:54.491 22423 22514 I SoundDecoder: MPG123: Accepting data stream.
12-06 02:40:54.494 22423 23000 I Repository: Found valid adv 5fcbca38403d1c0001e3b34b
12-06 02:40:54.544  1241 19894 E SQLiteDatabase: Error inserting flex_time=3555000 job_id=-1 period=7112000 source=16 requires_charging=0 preferred_network_type=1 target_class=com.google.android.gms.measurement.PackageMeasurementTaskService user_id=0 target_package=com.google.android.gms tag=Measurement.PackageMeasurementTaskService.UPLOAD_TASK_TAG task_type=0 required_idleness_state=0 service_kind=0 source_version=201817000 persistence_level=1 preferred_charging_state=1 required_network_type=0 runtime=1607211654542 retry_strategy={"maximum_backoff_seconds":{"3600":0},"initial_backoff_seconds":{"30":0},"retry_policy":{"0":0}} last_runtime=0
12-06 02:40:54.544  1241 19894 E SQLiteDatabase: android.database.sqlite.SQLiteConstraintException: UNIQUE constraint failed: pending_ops.tag, pending_ops.target_class, pending_ops.target_package, pending_ops.user_id (code 2067 SQLITE_CONSTRAINT_UNIQUE)
12-06 02:40:54.544  1241 19894 E SQLiteDatabase: 	at android.database.sqlite.SQLiteConnection.nativeExecuteForLastInsertedRowId(Native Method)
12-06 02:40:54.544  1241 19894 E SQLiteDatabase: 	at android.database.sqlite.SQLiteConnection.executeForLastInsertedRowId(SQLiteConnection.java:938)
12-06 02:40:54.544  1241 19894 E SQLiteDatabase: 	at android.database.sqlite.SQLiteSession.executeForLastInsertedRowId(SQLiteSession.java:790)
12-06 02:40:54.544  1241 19894 E SQLiteDatabase: 	at android.database.sqlite.SQLiteStatement.executeInsert(SQLiteStatement.java:88)
12-06 02:40:54.544  1241 19894 E SQLiteDatabase: 	at android.database.sqlite.SQLiteDatabase.insertWithOnConflict(SQLiteDatabase.java:1701)
12-06 02:40:54.544  1241 19894 E SQLiteDatabase: 	at android.database.sqlite.SQLiteDatabase.insert(SQLiteDatabase.java:1570)
12-06 02:40:54.544  1241 19894 E SQLiteDatabase: 	at apla.a(:com.google.android.gms@201817022@20.18.17 (040700-311416286):78)
12-06 02:40:54.544  1241 19894 E SQLiteDatabase: 	at apkp.a(:com.google.android.gms@201817022@20.18.17 (040700-311416286):196)
12-06 02:40:54.544  1241 19894 E SQLiteDatabase: 	at apkp.a(:com.google.android.gms@201817022@20.18.17 (040700-311416286):20)
12-06 02:40:54.544  1241 19894 E SQLiteDatabase: 	at apkp.a(:com.google.android.gms@201817022@20.18.17 (040700-311416286):190)
12-06 02:40:54.544  1241 19894 E SQLiteDatabase: 	at apgy.run(:com.google.android.gms@201817022@20.18.17 (040700-311416286):8)
12-06 02:40:54.544  1241 19894 E SQLiteDatabase: 	at sji.b(:com.google.android.gms@201817022@20.18.17 (040700-311416286):12)
12-06 02:40:54.544  1241 19894 E SQLiteDatabase: 	at sji.run(:com.google.android.gms@201817022@20.18.17 (040700-311416286):7)
12-06 02:40:54.544  1241 19894 E SQLiteDatabase: 	at java.util.concurrent.ThreadPoolExecutor.runWorker(ThreadPoolExecutor.java:1167)
12-06 02:40:54.544  1241 19894 E SQLiteDatabase: 	at java.util.concurrent.ThreadPoolExecutor$Worker.run(ThreadPoolExecutor.java:641)
12-06 02:40:54.544  1241 19894 E SQLiteDatabase: 	at spj.run(:com.google.android.gms@201817022@20.18.17 (040700-311416286):0)
12-06 02:40:54.544  1241 19894 E SQLiteDatabase: 	at java.lang.Thread.run(Thread.java:923)
12-06 02:40:54.852 22423 22514 I Corona  : load ad end: 	true	google	0-9662205-1607211652676
12-06 02:40:54.852 22423 22514 I Corona  : getAvailableAd 	time compare 	1607211656	1607211833	ad read dianchu 	table: 0xaa77a5a0	table: 0xb0c106f0
12-06 02:40:54.852 22423 22514 I Corona  : monitor create begin
12-06 02:40:54.854 22423 22514 I Corona  : sendAdCreateEndEvent send end
12-06 02:40:54.854 22423 22423 I ADMonitor: EventSender send. mState = running
12-06 02:40:54.865 22423 22423 I ADMonitor: EventSender cancelTimer. mState = running
12-06 02:40:54.866 22423 23006 I ADMonitor: EventSender runOnce. tid = 859
12-06 02:40:54.870 22423 23006 I ADMonitor: EventSender runOnce in foreach eventId = 135
12-06 02:40:54.870 22423 23006 I System.out: admonitor url: https://hwsj-hk.clktec.com:22788/frontend/distribute/v2/custom_event
12-06 02:40:54.870 22423 22925 I ADMonitor: Network Thread name:pool-26-thread-2
12-06 02:40:54.870 22423 22925 I ADMonitor: Network request params: {
12-06 02:40:54.870 22423 22925 I ADMonitor:     "version": "1.8",
12-06 02:40:54.870 22423 22925 I ADMonitor:     "app_id": "1020",
12-06 02:40:54.870 22423 22925 I ADMonitor:     "act_id": "ad_trace_new",
12-06 02:40:54.870 22423 22925 I ADMonitor:     "data": "{\"cp_app_id\":1020,\"oaid\":\"\",\"ad_app_key\":\"3199536a745011e8a870025a896bb440\",\"retail_id\":2,\"mac\":\"cea6e37a9090a087372e188efe8171bd\",\"user_agent\":\"Dalvik\\\/2.1.0 (Linux; U; Android 11; sdk_gphone_x86_arm Build\\\/RSR1.201013.001)\",\"ex_user_agent\":\"null\",\"device_id\":\"fa79a2ce76a0b8be\",\"app_key\":\"bidke6c1fl2gorp69mmg\",\"logical_region_id\":1020,\"os\":\"0\",\"ext\":\"mac:cea6e37a9090a087372e188efe8171bddevice:fa79a2ce76a0b8beUA:Dalvik\\\/2.1.0 (Linux; U; Android 11; sdk_gphone_x86_arm Build\\\/RSR1.201013.001)\",\"missdata\":\"start:\",\"error\":\"\",\"event_id\":\"event_128\",\"event_name\":\"监控变现广告创建\",\"timestamp\":\"1607211654\",\"reserve1\":\"{\\\"is_cutover\\\":0,\\\"type\\\":1,\\\"ad_id\\\":\\\"0-9662205-1607211652676\\\",\\\"ad_revenue_platform_id\\\":3,\\\"load_seconds\\\":2,\\\"ad_position\\\":\\\"ca-app-pub-4099651208595518\\\/3668110368\\\",\\\"is_success\\\":1}\",\"reserve2\":\"{\\\"version\\\":\\\"2.8.02\\\",\\\"deviceType\\\":\\\"android_id\\\"}\"}"
12-06 02:40:54.870 22423 22925 I ADMonitor: }
12-06 02:40:55.120 22423 22925 I ADMonitor: Network request successful, result: {"data":"{\"info\":\"ok\",\"status\":1}","info":"请求成功","stat":1}
